Archive member included to satisfy reference by file (symbol)

d:/st/stm32cubeide_1.7.0/stm32cubeide/plugins/com.st.stm32cube.ide.mcu.externaltools.gnu-tools-for-stm32.9-2020-q2-update.win32_2.0.0.202105311346/tools/bin/../lib/gcc/arm-none-eabi/9.3.1/../../../../arm-none-eabi/lib/thumb/v7e-m+fp/hard\libc_nano.a(lib_a-errno.o)
                              ./Core/Src/syscalls.o (__errno)
d:/st/stm32cubeide_1.7.0/stm32cubeide/plugins/com.st.stm32cube.ide.mcu.externaltools.gnu-tools-for-stm32.9-2020-q2-update.win32_2.0.0.202105311346/tools/bin/../lib/gcc/arm-none-eabi/9.3.1/../../../../arm-none-eabi/lib/thumb/v7e-m+fp/hard\libc_nano.a(lib_a-exit.o)
                              d:/st/stm32cubeide_1.7.0/stm32cubeide/plugins/com.st.stm32cube.ide.mcu.externaltools.gnu-tools-for-stm32.9-2020-q2-update.win32_2.0.0.202105311346/tools/bin/../lib/gcc/arm-none-eabi/9.3.1/../../../../arm-none-eabi/lib/thumb/v7e-m+fp/hard/crt0.o (exit)
d:/st/stm32cubeide_1.7.0/stm32cubeide/plugins/com.st.stm32cube.ide.mcu.externaltools.gnu-tools-for-stm32.9-2020-q2-update.win32_2.0.0.202105311346/tools/bin/../lib/gcc/arm-none-eabi/9.3.1/../../../../arm-none-eabi/lib/thumb/v7e-m+fp/hard\libc_nano.a(lib_a-impure.o)
                              d:/st/stm32cubeide_1.7.0/stm32cubeide/plugins/com.st.stm32cube.ide.mcu.externaltools.gnu-tools-for-stm32.9-2020-q2-update.win32_2.0.0.202105311346/tools/bin/../lib/gcc/arm-none-eabi/9.3.1/../../../../arm-none-eabi/lib/thumb/v7e-m+fp/hard\libc_nano.a(lib_a-exit.o) (_global_impure_ptr)
d:/st/stm32cubeide_1.7.0/stm32cubeide/plugins/com.st.stm32cube.ide.mcu.externaltools.gnu-tools-for-stm32.9-2020-q2-update.win32_2.0.0.202105311346/tools/bin/../lib/gcc/arm-none-eabi/9.3.1/../../../../arm-none-eabi/lib/thumb/v7e-m+fp/hard\libc_nano.a(lib_a-init.o)
                              d:/st/stm32cubeide_1.7.0/stm32cubeide/plugins/com.st.stm32cube.ide.mcu.externaltools.gnu-tools-for-stm32.9-2020-q2-update.win32_2.0.0.202105311346/tools/bin/../lib/gcc/arm-none-eabi/9.3.1/../../../../arm-none-eabi/lib/thumb/v7e-m+fp/hard/crt0.o (__libc_init_array)
d:/st/stm32cubeide_1.7.0/stm32cubeide/plugins/com.st.stm32cube.ide.mcu.externaltools.gnu-tools-for-stm32.9-2020-q2-update.win32_2.0.0.202105311346/tools/bin/../lib/gcc/arm-none-eabi/9.3.1/../../../../arm-none-eabi/lib/thumb/v7e-m+fp/hard\libc_nano.a(lib_a-malloc.o)
                              ./Middlewares/ST/STM32_USB_Host_Library/Class/MSC/Src/usbh_msc.o (malloc)
d:/st/stm32cubeide_1.7.0/stm32cubeide/plugins/com.st.stm32cube.ide.mcu.externaltools.gnu-tools-for-stm32.9-2020-q2-update.win32_2.0.0.202105311346/tools/bin/../lib/gcc/arm-none-eabi/9.3.1/../../../../arm-none-eabi/lib/thumb/v7e-m+fp/hard\libc_nano.a(lib_a-memcpy-stub.o)
                              ./Middlewares/ST/STM32_USB_Host_Library/Class/MSC/Src/usbh_msc.o (memcpy)
d:/st/stm32cubeide_1.7.0/stm32cubeide/plugins/com.st.stm32cube.ide.mcu.externaltools.gnu-tools-for-stm32.9-2020-q2-update.win32_2.0.0.202105311346/tools/bin/../lib/gcc/arm-none-eabi/9.3.1/../../../../arm-none-eabi/lib/thumb/v7e-m+fp/hard\libc_nano.a(lib_a-memset.o)
                              d:/st/stm32cubeide_1.7.0/stm32cubeide/plugins/com.st.stm32cube.ide.mcu.externaltools.gnu-tools-for-stm32.9-2020-q2-update.win32_2.0.0.202105311346/tools/bin/../lib/gcc/arm-none-eabi/9.3.1/../../../../arm-none-eabi/lib/thumb/v7e-m+fp/hard/crt0.o (memset)
d:/st/stm32cubeide_1.7.0/stm32cubeide/plugins/com.st.stm32cube.ide.mcu.externaltools.gnu-tools-for-stm32.9-2020-q2-update.win32_2.0.0.202105311346/tools/bin/../lib/gcc/arm-none-eabi/9.3.1/../../../../arm-none-eabi/lib/thumb/v7e-m+fp/hard\libc_nano.a(lib_a-nano-freer.o)
                              d:/st/stm32cubeide_1.7.0/stm32cubeide/plugins/com.st.stm32cube.ide.mcu.externaltools.gnu-tools-for-stm32.9-2020-q2-update.win32_2.0.0.202105311346/tools/bin/../lib/gcc/arm-none-eabi/9.3.1/../../../../arm-none-eabi/lib/thumb/v7e-m+fp/hard\libc_nano.a(lib_a-malloc.o) (_free_r)
d:/st/stm32cubeide_1.7.0/stm32cubeide/plugins/com.st.stm32cube.ide.mcu.externaltools.gnu-tools-for-stm32.9-2020-q2-update.win32_2.0.0.202105311346/tools/bin/../lib/gcc/arm-none-eabi/9.3.1/../../../../arm-none-eabi/lib/thumb/v7e-m+fp/hard\libc_nano.a(lib_a-nano-mallocr.o)
                              d:/st/stm32cubeide_1.7.0/stm32cubeide/plugins/com.st.stm32cube.ide.mcu.externaltools.gnu-tools-for-stm32.9-2020-q2-update.win32_2.0.0.202105311346/tools/bin/../lib/gcc/arm-none-eabi/9.3.1/../../../../arm-none-eabi/lib/thumb/v7e-m+fp/hard\libc_nano.a(lib_a-malloc.o) (_malloc_r)
d:/st/stm32cubeide_1.7.0/stm32cubeide/plugins/com.st.stm32cube.ide.mcu.externaltools.gnu-tools-for-stm32.9-2020-q2-update.win32_2.0.0.202105311346/tools/bin/../lib/gcc/arm-none-eabi/9.3.1/../../../../arm-none-eabi/lib/thumb/v7e-m+fp/hard\libc_nano.a(lib_a-printf.o)
                              ./Core/Src/main.o (printf)
[...]
Memory Configuration

Name             Origin             Length             Attributes
CCMRAM           0x0000000010000000 0x0000000000010000 xrw
RAM              0x0000000020000000 0x0000000000020000 xrw
FLASH            0x0000000008000000 0x0000000000100000 xr
SRAM             0x0000000068000000 0x0000000000100000 xr
*default*        0x0000000000000000 0xffffffffffffffff

Linker script and memory map

LOAD d:/st/stm32cubeide_1.7.0/stm32cubeide/plugins/com.st.stm32cube.ide.mcu.externaltools.gnu-tools-for-stm32.9-2020-q2-update.win32_2.0.0.202105311346/tools/bin/../lib/gcc/arm-none-eabi/9.3.1/thumb/v7e-m+fp/hard/crti.o
LOAD d:/st/stm32cubeide_1.7.0/stm32cubeide/plugins/com.st.stm32cube.ide.mcu.externaltools.gnu-tools-for-stm32.9-2020-q2-update.win32_2.0.0.202105311346/tools/bin/../lib/gcc/arm-none-eabi/9.3.1/thumb/v7e-m+fp/hard/crtbegin.o
LOAD d:/st/stm32cubeide_1.7.0/stm32cubeide/plugins/com.st.stm32cube.ide.mcu.externaltools.gnu-tools-for-stm32.9-2020-q2-update.win32_2.0.0.202105311346/tools/bin/../lib/gcc/arm-none-eabi/9.3.1/../../../../arm-none-eabi/lib/thumb/v7e-m+fp/hard/crt0.o
LOAD ./Core/Src/main.o
LOAD ./Core/Src/ov2640.o
LOAD ./Core/Src/stm32f4xx_hal_msp.o
LOAD ./Core/Src/stm32f4xx_it.o
LOAD ./Core/Src/syscalls.o
LOAD ./Core/Src/sysmem.o
LOAD ./Core/Src/system_stm32f4xx.o
LOAD ./Core/Startup/startup_stm32f407zgtx.o
LOAD ./Drivers/STM32F4xx_HAL_Driver/Src/stm32f4xx_hal.o
LOAD ./Drivers/STM32F4xx_HAL_Driver/Src/stm32f4xx_hal_cortex.o
LOAD ./Drivers/STM32F4xx_HAL_Driver/Src/stm32f4xx_hal_dcmi.o
LOAD ./Drivers/STM32F4xx_HAL_Driver/Src/stm32f4xx_hal_dcmi_ex.o
LOAD ./Drivers/STM32F4xx_HAL_Driver/Src/stm32f4xx_hal_dma.o
LOAD ./Drivers/STM32F4xx_HAL_Driver/Src/stm32f4xx_hal_dma_ex.o
LOAD ./Drivers/STM32F4xx_HAL_Driver/Src/stm32f4xx_hal_exti.o
LOAD ./Drivers/STM32F4xx_HAL_Driver/Src/stm32f4xx_hal_flash.o
LOAD ./Drivers/STM32F4xx_HAL_Driver/Src/stm32f4xx_hal_flash_ex.o
LOAD ./Drivers/STM32F4xx_HAL_Driver/Src/stm32f4xx_hal_flash_ramfunc.o
LOAD ./Drivers/STM32F4xx_HAL_Driver/Src/stm32f4xx_hal_gpio.o
LOAD ./Drivers/STM32F4xx_HAL_Driver/Src/stm32f4xx_hal_hcd.o
LOAD ./Drivers/STM32F4xx_HAL_Driver/Src/stm32f4xx_hal_pwr.o
LOAD ./Drivers/STM32F4xx_HAL_Driver/Src/stm32f4xx_hal_pwr_ex.o
LOAD ./Drivers/STM32F4xx_HAL_Driver/Src/stm32f4xx_hal_rcc.o
LOAD ./Drivers/STM32F4xx_HAL_Driver/Src/stm32f4xx_hal_rcc_ex.o
LOAD ./Drivers/STM32F4xx_HAL_Driver/Src/stm32f4xx_hal_sram.o
LOAD ./Drivers/STM32F4xx_HAL_Driver/Src/stm32f4xx_hal_tim.o
LOAD ./Drivers/STM32F4xx_HAL_Driver/Src/stm32f4xx_hal_tim_ex.o
LOAD ./Drivers/STM32F4xx_HAL_Driver/Src/stm32f4xx_hal_uart.o
LOAD ./Drivers/STM32F4xx_HAL_Driver/Src/stm32f4xx_ll_fsmc.o
LOAD ./Drivers/STM32F4xx_HAL_Driver/Src/stm32f4xx_ll_usb.o
LOAD ./FATFS/App/fatfs.o
LOAD ./FATFS/Target/usbh_diskio.o
LOAD ./Middlewares/ST/STM32_USB_Host_Library/Class/MSC/Src/usbh_msc.o
LOAD ./Middlewares/ST/STM32_USB_Host_Library/Class/MSC/Src/usbh_msc_bot.o
LOAD ./Middlewares/ST/STM32_USB_Host_Library/Class/MSC/Src/usbh_msc_scsi.o
LOAD ./Middlewares/ST/STM32_USB_Host_Library/Core/Src/usbh_core.o
LOAD ./Middlewares/ST/STM32_USB_Host_Library/Core/Src/usbh_ctlreq.o
LOAD ./Middlewares/ST/STM32_USB_Host_Library/Core/Src/usbh_ioreq.o
LOAD ./Middlewares/ST/STM32_USB_Host_Library/Core/Src/usbh_pipes.o
LOAD ./Middlewares/Third_Party/FatFs/src/diskio.o
LOAD ./Middlewares/Third_Party/FatFs/src/ff.o
LOAD ./Middlewares/Third_Party/FatFs/src/ff_gen_drv.o
LOAD ./Middlewares/Third_Party/FatFs/src/option/syscall.o
LOAD ./USB_HOST/App/usb_host.o
LOAD ./USB_HOST/Target/usbh_conf.o
LOAD ./USB_HOST/Target/usbh_platform.o
START GROUP
LOAD d:/st/stm32cubeide_1.7.0/stm32cubeide/plugins/com.st.stm32cube.ide.mcu.externaltools.gnu-tools-for-stm32.9-2020-q2-update.win32_2.0.0.202105311346/tools/bin/../lib/gcc/arm-none-eabi/9.3.1/../../../../arm-none-eabi/lib/thumb/v7e-m+fp/hard\libc_nano.a
LOAD d:/st/stm32cubeide_1.7.0/stm32cubeide/plugins/com.st.stm32cube.ide.mcu.externaltools.gnu-tools-for-stm32.9-2020-q2-update.win32_2.0.0.202105311346/tools/bin/../lib/gcc/arm-none-eabi/9.3.1/../../../../arm-none-eabi/lib/thumb/v7e-m+fp/hard\libm.a
END GROUP
START GROUP
LOAD d:/st/stm32cubeide_1.7.0/stm32cubeide/plugins/com.st.stm32cube.ide.mcu.externaltools.gnu-tools-for-stm32.9-2020-q2-update.win32_2.0.0.202105311346/tools/bin/../lib/gcc/arm-none-eabi/9.3.1/thumb/v7e-m+fp/hard\libgcc.a
LOAD d:/st/stm32cubeide_1.7.0/stm32cubeide/plugins/com.st.stm32cube.ide.mcu.externaltools.gnu-tools-for-stm32.9-2020-q2-update.win32_2.0.0.202105311346/tools/bin/../lib/gcc/arm-none-eabi/9.3.1/../../../../arm-none-eabi/lib/thumb/v7e-m+fp/hard\libc_nano.a
END GROUP
START GROUP
LOAD d:/st/stm32cubeide_1.7.0/stm32cubeide/plugins/com.st.stm32cube.ide.mcu.externaltools.gnu-tools-for-stm32.9-2020-q2-update.win32_2.0.0.202105311346/tools/bin/../lib/gcc/arm-none-eabi/9.3.1/thumb/v7e-m+fp/hard\libgcc.a
LOAD d:/st/stm32cubeide_1.7.0/stm32cubeide/plugins/com.st.stm32cube.ide.mcu.externaltools.gnu-tools-for-stm32.9-2020-q2-update.win32_2.0.0.202105311346/tools/bin/../lib/gcc/arm-none-eabi/9.3.1/../../../../arm-none-eabi/lib/thumb/v7e-m+fp/hard\libc_nano.a
LOAD d:/st/stm32cubeide_1.7.0/stm32cubeide/plugins/com.st.stm32cube.ide.mcu.externaltools.gnu-tools-for-stm32.9-2020-q2-update.win32_2.0.0.202105311346/tools/bin/../lib/gcc/arm-none-eabi/9.3.1/../../../../arm-none-eabi/lib/thumb/v7e-m+fp/hard\libnosys.a
END GROUP
START GROUP
LOAD d:/st/stm32cubeide_1.7.0/stm32cubeide/plugins/com.st.stm32cube.ide.mcu.externaltools.gnu-tools-for-stm32.9-2020-q2-update.win32_2.0.0.202105311346/tools/bin/../lib/gcc/arm-none-eabi/9.3.1/thumb/v7e-m+fp/hard\libgcc.a
LOAD d:/st/stm32cubeide_1.7.0/stm32cubeide/plugins/com.st.stm32cube.ide.mcu.externaltools.gnu-tools-for-stm32.9-2020-q2-update.win32_2.0.0.202105311346/tools/bin/../lib/gcc/arm-none-eabi/9.3.1/../../../../arm-none-eabi/lib/thumb/v7e-m+fp/hard\libc_nano.a
LOAD d:/st/stm32cubeide_1.7.0/stm32cubeide/plugins/com.st.stm32cube.ide.mcu.externaltools.gnu-tools-for-stm32.9-2020-q2-update.win32_2.0.0.202105311346/tools/bin/../lib/gcc/arm-none-eabi/9.3.1/../../../../arm-none-eabi/lib/thumb/v7e-m+fp/hard\libnosys.a
END GROUP
LOAD d:/st/stm32cubeide_1.7.0/stm32cubeide/plugins/com.st.stm32cube.ide.mcu.externaltools.gnu-tools-for-stm32.9-2020-q2-update.win32_2.0.0.202105311346/tools/bin/../lib/gcc/arm-none-eabi/9.3.1/thumb/v7e-m+fp/hard/crtend.o
LOAD d:/st/stm32cubeide_1.7.0/stm32cubeide/plugins/com.st.stm32cube.ide.mcu.externaltools.gnu-tools-for-stm32.9-2020-q2-update.win32_2.0.0.202105311346/tools/bin/../lib/gcc/arm-none-eabi/9.3.1/thumb/v7e-m+fp/hard/crtn.o
                0x0000000020020000                _estack = (ORIGIN (RAM) + LENGTH (RAM))
                0x0000000000000200                _Min_Heap_Size = 0x200
                0x0000000000000400                _Min_Stack_Size = 0x400

.isr_vector     0x0000000008000000      0x188
                0x0000000008000000                . = ALIGN (0x4)
 *(.isr_vector)
 .isr_vector    0x0000000008000000      0x188 ./Core/Startup/startup_stm32f407zgtx.o
                0x0000000008000000                g_pfnVectors
                0x0000000008000188                . = ALIGN (0x4)

.text           0x0000000008000190    0x1034c
                0x0000000008000190                . = ALIGN (0x4)
 *(.text)
 .text          0x0000000008000190       0x40 d:/st/stm32cubeide_1.7.0/stm32cubeide/plugins/com.st.stm32cube.ide.mcu.externaltools.gnu-tools-for-stm32.9-2020-q2-update.win32_2.0.0.202105311346/tools/bin/../lib/gcc/arm-none-eabi/9.3.1/thumb/v7e-m+fp/hard/crtbegin.o
 .text          0x00000000080001d0       0xa0 d:/st/stm32cubeide_1.7.0/stm32cubeide/plugins/com.st.stm32cube.ide.mcu.externaltools.gnu-tools-for-stm32.9-2020-q2-update.win32_2.0.0.202105311346/tools/bin/../lib/gcc/arm-none-eabi/9.3.1/../../../../arm-none-eabi/lib/thumb/v7e-m+fp/hard\libc_nano.a(lib_a-memchr.o)
                0x00000000080001d0                memchr
 .text          0x0000000008000270      0x254 d:/st/stm32cubeide_1.7.0/stm32cubeide/plugins/com.st.stm32cube.ide.mcu.externaltools.gnu-tools-for-stm32.9-2020-q2-update.win32_2.0.0.202105311346/tools/bin/../lib/gcc/arm-none-eabi/9.3.1/thumb/v7e-m+fp/hard\libgcc.a(_arm_muldf3.o)
                0x0000000008000270                __muldf3
                0x0000000008000270                __aeabi_dmul
 .text          0x00000000080004c4      0x378 d:/st/stm32cubeide_1.7.0/stm32cubeide/plugins/com.st.stm32cube.ide.mcu.externaltools.gnu-tools-for-stm32.9-2020-q2-update.win32_2.0.0.202105311346/tools/bin/../lib/gcc/arm-none-eabi/9.3.1/thumb/v7e-m+fp/hard\libgcc.a(_arm_addsubdf3.o)
                0x00000000080004c4                __aeabi_drsub
                0x00000000080004cc                __aeabi_dsub
                0x00000000080004cc                __subdf3
                0x00000000080004d0                __aeabi_dadd
                0x00000000080004d0                __adddf3
                0x0000000008000748                __floatunsidf
                0x0000000008000748                __aeabi_ui2d
                0x0000000008000768                __floatsidf
                0x0000000008000768                __aeabi_i2d
                0x000000000800078c                __aeabi_f2d
                0x000000000800078c                __extendsfdf2
                0x00000000080007d0                __floatundidf
                0x00000000080007d0                __aeabi_ul2d
                0x00000000080007e0                __floatdidf
                0x00000000080007e0                __aeabi_l2d
 .text          0x000000000800083c       0x40 d:/st/stm32cubeide_1.7.0/stm32cubeide/plugins/com.st.stm32cube.ide.mcu.externaltools.gnu-tools-for-stm32.9-2020-q2-update.win32_2.0.0.202105311346/tools/bin/../lib/gcc/arm-none-eabi/9.3.1/thumb/v7e-m+fp/hard\libgcc.a(_arm_fixunsdfsi.o)
                0x000000000800083c                __aeabi_d2uiz
                0x000000000800083c                __fixunsdfsi
 .text          0x000000000800087c       0x30 d:/st/stm32cubeide_1.7.0/stm32cubeide/plugins/com.st.stm32cube.ide.mcu.externaltools.gnu-tools-for-stm32.9-2020-q2-update.win32_2.0.0.202105311346/tools/bin/../lib/gcc/arm-none-eabi/9.3.1/thumb/v7e-m+fp/hard\libgcc.a(_aeabi_uldivmod.o)
                0x000000000800087c                __aeabi_uldivmod
 .text          0x00000000080008ac      0x2c4 d:/st/stm32cubeide_1.7.0/stm32cubeide/plugins/com.st.stm32cube.ide.mcu.externaltools.gnu-tools-for-stm32.9-2020-q2-update.win32_2.0.0.202105311346/tools/bin/../lib/gcc/arm-none-eabi/9.3.1/thumb/v7e-m+fp/hard\libgcc.a(_udivmoddi4.o)
                0x00000000080008ac                __udivmoddi4
 .text          0x0000000008000b70        0x4 d:/st/stm32cubeide_1.7.0/stm32cubeide/plugins/com.st.stm32cube.ide.mcu.externaltools.gnu-tools-for-stm32.9-2020-q2-update.win32_2.0.0.202105311346/tools/bin/../lib/gcc/arm-none-eabi/9.3.1/thumb/v7e-m+fp/hard\libgcc.a(_dvmd_tls.o)
                0x0000000008000b70                __aeabi_idiv0
                0x0000000008000b70                __aeabi_ldiv0
 *(.text*)
 .text.Rgb565ConvertBmp
                0x0000000008000b74      0x120 ./Core/Src/main.o
                0x0000000008000b74                Rgb565ConvertBmp
 .text.ETX_MSC_ProcessUsbDevice
                0x0000000008000c94      0x110 ./Core/Src/main.o
 .text.main     0x0000000008000da4      0x168 ./Core/Src/main.o
                0x0000000008000da4                main
 .text.SystemClock_Config
                0x0000000008000f0c       0xe0 ./Core/Src/main.o
                0x0000000008000f0c                SystemClock_Config
 .text.MX_DCMI_Init
                0x0000000008000fec       0x50 ./Core/Src/main.o
 .text.MX_UART4_Init
                0x000000000800103c       0x54 ./Core/Src/main.o
 .text.MX_DMA_Init
                0x0000000008001090       0x40 ./Core/Src/main.o
 .text.MX_GPIO_Init
                0x00000000080010d0      0x200 ./Core/Src/main.o
 .text.MX_FSMC_Init
                0x00000000080012d0       0xc0 ./Core/Src/main.o
 .text.DCMI_DMA_MemInc_En
                0x0000000008001390       0x2c ./Core/Src/main.o
                0x0000000008001390                DCMI_DMA_MemInc_En
 .text.PY_OV2640_RGB565_CONFIG
                0x00000000080013bc       0xa0 ./Core/Src/main.o
                0x00000000080013bc                PY_OV2640_RGB565_CONFIG
 .text.Error_Handler
                0x000000000800145c        0xa ./Core/Src/main.o
                0x000000000800145c                Error_Handler
 *fill*         0x0000000008001466        0x2 
 .text.SCCB_Start
                0x0000000008001468       0x64 ./Core/Src/ov2640.o
                0x0000000008001468                SCCB_Start
 .text.SCCB_Stop
                0x00000000080014cc       0x74 ./Core/Src/ov2640.o
                0x00000000080014cc                SCCB_Stop
 .text.SCCB_No_Ack
                0x0000000008001540       0x84 ./Core/Src/ov2640.o
                0x0000000008001540                SCCB_No_Ack
 .text.SCCB_WR_Byte
                0x00000000080015c4       0xf4 ./Core/Src/ov2640.o
                0x00000000080015c4                SCCB_WR_Byte
 .text.SCCB_RD_Byte
                0x00000000080016b8       0x90 ./Core/Src/ov2640.o
                0x00000000080016b8                SCCB_RD_Byte
 .text.SCCB_WR_Reg
                0x0000000008001748       0x8c ./Core/Src/ov2640.o
                0x0000000008001748                SCCB_WR_Reg
 .text.SCCB_RD_Reg
                0x00000000080017d4       0xa4 ./Core/Src/ov2640.o
                0x00000000080017d4                SCCB_RD_Reg
 .text.SCCB_SDA_IN
                0x0000000008001878       0x5c ./Core/Src/ov2640.o
                0x0000000008001878                SCCB_SDA_IN
 .text.SCCB_SDA_OUT
                0x00000000080018d4       0x58 ./Core/Src/ov2640.o
                0x00000000080018d4                SCCB_SDA_OUT
 .text.SCCB_Rst
                0x000000000800192c       0x40 ./Core/Src/ov2640.o
                0x000000000800192c                SCCB_Rst
 .text.OV2640_UXGA_Init
                0x000000000800196c       0x4c ./Core/Src/ov2640.o
                0x000000000800196c                OV2640_UXGA_Init
 .text.OV2640_RGB565_Mode
                0x00000000080019b8       0x44 ./Core/Src/ov2640.o
                0x00000000080019b8                OV2640_RGB565_Mode
 .text.OV2640_OutSize_Set
                0x00000000080019fc       0xa6 ./Core/Src/ov2640.o
                0x00000000080019fc                OV2640_OutSize_Set
 *fill*         0x0000000008001aa2        0x2 
 .text.HAL_MspInit
                0x0000000008001aa4       0x50 ./Core/Src/stm32f4xx_hal_msp.o
                0x0000000008001aa4                HAL_MspInit
 .text.HAL_DCMI_MspInit
                0x0000000008001af4      0x1e0 ./Core/Src/stm32f4xx_hal_msp.o
                0x0000000008001af4                HAL_DCMI_MspInit
 .text.HAL_UART_MspInit
                0x0000000008001cd4       0x90 ./Core/Src/stm32f4xx_hal_msp.o
                0x0000000008001cd4                HAL_UART_MspInit
 .text.HAL_FSMC_MspInit
                0x0000000008001d64       0xe0 ./Core/Src/stm32f4xx_hal_msp.o
 .text.HAL_SRAM_MspInit
                0x0000000008001e44       0x14 ./Core/Src/stm32f4xx_hal_msp.o
                0x0000000008001e44                HAL_SRAM_MspInit
 .text.NMI_Handler
                0x0000000008001e58        0x6 ./Core/Src/stm32f4xx_it.o
                0x0000000008001e58                NMI_Handler
 .text.HardFault_Handler
                0x0000000008001e5e        0x6 ./Core/Src/stm32f4xx_it.o
                0x0000000008001e5e                HardFault_Handler
 .text.MemManage_Handler
                0x0000000008001e64        0x6 ./Core/Src/stm32f4xx_it.o
                0x0000000008001e64                MemManage_Handler
 .text.BusFault_Handler
                0x0000000008001e6a        0x6 ./Core/Src/stm32f4xx_it.o
                0x0000000008001e6a                BusFault_Handler
 .text.UsageFault_Handler
                0x0000000008001e70        0x6 ./Core/Src/stm32f4xx_it.o
                0x0000000008001e70                UsageFault_Handler
 .text.SVC_Handler
                0x0000000008001e76        0xe ./Core/Src/stm32f4xx_it.o
                0x0000000008001e76                SVC_Handler
 .text.DebugMon_Handler
                0x0000000008001e84        0xe ./Core/Src/stm32f4xx_it.o
                0x0000000008001e84                DebugMon_Handler
 .text.PendSV_Handler
                0x0000000008001e92        0xe ./Core/Src/stm32f4xx_it.o
                0x0000000008001e92                PendSV_Handler
 .text.SysTick_Handler
                0x0000000008001ea0        0xc ./Core/Src/stm32f4xx_it.o
                0x0000000008001ea0                SysTick_Handler
 .text.DMA2_Stream1_IRQHandler
                0x0000000008001eac       0x14 ./Core/Src/stm32f4xx_it.o
                0x0000000008001eac                DMA2_Stream1_IRQHandler
 .text.OTG_FS_IRQHandler
                0x0000000008001ec0       0x14 ./Core/Src/stm32f4xx_it.o
                0x0000000008001ec0                OTG_FS_IRQHandler
 .text.DCMI_IRQHandler
                0x0000000008001ed4       0x14 ./Core/Src/stm32f4xx_it.o
                0x0000000008001ed4                DCMI_IRQHandler
 .text._read    0x0000000008001ee8       0x3a ./Core/Src/syscalls.o
                0x0000000008001ee8                _read
 .text._write   0x0000000008001f22       0x38 ./Core/Src/syscalls.o
                0x0000000008001f22                _write
 .text._close   0x0000000008001f5a       0x18 ./Core/Src/syscalls.o
                0x0000000008001f5a                _close
 .text._fstat   0x0000000008001f72       0x20 ./Core/Src/syscalls.o
                0x0000000008001f72                _fstat
 .text._isatty  0x0000000008001f92       0x16 ./Core/Src/syscalls.o
                0x0000000008001f92                _isatty
 .text._lseek   0x0000000008001fa8       0x1a ./Core/Src/syscalls.o
                0x0000000008001fa8                _lseek
 *fill*         0x0000000008001fc2        0x2 
 .text._sbrk    0x0000000008001fc4       0x6c ./Core/Src/sysmem.o
                0x0000000008001fc4                _sbrk
 .text.SystemInit
                0x0000000008002030       0x24 ./Core/Src/system_stm32f4xx.o
                0x0000000008002030                SystemInit
 .text.Reset_Handler
                0x0000000008002054       0x50 ./Core/Startup/startup_stm32f407zgtx.o
                0x0000000008002054                Reset_Handler
 .text.Default_Handler
                0x00000000080020a4        0x2 ./Core/Startup/startup_stm32f407zgtx.o
                0x00000000080020a4                RTC_Alarm_IRQHandler
                0x00000000080020a4                HASH_RNG_IRQHandler
                0x00000000080020a4                EXTI2_IRQHandler
                0x00000000080020a4                TIM8_CC_IRQHandler
                0x00000000080020a4                TIM1_CC_IRQHandler
                0x00000000080020a4                DMA2_Stream5_IRQHandler
                0x00000000080020a4                DMA1_Stream5_IRQHandler
                0x00000000080020a4                PVD_IRQHandler
                0x00000000080020a4                SDIO_IRQHandler
                0x00000000080020a4                TAMP_STAMP_IRQHandler
                0x00000000080020a4                CAN2_RX1_IRQHandler
                0x00000000080020a4                EXTI3_IRQHandler
                0x00000000080020a4                TIM8_TRG_COM_TIM14_IRQHandler
                0x00000000080020a4                TIM1_UP_TIM10_IRQHandler
                0x00000000080020a4                TIM8_UP_TIM13_IRQHandler
                0x00000000080020a4                I2C3_ER_IRQHandler
                0x00000000080020a4                EXTI0_IRQHandler
                0x00000000080020a4                I2C2_EV_IRQHandler
                0x00000000080020a4                DMA1_Stream2_IRQHandler
                0x00000000080020a4                CAN1_RX0_IRQHandler
                0x00000000080020a4                FPU_IRQHandler
                0x00000000080020a4                OTG_HS_WKUP_IRQHandler
                0x00000000080020a4                CAN2_SCE_IRQHandler
                0x00000000080020a4                DMA2_Stream2_IRQHandler
                0x00000000080020a4                SPI1_IRQHandler
                0x00000000080020a4                TIM6_DAC_IRQHandler
                0x00000000080020a4                TIM1_BRK_TIM9_IRQHandler
                0x00000000080020a4                CAN2_RX0_IRQHandler
                0x00000000080020a4                DMA2_Stream3_IRQHandler
                0x00000000080020a4                USART6_IRQHandler
                0x00000000080020a4                USART3_IRQHandler
                0x00000000080020a4                CAN1_RX1_IRQHandler
                0x00000000080020a4                UART5_IRQHandler
                0x00000000080020a4                DMA2_Stream0_IRQHandler
                0x00000000080020a4                TIM4_IRQHandler
                0x00000000080020a4                I2C1_EV_IRQHandler
                0x00000000080020a4                DMA1_Stream6_IRQHandler
                0x00000000080020a4                DMA1_Stream1_IRQHandler
                0x00000000080020a4                UART4_IRQHandler
                0x00000000080020a4                TIM3_IRQHandler
                0x00000000080020a4                RCC_IRQHandler
                0x00000000080020a4                TIM8_BRK_TIM12_IRQHandler
                0x00000000080020a4                Default_Handler
                0x00000000080020a4                EXTI15_10_IRQHandler
                0x00000000080020a4                ADC_IRQHandler
                0x00000000080020a4                DMA1_Stream7_IRQHandler
                0x00000000080020a4                TIM7_IRQHandler
                0x00000000080020a4                CAN2_TX_IRQHandler
                0x00000000080020a4                TIM5_IRQHandler
                0x00000000080020a4                DMA2_Stream7_IRQHandler
                0x00000000080020a4                I2C3_EV_IRQHandler
                0x00000000080020a4                EXTI9_5_IRQHandler
                0x00000000080020a4                RTC_WKUP_IRQHandler
                0x00000000080020a4                ETH_WKUP_IRQHandler
                0x00000000080020a4                SPI2_IRQHandler
                0x00000000080020a4                OTG_HS_EP1_IN_IRQHandler
                0x00000000080020a4                DMA1_Stream0_IRQHandler
                0x00000000080020a4                CAN1_TX_IRQHandler
                0x00000000080020a4                EXTI4_IRQHandler
                0x00000000080020a4                FSMC_IRQHandler
                0x00000000080020a4                ETH_IRQHandler
                0x00000000080020a4                OTG_HS_EP1_OUT_IRQHandler
                0x00000000080020a4                WWDG_IRQHandler
                0x00000000080020a4                TIM2_IRQHandler
                0x00000000080020a4                OTG_FS_WKUP_IRQHandler
                0x00000000080020a4                TIM1_TRG_COM_TIM11_IRQHandler
                0x00000000080020a4                OTG_HS_IRQHandler
                0x00000000080020a4                EXTI1_IRQHandler
                0x00000000080020a4                USART2_IRQHandler
                0x00000000080020a4                I2C2_ER_IRQHandler
                0x00000000080020a4                CAN1_SCE_IRQHandler
                0x00000000080020a4                FLASH_IRQHandler
                0x00000000080020a4                DMA2_Stream4_IRQHandler
                0x00000000080020a4                USART1_IRQHandler
                0x00000000080020a4                SPI3_IRQHandler
                0x00000000080020a4                DMA1_Stream4_IRQHandler
                0x00000000080020a4                I2C1_ER_IRQHandler
                0x00000000080020a4                DMA2_Stream6_IRQHandler
                0x00000000080020a4                DMA1_Stream3_IRQHandler
 *fill*         0x00000000080020a6        0x2 
 .text.HAL_Init
                0x00000000080020a8       0x44 ./Drivers/STM32F4xx_HAL_Driver/Src/stm32f4xx_hal.o
                0x00000000080020a8                HAL_Init
 .text.HAL_InitTick
                0x00000000080020ec       0x60 ./Drivers/STM32F4xx_HAL_Driver/Src/stm32f4xx_hal.o
                0x00000000080020ec                HAL_InitTick
 .text.HAL_IncTick
                0x000000000800214c       0x28 ./Drivers/STM32F4xx_HAL_Driver/Src/stm32f4xx_hal.o
                0x000000000800214c                HAL_IncTick
 .text.HAL_GetTick
                0x0000000008002174       0x18 ./Drivers/STM32F4xx_HAL_Driver/Src/stm32f4xx_hal.o
                0x0000000008002174                HAL_GetTick
 .text.HAL_Delay
                0x000000000800218c       0x48 ./Drivers/STM32F4xx_HAL_Driver/Src/stm32f4xx_hal.o
                0x000000000800218c                HAL_Delay
 .text.__NVIC_SetPriorityGrouping
                0x00000000080021d4       0x48 ./Drivers/STM32F4xx_HAL_Driver/Src/stm32f4xx_hal_cortex.o
 .text.__NVIC_GetPriorityGrouping
                0x000000000800221c       0x1c ./Drivers/STM32F4xx_HAL_Driver/Src/stm32f4xx_hal_cortex.o
 .text.__NVIC_EnableIRQ
                0x0000000008002238       0x3c ./Drivers/STM32F4xx_HAL_Driver/Src/stm32f4xx_hal_cortex.o
 .text.__NVIC_SetPriority
                0x0000000008002274       0x54 ./Drivers/STM32F4xx_HAL_Driver/Src/stm32f4xx_hal_cortex.o
 .text.NVIC_EncodePriority
                0x00000000080022c8       0x66 ./Drivers/STM32F4xx_HAL_Driver/Src/stm32f4xx_hal_cortex.o
 *fill*         0x000000000800232e        0x2 
 .text.SysTick_Config
                0x0000000008002330       0x44 ./Drivers/STM32F4xx_HAL_Driver/Src/stm32f4xx_hal_cortex.o
 .text.HAL_NVIC_SetPriorityGrouping
                0x0000000008002374       0x16 ./Drivers/STM32F4xx_HAL_Driver/Src/stm32f4xx_hal_cortex.o
                0x0000000008002374                HAL_NVIC_SetPriorityGrouping
 .text.HAL_NVIC_SetPriority
                0x000000000800238a       0x38 ./Drivers/STM32F4xx_HAL_Driver/Src/stm32f4xx_hal_cortex.o
                0x000000000800238a                HAL_NVIC_SetPriority
 .text.HAL_NVIC_EnableIRQ
                0x00000000080023c2       0x1c ./Drivers/STM32F4xx_HAL_Driver/Src/stm32f4xx_hal_cortex.o
                0x00000000080023c2                HAL_NVIC_EnableIRQ
 .text.HAL_SYSTICK_Config
                0x00000000080023de       0x18 ./Drivers/STM32F4xx_HAL_Driver/Src/stm32f4xx_hal_cortex.o
                0x00000000080023de                HAL_SYSTICK_Config
 *fill*         0x00000000080023f6        0x2 
 .text.HAL_DCMI_Start_DMA
                0x00000000080023f8      0x140 ./Drivers/STM32F4xx_HAL_Driver/Src/stm32f4xx_hal_dcmi.o
                0x00000000080023f8                HAL_DCMI_Start_DMA
 .text.HAL_DCMI_Stop
                0x0000000008002538       0xb8 ./Drivers/STM32F4xx_HAL_Driver/Src/stm32f4xx_hal_dcmi.o
                0x0000000008002538                HAL_DCMI_Stop
 .text.HAL_DCMI_IRQHandler
                0x00000000080025f0       0xfc ./Drivers/STM32F4xx_HAL_Driver/Src/stm32f4xx_hal_dcmi.o
                0x00000000080025f0                HAL_DCMI_IRQHandler
 .text.HAL_DCMI_ErrorCallback
                0x00000000080026ec       0x14 ./Drivers/STM32F4xx_HAL_Driver/Src/stm32f4xx_hal_dcmi.o
                0x00000000080026ec                HAL_DCMI_ErrorCallback
 .text.HAL_DCMI_LineEventCallback
                0x0000000008002700       0x14 ./Drivers/STM32F4xx_HAL_Driver/Src/stm32f4xx_hal_dcmi.o
                0x0000000008002700                HAL_DCMI_LineEventCallback
 .text.HAL_DCMI_VsyncEventCallback
                0x0000000008002714       0x14 ./Drivers/STM32F4xx_HAL_Driver/Src/stm32f4xx_hal_dcmi.o
                0x0000000008002714                HAL_DCMI_VsyncEventCallback
 .text.HAL_DCMI_FrameEventCallback
                0x0000000008002728       0x14 ./Drivers/STM32F4xx_HAL_Driver/Src/stm32f4xx_hal_dcmi.o
                0x0000000008002728                HAL_DCMI_FrameEventCallback
 .text.HAL_DCMI_ConfigCrop
                0x000000000800273c       0x66 ./Drivers/STM32F4xx_HAL_Driver/Src/stm32f4xx_hal_dcmi.o
                0x000000000800273c                HAL_DCMI_ConfigCrop
 .text.HAL_DCMI_DisableCrop
                0x00000000080027a2       0x54 ./Drivers/STM32F4xx_HAL_Driver/Src/stm32f4xx_hal_dcmi.o
                0x00000000080027a2                HAL_DCMI_DisableCrop
 .text.HAL_DCMI_EnableCrop
                0x00000000080027f6       0x54 ./Drivers/STM32F4xx_HAL_Driver/Src/stm32f4xx_hal_dcmi.o
                0x00000000080027f6                HAL_DCMI_EnableCrop
 .text.DCMI_DMAXferCplt
                0x000000000800284a      0x12a ./Drivers/STM32F4xx_HAL_Driver/Src/stm32f4xx_hal_dcmi.o
 .text.DCMI_DMAError
                0x0000000008002974       0x2e ./Drivers/STM32F4xx_HAL_Driver/Src/stm32f4xx_hal_dcmi.o
 .text.HAL_DCMI_Init
                0x00000000080029a2       0xda ./Drivers/STM32F4xx_HAL_Driver/Src/stm32f4xx_hal_dcmi_ex.o
                0x00000000080029a2                HAL_DCMI_Init
 .text.HAL_DMA_Init
                0x0000000008002a7c      0x15c ./Drivers/STM32F4xx_HAL_Driver/Src/stm32f4xx_hal_dma.o
                0x0000000008002a7c                HAL_DMA_Init
 .text.HAL_DMA_DeInit
                0x0000000008002bd8       0xbc ./Drivers/STM32F4xx_HAL_Driver/Src/stm32f4xx_hal_dma.o
                0x0000000008002bd8                HAL_DMA_DeInit
 .text.HAL_DMA_Start_IT
                0x0000000008002c94       0xb0 ./Drivers/STM32F4xx_HAL_Driver/Src/stm32f4xx_hal_dma.o
                0x0000000008002c94                HAL_DMA_Start_IT
 .text.HAL_DMA_Abort
                0x0000000008002d44       0xe0 ./Drivers/STM32F4xx_HAL_Driver/Src/stm32f4xx_hal_dma.o
                0x0000000008002d44                HAL_DMA_Abort
 .text.HAL_DMA_Abort_IT
                0x0000000008002e24       0x44 ./Drivers/STM32F4xx_HAL_Driver/Src/stm32f4xx_hal_dma.o
                0x0000000008002e24                HAL_DMA_Abort_IT
 .text.HAL_DMA_IRQHandler
                0x0000000008002e68      0x314 ./Drivers/STM32F4xx_HAL_Driver/Src/stm32f4xx_hal_dma.o
                0x0000000008002e68                HAL_DMA_IRQHandler
 .text.HAL_DMA_GetState
                0x000000000800317c       0x1c ./Drivers/STM32F4xx_HAL_Driver/Src/stm32f4xx_hal_dma.o
                0x000000000800317c                HAL_DMA_GetState
 .text.DMA_SetConfig
                0x0000000008003198       0x5c ./Drivers/STM32F4xx_HAL_Driver/Src/stm32f4xx_hal_dma.o
 .text.DMA_CalcBaseAndBitshift
                0x00000000080031f4       0x6c ./Drivers/STM32F4xx_HAL_Driver/Src/stm32f4xx_hal_dma.o
 .text.DMA_CheckFifoParam
                0x0000000008003260       0xf8 ./Drivers/STM32F4xx_HAL_Driver/Src/stm32f4xx_hal_dma.o
 .text.HAL_DMAEx_MultiBufferStart_IT
                0x0000000008003358     0x1290 ./Drivers/STM32F4xx_HAL_Driver/Src/stm32f4xx_hal_dma_ex.o
                0x0000000008003358                HAL_DMAEx_MultiBufferStart_IT
 .text.HAL_DMAEx_ChangeMemory
                0x00000000080045e8       0x34 ./Drivers/STM32F4xx_HAL_Driver/Src/stm32f4xx_hal_dma_ex.o
                0x00000000080045e8                HAL_DMAEx_ChangeMemory
 .text.DMA_MultiBufferSetConfig
                0x000000000800461c       0x4c ./Drivers/STM32F4xx_HAL_Driver/Src/stm32f4xx_hal_dma_ex.o
 .text.HAL_GPIO_Init
                0x0000000008004668      0x338 ./Drivers/STM32F4xx_HAL_Driver/Src/stm32f4xx_hal_gpio.o
                0x0000000008004668                HAL_GPIO_Init
 .text.HAL_GPIO_ReadPin
                0x00000000080049a0       0x30 ./Drivers/STM32F4xx_HAL_Driver/Src/stm32f4xx_hal_gpio.o
                0x00000000080049a0                HAL_GPIO_ReadPin
 .text.HAL_GPIO_WritePin
                0x00000000080049d0       0x32 ./Drivers/STM32F4xx_HAL_Driver/Src/stm32f4xx_hal_gpio.o
                0x00000000080049d0                HAL_GPIO_WritePin
 .text.HAL_HCD_Init
                0x0000000008004a02       0xc4 ./Drivers/STM32F4xx_HAL_Driver/Src/stm32f4xx_hal_hcd.o
                0x0000000008004a02                HAL_HCD_Init
 .text.HAL_HCD_HC_Init
                0x0000000008004ac6      0x11e ./Drivers/STM32F4xx_HAL_Driver/Src/stm32f4xx_hal_hcd.o
                0x0000000008004ac6                HAL_HCD_HC_Init
 .text.HAL_HCD_HC_Halt
                0x0000000008004be4       0x46 ./Drivers/STM32F4xx_HAL_Driver/Src/stm32f4xx_hal_hcd.o
                0x0000000008004be4                HAL_HCD_HC_Halt
 *fill*         0x0000000008004c2a        0x2 
 .text.HAL_HCD_HC_SubmitRequest
                0x0000000008004c2c      0x2ac ./Drivers/STM32F4xx_HAL_Driver/Src/stm32f4xx_hal_hcd.o
                0x0000000008004c2c                HAL_HCD_HC_SubmitRequest
 .text.HAL_HCD_IRQHandler
                0x0000000008004ed8      0x216 ./Drivers/STM32F4xx_HAL_Driver/Src/stm32f4xx_hal_hcd.o
                0x0000000008004ed8                HAL_HCD_IRQHandler
 .text.HAL_HCD_Start
                0x00000000080050ee       0x46 ./Drivers/STM32F4xx_HAL_Driver/Src/stm32f4xx_hal_hcd.o
                0x00000000080050ee                HAL_HCD_Start
 .text.HAL_HCD_Stop
                0x0000000008005134       0x3a ./Drivers/STM32F4xx_HAL_Driver/Src/stm32f4xx_hal_hcd.o
                0x0000000008005134                HAL_HCD_Stop
 .text.HAL_HCD_ResetPort
                0x000000000800516e       0x1c ./Drivers/STM32F4xx_HAL_Driver/Src/stm32f4xx_hal_hcd.o
                0x000000000800516e                HAL_HCD_ResetPort
 .text.HAL_HCD_HC_GetURBState
                0x000000000800518a       0x28 ./Drivers/STM32F4xx_HAL_Driver/Src/stm32f4xx_hal_hcd.o
                0x000000000800518a                HAL_HCD_HC_GetURBState
 .text.HAL_HCD_HC_GetXferCount
                0x00000000080051b2       0x28 ./Drivers/STM32F4xx_HAL_Driver/Src/stm32f4xx_hal_hcd.o
                0x00000000080051b2                HAL_HCD_HC_GetXferCount
 .text.HAL_HCD_GetCurrentFrame
                0x00000000080051da       0x1c ./Drivers/STM32F4xx_HAL_Driver/Src/stm32f4xx_hal_hcd.o
                0x00000000080051da                HAL_HCD_GetCurrentFrame
 .text.HAL_HCD_GetCurrentSpeed
                0x00000000080051f6       0x1c ./Drivers/STM32F4xx_HAL_Driver/Src/stm32f4xx_hal_hcd.o
                0x00000000080051f6                HAL_HCD_GetCurrentSpeed
 .text.HCD_HC_IN_IRQHandler
                0x0000000008005212      0x844 ./Drivers/STM32F4xx_HAL_Driver/Src/stm32f4xx_hal_hcd.o
 .text.HCD_HC_OUT_IRQHandler
                0x0000000008005a56      0x802 ./Drivers/STM32F4xx_HAL_Driver/Src/stm32f4xx_hal_hcd.o
 .text.HCD_RXQLVL_IRQHandler
                0x0000000008006258      0x1a4 ./Drivers/STM32F4xx_HAL_Driver/Src/stm32f4xx_hal_hcd.o
 .text.HCD_Port_IRQHandler
                0x00000000080063fc       0xe6 ./Drivers/STM32F4xx_HAL_Driver/Src/stm32f4xx_hal_hcd.o
 *fill*         0x00000000080064e2        0x2 
 .text.HAL_RCC_OscConfig
                0x00000000080064e4      0x4f0 ./Drivers/STM32F4xx_HAL_Driver/Src/stm32f4xx_hal_rcc.o
                0x00000000080064e4                HAL_RCC_OscConfig
 .text.HAL_RCC_ClockConfig
                0x00000000080069d4      0x1cc ./Drivers/STM32F4xx_HAL_Driver/Src/stm32f4xx_hal_rcc.o
                0x00000000080069d4                HAL_RCC_ClockConfig
 .text.HAL_RCC_MCOConfig
                0x0000000008006ba0       0xd0 ./Drivers/STM32F4xx_HAL_Driver/Src/stm32f4xx_hal_rcc.o
                0x0000000008006ba0                HAL_RCC_MCOConfig
 .text.HAL_RCC_GetSysClockFreq
                0x0000000008006c70      0x1c4 ./Drivers/STM32F4xx_HAL_Driver/Src/stm32f4xx_hal_rcc.o
                0x0000000008006c70                HAL_RCC_GetSysClockFreq
 .text.HAL_RCC_GetHCLKFreq
                0x0000000008006e34       0x18 ./Drivers/STM32F4xx_HAL_Driver/Src/stm32f4xx_hal_rcc.o
                0x0000000008006e34                HAL_RCC_GetHCLKFreq
 .text.HAL_RCC_GetPCLK1Freq
                0x0000000008006e4c       0x28 ./Drivers/STM32F4xx_HAL_Driver/Src/stm32f4xx_hal_rcc.o
                0x0000000008006e4c                HAL_RCC_GetPCLK1Freq
 .text.HAL_RCC_GetPCLK2Freq
                0x0000000008006e74       0x28 ./Drivers/STM32F4xx_HAL_Driver/Src/stm32f4xx_hal_rcc.o
                0x0000000008006e74                HAL_RCC_GetPCLK2Freq
 .text.HAL_SRAM_Init
                0x0000000008006e9c       0x88 ./Drivers/STM32F4xx_HAL_Driver/Src/stm32f4xx_hal_sram.o
                0x0000000008006e9c                HAL_SRAM_Init
 .text.HAL_UART_Init
                0x0000000008006f24       0x9a ./Drivers/STM32F4xx_HAL_Driver/Src/stm32f4xx_hal_uart.o
                0x0000000008006f24                HAL_UART_Init
 .text.HAL_UART_Transmit
                0x0000000008006fbe      0x124 ./Drivers/STM32F4xx_HAL_Driver/Src/stm32f4xx_hal_uart.o
                0x0000000008006fbe                HAL_UART_Transmit
 .text.UART_WaitOnFlagUntilTimeout
                0x00000000080070e2       0xdc ./Drivers/STM32F4xx_HAL_Driver/Src/stm32f4xx_hal_uart.o
 *fill*         0x00000000080071be        0x2 
 .text.UART_SetConfig
                0x00000000080071c0      0x390 ./Drivers/STM32F4xx_HAL_Driver/Src/stm32f4xx_hal_uart.o
 .text.FSMC_NORSRAM_Init
                0x0000000008007550       0xa4 ./Drivers/STM32F4xx_HAL_Driver/Src/stm32f4xx_ll_fsmc.o
                0x0000000008007550                FSMC_NORSRAM_Init
 .text.FSMC_NORSRAM_Timing_Init
                0x00000000080075f4       0x7a ./Drivers/STM32F4xx_HAL_Driver/Src/stm32f4xx_ll_fsmc.o
                0x00000000080075f4                FSMC_NORSRAM_Timing_Init
 *fill*         0x000000000800766e        0x2 
 .text.FSMC_NORSRAM_Extended_Timing_Init
                0x0000000008007670       0x80 ./Drivers/STM32F4xx_HAL_Driver/Src/stm32f4xx_ll_fsmc.o
                0x0000000008007670                FSMC_NORSRAM_Extended_Timing_Init
 .text.USB_CoreInit
                0x00000000080076f0       0xc2 ./Drivers/STM32F4xx_HAL_Driver/Src/stm32f4xx_ll_usb.o
                0x00000000080076f0                USB_CoreInit
 .text.USB_EnableGlobalInt
                0x00000000080077b2       0x22 ./Drivers/STM32F4xx_HAL_Driver/Src/stm32f4xx_ll_usb.o
                0x00000000080077b2                USB_EnableGlobalInt
 .text.USB_DisableGlobalInt
                0x00000000080077d4       0x22 ./Drivers/STM32F4xx_HAL_Driver/Src/stm32f4xx_ll_usb.o
                0x00000000080077d4                USB_DisableGlobalInt
 .text.USB_SetCurrentMode
                0x00000000080077f6       0x98 ./Drivers/STM32F4xx_HAL_Driver/Src/stm32f4xx_ll_usb.o
                0x00000000080077f6                USB_SetCurrentMode
 *fill*         0x000000000800788e        0x2 
 .text.USB_FlushTxFifo
                0x0000000008007890       0x48 ./Drivers/STM32F4xx_HAL_Driver/Src/stm32f4xx_ll_usb.o
                0x0000000008007890                USB_FlushTxFifo
 .text.USB_FlushRxFifo
                0x00000000080078d8       0x40 ./Drivers/STM32F4xx_HAL_Driver/Src/stm32f4xx_ll_usb.o
                0x00000000080078d8                USB_FlushRxFifo
 .text.USB_WritePacket
                0x0000000008007918       0x7c ./Drivers/STM32F4xx_HAL_Driver/Src/stm32f4xx_ll_usb.o
                0x0000000008007918                USB_WritePacket
 .text.USB_ReadPacket
                0x0000000008007994       0xb0 ./Drivers/STM32F4xx_HAL_Driver/Src/stm32f4xx_ll_usb.o
                0x0000000008007994                USB_ReadPacket
 .text.USB_ReadInterrupts
                0x0000000008007a44       0x26 ./Drivers/STM32F4xx_HAL_Driver/Src/stm32f4xx_ll_usb.o
                0x0000000008007a44                USB_ReadInterrupts
 .text.USB_GetMode
                0x0000000008007a6a       0x1c ./Drivers/STM32F4xx_HAL_Driver/Src/stm32f4xx_ll_usb.o
                0x0000000008007a6a                USB_GetMode
 *fill*         0x0000000008007a86        0x2 
 .text.USB_CoreReset
                0x0000000008007a88       0x64 ./Drivers/STM32F4xx_HAL_Driver/Src/stm32f4xx_ll_usb.o
 .text.USB_HostInit
                0x0000000008007aec      0x168 ./Drivers/STM32F4xx_HAL_Driver/Src/stm32f4xx_ll_usb.o
                0x0000000008007aec                USB_HostInit
 .text.USB_InitFSLSPClkSel
                0x0000000008007c54       0x74 ./Drivers/STM32F4xx_HAL_Driver/Src/stm32f4xx_ll_usb.o
                0x0000000008007c54                USB_InitFSLSPClkSel
 .text.USB_ResetPort
                0x0000000008007cc8       0x54 ./Drivers/STM32F4xx_HAL_Driver/Src/stm32f4xx_ll_usb.o
                0x0000000008007cc8                USB_ResetPort
 .text.USB_DriveVbus
                0x0000000008007d1c       0x72 ./Drivers/STM32F4xx_HAL_Driver/Src/stm32f4xx_ll_usb.o
                0x0000000008007d1c                USB_DriveVbus
 .text.USB_GetHostSpeed
                0x0000000008007d8e       0x2e ./Drivers/STM32F4xx_HAL_Driver/Src/stm32f4xx_ll_usb.o
                0x0000000008007d8e                USB_GetHostSpeed
 .text.USB_GetCurrentFrame
                0x0000000008007dbc       0x22 ./Drivers/STM32F4xx_HAL_Driver/Src/stm32f4xx_ll_usb.o
                0x0000000008007dbc                USB_GetCurrentFrame
 *fill*         0x0000000008007dde        0x2 
 .text.USB_HC_Init
                0x0000000008007de0      0x21c ./Drivers/STM32F4xx_HAL_Driver/Src/stm32f4xx_ll_usb.o
                0x0000000008007de0                USB_HC_Init
 .text.USB_HC_StartXfer
                0x0000000008007ffc      0x284 ./Drivers/STM32F4xx_HAL_Driver/Src/stm32f4xx_ll_usb.o
                0x0000000008007ffc                USB_HC_StartXfer
 .text.USB_HC_ReadInterrupt
                0x0000000008008280       0x22 ./Drivers/STM32F4xx_HAL_Driver/Src/stm32f4xx_ll_usb.o
                0x0000000008008280                USB_HC_ReadInterrupt
 .text.USB_HC_Halt
                0x00000000080082a2      0x238 ./Drivers/STM32F4xx_HAL_Driver/Src/stm32f4xx_ll_usb.o
                0x00000000080082a2                USB_HC_Halt
 *fill*         0x00000000080084da        0x2 
 .text.USB_DoPing
                0x00000000080084dc       0x78 ./Drivers/STM32F4xx_HAL_Driver/Src/stm32f4xx_ll_usb.o
                0x00000000080084dc                USB_DoPing
 .text.USB_StopHost
                0x0000000008008554      0x10c ./Drivers/STM32F4xx_HAL_Driver/Src/stm32f4xx_ll_usb.o
                0x0000000008008554                USB_StopHost
 .text.MX_FATFS_Init
                0x0000000008008660       0x24 ./FATFS/App/fatfs.o
                0x0000000008008660                MX_FATFS_Init
 .text.get_fattime
                0x0000000008008684       0x10 ./FATFS/App/fatfs.o
                0x0000000008008684                get_fattime
 .text.USBH_initialize
                0x0000000008008694       0x18 ./FATFS/Target/usbh_diskio.o
                0x0000000008008694                USBH_initialize
 .text.USBH_status
                0x00000000080086ac       0x38 ./FATFS/Target/usbh_diskio.o
                0x00000000080086ac                USBH_status
 .text.USBH_read
                0x00000000080086e4       0x90 ./FATFS/Target/usbh_diskio.o
                0x00000000080086e4                USBH_read
 .text.USBH_write
                0x0000000008008774       0xb4 ./FATFS/Target/usbh_diskio.o
                0x0000000008008774                USBH_write
 .text.USBH_ioctl
                0x0000000008008828       0xd8 ./FATFS/Target/usbh_diskio.o
                0x0000000008008828                USBH_ioctl
 .text.USBH_MSC_InterfaceInit
                0x0000000008008900      0x250 ./Middlewares/ST/STM32_USB_Host_Library/Class/MSC/Src/usbh_msc.o
 .text.USBH_MSC_InterfaceDeInit
                0x0000000008008b50       0x8c ./Middlewares/ST/STM32_USB_Host_Library/Class/MSC/Src/usbh_msc.o
 .text.USBH_MSC_ClassRequest
                0x0000000008008bdc       0xe4 ./Middlewares/ST/STM32_USB_Host_Library/Class/MSC/Src/usbh_msc.o
 .text.USBH_MSC_Process
                0x0000000008008cc0      0x704 ./Middlewares/ST/STM32_USB_Host_Library/Class/MSC/Src/usbh_msc.o
 .text.USBH_MSC_SOFProcess
                0x00000000080093c4       0x16 ./Middlewares/ST/STM32_USB_Host_Library/Class/MSC/Src/usbh_msc.o
 *fill*         0x00000000080093da        0x2 
 .text.USBH_MSC_RdWrProcess
                0x00000000080093dc      0x218 ./Middlewares/ST/STM32_USB_Host_Library/Class/MSC/Src/usbh_msc.o
 .text.USBH_MSC_UnitIsReady
                0x00000000080095f4       0x4c ./Middlewares/ST/STM32_USB_Host_Library/Class/MSC/Src/usbh_msc.o
                0x00000000080095f4                USBH_MSC_UnitIsReady
 .text.USBH_MSC_GetLUNInfo
                0x0000000008009640       0x48 ./Middlewares/ST/STM32_USB_Host_Library/Class/MSC/Src/usbh_msc.o
                0x0000000008009640                USBH_MSC_GetLUNInfo
 .text.USBH_MSC_Read
                0x0000000008009688       0xd2 ./Middlewares/ST/STM32_USB_Host_Library/Class/MSC/Src/usbh_msc.o
                0x0000000008009688                USBH_MSC_Read
 .text.USBH_MSC_Write
                0x000000000800975a       0xd2 ./Middlewares/ST/STM32_USB_Host_Library/Class/MSC/Src/usbh_msc.o
                0x000000000800975a                USBH_MSC_Write
 .text.USBH_MSC_BOT_REQ_Reset
                0x000000000800982c       0x3a ./Middlewares/ST/STM32_USB_Host_Library/Class/MSC/Src/usbh_msc_bot.o
                0x000000000800982c                USBH_MSC_BOT_REQ_Reset
 .text.USBH_MSC_BOT_REQ_GetMaxLUN
                0x0000000008009866       0x3c ./Middlewares/ST/STM32_USB_Host_Library/Class/MSC/Src/usbh_msc_bot.o
                0x0000000008009866                USBH_MSC_BOT_REQ_GetMaxLUN
 *fill*         0x00000000080098a2        0x2 
 .text.USBH_MSC_BOT_Init
                0x00000000080098a4       0x44 ./Middlewares/ST/STM32_USB_Host_Library/Class/MSC/Src/usbh_msc_bot.o
                0x00000000080098a4                USBH_MSC_BOT_Init
 .text.USBH_MSC_BOT_Process
                0x00000000080098e8      0x39c ./Middlewares/ST/STM32_USB_Host_Library/Class/MSC/Src/usbh_msc_bot.o
                0x00000000080098e8                USBH_MSC_BOT_Process
 .text.USBH_MSC_BOT_Abort
                0x0000000008009c84       0x58 ./Middlewares/ST/STM32_USB_Host_Library/Class/MSC/Src/usbh_msc_bot.o
 .text.USBH_MSC_DecodeCSW
                0x0000000008009cdc       0x88 ./Middlewares/ST/STM32_USB_Host_Library/Class/MSC/Src/usbh_msc_bot.o
 .text.USBH_MSC_SCSI_TestUnitReady
                0x0000000008009d64       0x86 ./Middlewares/ST/STM32_USB_Host_Library/Class/MSC/Src/usbh_msc_scsi.o
                0x0000000008009d64                USBH_MSC_SCSI_TestUnitReady
 .text.USBH_MSC_SCSI_ReadCapacity
                0x0000000008009dea       0xf6 ./Middlewares/ST/STM32_USB_Host_Library/Class/MSC/Src/usbh_msc_scsi.o
                0x0000000008009dea                USBH_MSC_SCSI_ReadCapacity
 .text.USBH_MSC_SCSI_Inquiry
                0x0000000008009ee0      0x14a ./Middlewares/ST/STM32_USB_Host_Library/Class/MSC/Src/usbh_msc_scsi.o
                0x0000000008009ee0                USBH_MSC_SCSI_Inquiry
 .text.USBH_MSC_SCSI_RequestSense
                0x000000000800a02a       0xf2 ./Middlewares/ST/STM32_USB_Host_Library/Class/MSC/Src/usbh_msc_scsi.o
                0x000000000800a02a                USBH_MSC_SCSI_RequestSense
 .text.USBH_MSC_SCSI_Write
                0x000000000800a11c       0xd6 ./Middlewares/ST/STM32_USB_Host_Library/Class/MSC/Src/usbh_msc_scsi.o
                0x000000000800a11c                USBH_MSC_SCSI_Write
 .text.USBH_MSC_SCSI_Read
                0x000000000800a1f2       0xd6 ./Middlewares/ST/STM32_USB_Host_Library/Class/MSC/Src/usbh_msc_scsi.o
                0x000000000800a1f2                USBH_MSC_SCSI_Read
 .text.USBH_Init
                0x000000000800a2c8       0x90 ./Middlewares/ST/STM32_USB_Host_Library/Core/Src/usbh_core.o
                0x000000000800a2c8                USBH_Init
 .text.DeInitStateMachine
                0x000000000800a358       0xa8 ./Middlewares/ST/STM32_USB_Host_Library/Core/Src/usbh_core.o
 .text.USBH_RegisterClass
                0x000000000800a400       0x80 ./Middlewares/ST/STM32_USB_Host_Library/Core/Src/usbh_core.o
                0x000000000800a400                USBH_RegisterClass
 .text.USBH_SelectInterface
                0x000000000800a480       0xd0 ./Middlewares/ST/STM32_USB_Host_Library/Core/Src/usbh_core.o
                0x000000000800a480                USBH_SelectInterface
 .text.USBH_FindInterface
                0x000000000800a550       0x8c ./Middlewares/ST/STM32_USB_Host_Library/Core/Src/usbh_core.o
                0x000000000800a550                USBH_FindInterface
 .text.USBH_Start
                0x000000000800a5dc       0x20 ./Middlewares/ST/STM32_USB_Host_Library/Core/Src/usbh_core.o
                0x000000000800a5dc                USBH_Start
 .text.USBH_Process
                0x000000000800a5fc      0x4c0 ./Middlewares/ST/STM32_USB_Host_Library/Core/Src/usbh_core.o
                0x000000000800a5fc                USBH_Process
 .text.USBH_HandleEnum
                0x000000000800aabc      0x560 ./Middlewares/ST/STM32_USB_Host_Library/Core/Src/usbh_core.o
 .text.USBH_LL_SetTimer
                0x000000000800b01c       0x1e ./Middlewares/ST/STM32_USB_Host_Library/Core/Src/usbh_core.o
                0x000000000800b01c                USBH_LL_SetTimer
 .text.USBH_LL_IncTimer
                0x000000000800b03a       0x24 ./Middlewares/ST/STM32_USB_Host_Library/Core/Src/usbh_core.o
                0x000000000800b03a                USBH_LL_IncTimer
 .text.USBH_HandleSof
                0x000000000800b05e       0x30 ./Middlewares/ST/STM32_USB_Host_Library/Core/Src/usbh_core.o
 .text.USBH_LL_PortEnabled
                0x000000000800b08e       0x1c ./Middlewares/ST/STM32_USB_Host_Library/Core/Src/usbh_core.o
                0x000000000800b08e                USBH_LL_PortEnabled
 .text.USBH_LL_PortDisabled
                0x000000000800b0aa       0x1c ./Middlewares/ST/STM32_USB_Host_Library/Core/Src/usbh_core.o
                0x000000000800b0aa                USBH_LL_PortDisabled
 .text.USBH_LL_Connect
                0x000000000800b0c6       0x2e ./Middlewares/ST/STM32_USB_Host_Library/Core/Src/usbh_core.o
                0x000000000800b0c6                USBH_LL_Connect
 .text.USBH_LL_Disconnect
                0x000000000800b0f4       0x48 ./Middlewares/ST/STM32_USB_Host_Library/Core/Src/usbh_core.o
                0x000000000800b0f4                USBH_LL_Disconnect
 .text.USBH_Get_DevDesc
                0x000000000800b13c       0x50 ./Middlewares/ST/STM32_USB_Host_Library/Core/Src/usbh_ctlreq.o
                0x000000000800b13c                USBH_Get_DevDesc
 .text.USBH_Get_CfgDesc
                0x000000000800b18c       0x48 ./Middlewares/ST/STM32_USB_Host_Library/Core/Src/usbh_ctlreq.o
                0x000000000800b18c                USBH_Get_CfgDesc
 .text.USBH_Get_StringDesc
                0x000000000800b1d4       0x56 ./Middlewares/ST/STM32_USB_Host_Library/Core/Src/usbh_ctlreq.o
                0x000000000800b1d4                USBH_Get_StringDesc
 .text.USBH_GetDescriptor
                0x000000000800b22a       0x6a ./Middlewares/ST/STM32_USB_Host_Library/Core/Src/usbh_ctlreq.o
                0x000000000800b22a                USBH_GetDescriptor
 .text.USBH_SetAddress
                0x000000000800b294       0x48 ./Middlewares/ST/STM32_USB_Host_Library/Core/Src/usbh_ctlreq.o
                0x000000000800b294                USBH_SetAddress
 .text.USBH_SetCfg
                0x000000000800b2dc       0x46 ./Middlewares/ST/STM32_USB_Host_Library/Core/Src/usbh_ctlreq.o
                0x000000000800b2dc                USBH_SetCfg
 .text.USBH_SetFeature
                0x000000000800b322       0x48 ./Middlewares/ST/STM32_USB_Host_Library/Core/Src/usbh_ctlreq.o
                0x000000000800b322                USBH_SetFeature
 .text.USBH_ClrFeature
                0x000000000800b36a       0x48 ./Middlewares/ST/STM32_USB_Host_Library/Core/Src/usbh_ctlreq.o
                0x000000000800b36a                USBH_ClrFeature
 .text.USBH_ParseDevDesc
                0x000000000800b3b2       0xe0 ./Middlewares/ST/STM32_USB_Host_Library/Core/Src/usbh_ctlreq.o
 .text.USBH_ParseCfgDesc
                0x000000000800b492      0x144 ./Middlewares/ST/STM32_USB_Host_Library/Core/Src/usbh_ctlreq.o
 .text.USBH_ParseInterfaceDesc
                0x000000000800b5d6       0x5e ./Middlewares/ST/STM32_USB_Host_Library/Core/Src/usbh_ctlreq.o
 .text.USBH_ParseEPDesc
                0x000000000800b634       0x5a ./Middlewares/ST/STM32_USB_Host_Library/Core/Src/usbh_ctlreq.o
 .text.USBH_ParseStringDesc
                0x000000000800b68e       0x66 ./Middlewares/ST/STM32_USB_Host_Library/Core/Src/usbh_ctlreq.o
 .text.USBH_GetNextDesc
                0x000000000800b6f4       0x36 ./Middlewares/ST/STM32_USB_Host_Library/Core/Src/usbh_ctlreq.o
                0x000000000800b6f4                USBH_GetNextDesc
 .text.USBH_CtlReq
                0x000000000800b72a       0x7a ./Middlewares/ST/STM32_USB_Host_Library/Core/Src/usbh_ctlreq.o
                0x000000000800b72a                USBH_CtlReq
 .text.USBH_HandleControl
                0x000000000800b7a4      0x304 ./Middlewares/ST/STM32_USB_Host_Library/Core/Src/usbh_ctlreq.o
 .text.USBH_CtlSendSetup
                0x000000000800baa8       0x34 ./Middlewares/ST/STM32_USB_Host_Library/Core/Src/usbh_ioreq.o
                0x000000000800baa8                USBH_CtlSendSetup
 .text.USBH_CtlSendData
                0x000000000800badc       0x4a ./Middlewares/ST/STM32_USB_Host_Library/Core/Src/usbh_ioreq.o
                0x000000000800badc                USBH_CtlSendData
 .text.USBH_CtlReceiveData
                0x000000000800bb26       0x3c ./Middlewares/ST/STM32_USB_Host_Library/Core/Src/usbh_ioreq.o
                0x000000000800bb26                USBH_CtlReceiveData
 .text.USBH_BulkSendData
                0x000000000800bb62       0x4a ./Middlewares/ST/STM32_USB_Host_Library/Core/Src/usbh_ioreq.o
                0x000000000800bb62                USBH_BulkSendData
 .text.USBH_BulkReceiveData
                0x000000000800bbac       0x3c ./Middlewares/ST/STM32_USB_Host_Library/Core/Src/usbh_ioreq.o
                0x000000000800bbac                USBH_BulkReceiveData
 .text.USBH_OpenPipe
                0x000000000800bbe8       0x3e ./Middlewares/ST/STM32_USB_Host_Library/Core/Src/usbh_pipes.o
                0x000000000800bbe8                USBH_OpenPipe
 .text.USBH_ClosePipe
                0x000000000800bc26       0x20 ./Middlewares/ST/STM32_USB_Host_Library/Core/Src/usbh_pipes.o
                0x000000000800bc26                USBH_ClosePipe
 .text.USBH_AllocPipe
                0x000000000800bc46       0x42 ./Middlewares/ST/STM32_USB_Host_Library/Core/Src/usbh_pipes.o
                0x000000000800bc46                USBH_AllocPipe
 .text.USBH_FreePipe
                0x000000000800bc88       0x3c ./Middlewares/ST/STM32_USB_Host_Library/Core/Src/usbh_pipes.o
                0x000000000800bc88                USBH_FreePipe
 .text.USBH_GetFreePipe
                0x000000000800bcc4       0x48 ./Middlewares/ST/STM32_USB_Host_Library/Core/Src/usbh_pipes.o
 .text.disk_status
                0x000000000800bd0c       0x34 ./Middlewares/Third_Party/FatFs/src/diskio.o
                0x000000000800bd0c                disk_status
 .text.disk_initialize
                0x000000000800bd40       0x4c ./Middlewares/Third_Party/FatFs/src/diskio.o
                0x000000000800bd40                disk_initialize
 .text.disk_read
                0x000000000800bd8c       0x40 ./Middlewares/Third_Party/FatFs/src/diskio.o
                0x000000000800bd8c                disk_read
 .text.disk_write
                0x000000000800bdcc       0x40 ./Middlewares/Third_Party/FatFs/src/diskio.o
                0x000000000800bdcc                disk_write
 .text.disk_ioctl
                0x000000000800be0c       0x3c ./Middlewares/Third_Party/FatFs/src/diskio.o
                0x000000000800be0c                disk_ioctl
 .text.ld_word  0x000000000800be48       0x30 ./Middlewares/Third_Party/FatFs/src/ff.o
 .text.ld_dword
                0x000000000800be78       0x46 ./Middlewares/Third_Party/FatFs/src/ff.o
 .text.st_word  0x000000000800bebe       0x36 ./Middlewares/Third_Party/FatFs/src/ff.o
 .text.st_dword
                0x000000000800bef4       0x58 ./Middlewares/Third_Party/FatFs/src/ff.o
 .text.mem_cpy  0x000000000800bf4c       0x42 ./Middlewares/Third_Party/FatFs/src/ff.o
 .text.mem_set  0x000000000800bf8e       0x36 ./Middlewares/Third_Party/FatFs/src/ff.o
 .text.mem_cmp  0x000000000800bfc4       0x4e ./Middlewares/Third_Party/FatFs/src/ff.o
 .text.chk_chr  0x000000000800c012       0x36 ./Middlewares/Third_Party/FatFs/src/ff.o
 .text.chk_lock
                0x000000000800c048       0xb8 ./Middlewares/Third_Party/FatFs/src/ff.o
 .text.enq_lock
                0x000000000800c100       0x44 ./Middlewares/Third_Party/FatFs/src/ff.o
 .text.inc_lock
                0x000000000800c144      0x11c ./Middlewares/Third_Party/FatFs/src/ff.o
 .text.dec_lock
                0x000000000800c260       0x78 ./Middlewares/Third_Party/FatFs/src/ff.o
 .text.clear_lock
                0x000000000800c2d8       0x48 ./Middlewares/Third_Party/FatFs/src/ff.o
 .text.sync_window
                0x000000000800c320       0x88 ./Middlewares/Third_Party/FatFs/src/ff.o
 .text.move_window
                0x000000000800c3a8       0x5a ./Middlewares/Third_Party/FatFs/src/ff.o
 *fill*         0x000000000800c402        0x2 
 .text.sync_fs  0x000000000800c404       0xe0 ./Middlewares/Third_Party/FatFs/src/ff.o
 .text.clust2sect
                0x000000000800c4e4       0x3e ./Middlewares/Third_Party/FatFs/src/ff.o
 .text.get_fat  0x000000000800c522      0x1a8 ./Middlewares/Third_Party/FatFs/src/ff.o
 .text.put_fat  0x000000000800c6ca      0x238 ./Middlewares/Third_Party/FatFs/src/ff.o
 .text.remove_chain
                0x000000000800c902       0xca ./Middlewares/Third_Party/FatFs/src/ff.o
 .text.create_chain
                0x000000000800c9cc      0x130 ./Middlewares/Third_Party/FatFs/src/ff.o
 .text.clmt_clust
                0x000000000800cafc       0x70 ./Middlewares/Third_Party/FatFs/src/ff.o
 .text.dir_sdi  0x000000000800cb6c      0x112 ./Middlewares/Third_Party/FatFs/src/ff.o
 .text.dir_next
                0x000000000800cc7e      0x1ac ./Middlewares/Third_Party/FatFs/src/ff.o
 .text.dir_alloc
                0x000000000800ce2a       0x8e ./Middlewares/Third_Party/FatFs/src/ff.o
 .text.ld_clust
                0x000000000800ceb8       0x3e ./Middlewares/Third_Party/FatFs/src/ff.o
 .text.st_clust
                0x000000000800cef6       0x40 ./Middlewares/Third_Party/FatFs/src/ff.o
 .text.dir_find
                0x000000000800cf36       0xaa ./Middlewares/Third_Party/FatFs/src/ff.o
 .text.dir_register
                0x000000000800cfe0       0x64 ./Middlewares/Third_Party/FatFs/src/ff.o
 .text.create_name
                0x000000000800d044      0x128 ./Middlewares/Third_Party/FatFs/src/ff.o
 .text.follow_path
                0x000000000800d16c       0xec ./Middlewares/Third_Party/FatFs/src/ff.o
 .text.get_ldnumber
                0x000000000800d258       0x88 ./Middlewares/Third_Party/FatFs/src/ff.o
 .text.check_fs
                0x000000000800d2e0       0xac ./Middlewares/Third_Party/FatFs/src/ff.o
 .text.find_volume
                0x000000000800d38c      0x508 ./Middlewares/Third_Party/FatFs/src/ff.o
 .text.validate
                0x000000000800d894       0x6a ./Middlewares/Third_Party/FatFs/src/ff.o
 *fill*         0x000000000800d8fe        0x2 
 .text.f_mount  0x000000000800d900       0x8c ./Middlewares/Third_Party/FatFs/src/ff.o
                0x000000000800d900                f_mount
 .text.f_open   0x000000000800d98c      0x398 ./Middlewares/Third_Party/FatFs/src/ff.o
                0x000000000800d98c                f_open
 .text.f_read   0x000000000800dd24      0x2be ./Middlewares/Third_Party/FatFs/src/ff.o
                0x000000000800dd24                f_read
 .text.f_write  0x000000000800dfe2      0x328 ./Middlewares/Third_Party/FatFs/src/ff.o
                0x000000000800dfe2                f_write
 .text.f_sync   0x000000000800e30a       0xfc ./Middlewares/Third_Party/FatFs/src/ff.o
                0x000000000800e30a                f_sync
 .text.f_close  0x000000000800e406       0x54 ./Middlewares/Third_Party/FatFs/src/ff.o
                0x000000000800e406                f_close
 .text.f_getfree
                0x000000000800e45a      0x16a ./Middlewares/Third_Party/FatFs/src/ff.o
                0x000000000800e45a                f_getfree
 .text.FATFS_LinkDriverEx
                0x000000000800e5c4       0x98 ./Middlewares/Third_Party/FatFs/src/ff_gen_drv.o
                0x000000000800e5c4                FATFS_LinkDriverEx
 .text.FATFS_LinkDriver
                0x000000000800e65c       0x1e ./Middlewares/Third_Party/FatFs/src/ff_gen_drv.o
                0x000000000800e65c                FATFS_LinkDriver
 *fill*         0x000000000800e67a        0x2 
 .text.FATFS_UnLinkDriverEx
                0x000000000800e67c       0x70 ./Middlewares/Third_Party/FatFs/src/ff_gen_drv.o
                0x000000000800e67c                FATFS_UnLinkDriverEx
 .text.FATFS_UnLinkDriver
                0x000000000800e6ec       0x1a ./Middlewares/Third_Party/FatFs/src/ff_gen_drv.o
                0x000000000800e6ec                FATFS_UnLinkDriver
 *fill*         0x000000000800e706        0x2 
 .text.__io_putchar
                0x000000000800e708       0x24 ./USB_HOST/App/usb_host.o
                0x000000000800e708                __io_putchar
 .text.ETX_MSC_ProcessUsbDevice
                0x000000000800e72c      0x298 ./USB_HOST/App/usb_host.o
 .text.MX_USB_HOST_Init
                0x000000000800e9c4       0x4c ./USB_HOST/App/usb_host.o
                0x000000000800e9c4                MX_USB_HOST_Init
 .text.MX_USB_HOST_Process
                0x000000000800ea10       0x14 ./USB_HOST/App/usb_host.o
                0x000000000800ea10                MX_USB_HOST_Process
 .text.USBH_UserProcess
                0x000000000800ea24       0x70 ./USB_HOST/App/usb_host.o
 .text.HAL_HCD_MspInit
                0x000000000800ea94       0xc4 ./USB_HOST/Target/usbh_conf.o
                0x000000000800ea94                HAL_HCD_MspInit
 .text.HAL_HCD_SOF_Callback
                0x000000000800eb58       0x1c ./USB_HOST/Target/usbh_conf.o
                0x000000000800eb58                HAL_HCD_SOF_Callback
 .text.HAL_HCD_Connect_Callback
                0x000000000800eb74       0x1c ./USB_HOST/Target/usbh_conf.o
                0x000000000800eb74                HAL_HCD_Connect_Callback
 .text.HAL_HCD_Disconnect_Callback
                0x000000000800eb90       0x1c ./USB_HOST/Target/usbh_conf.o
                0x000000000800eb90                HAL_HCD_Disconnect_Callback
 .text.HAL_HCD_HC_NotifyURBChange_Callback
                0x000000000800ebac       0x1c ./USB_HOST/Target/usbh_conf.o
                0x000000000800ebac                HAL_HCD_HC_NotifyURBChange_Callback
 .text.HAL_HCD_PortEnabled_Callback
                0x000000000800ebc8       0x1c ./USB_HOST/Target/usbh_conf.o
                0x000000000800ebc8                HAL_HCD_PortEnabled_Callback
 .text.HAL_HCD_PortDisabled_Callback
                0x000000000800ebe4       0x1c ./USB_HOST/Target/usbh_conf.o
                0x000000000800ebe4                HAL_HCD_PortDisabled_Callback
 .text.USBH_LL_Init
                0x000000000800ec00       0x78 ./USB_HOST/Target/usbh_conf.o
                0x000000000800ec00                USBH_LL_Init
 .text.USBH_LL_Start
                0x000000000800ec78       0x36 ./USB_HOST/Target/usbh_conf.o
                0x000000000800ec78                USBH_LL_Start
 .text.USBH_LL_Stop
                0x000000000800ecae       0x36 ./USB_HOST/Target/usbh_conf.o
                0x000000000800ecae                USBH_LL_Stop
 .text.USBH_LL_GetSpeed
                0x000000000800ece4       0x4e ./USB_HOST/Target/usbh_conf.o
                0x000000000800ece4                USBH_LL_GetSpeed
 .text.USBH_LL_ResetPort
                0x000000000800ed32       0x36 ./USB_HOST/Target/usbh_conf.o
                0x000000000800ed32                USBH_LL_ResetPort
 .text.USBH_LL_GetLastXferSize
                0x000000000800ed68       0x26 ./USB_HOST/Target/usbh_conf.o
                0x000000000800ed68                USBH_LL_GetLastXferSize
 .text.USBH_LL_OpenPipe
                0x000000000800ed8e       0x5e ./USB_HOST/Target/usbh_conf.o
                0x000000000800ed8e                USBH_LL_OpenPipe
 .text.USBH_LL_ClosePipe
                0x000000000800edec       0x3e ./USB_HOST/Target/usbh_conf.o
                0x000000000800edec                USBH_LL_ClosePipe
 .text.USBH_LL_SubmitURB
                0x000000000800ee2a       0x62 ./USB_HOST/Target/usbh_conf.o
                0x000000000800ee2a                USBH_LL_SubmitURB
 .text.USBH_LL_GetURBState
                0x000000000800ee8c       0x26 ./USB_HOST/Target/usbh_conf.o
                0x000000000800ee8c                USBH_LL_GetURBState
 .text.USBH_LL_DriverVBUS
                0x000000000800eeb2       0x2e ./USB_HOST/Target/usbh_conf.o
                0x000000000800eeb2                USBH_LL_DriverVBUS
 .text.USBH_LL_SetToggle
                0x000000000800eee0       0x60 ./USB_HOST/Target/usbh_conf.o
                0x000000000800eee0                USBH_LL_SetToggle
 .text.USBH_LL_GetToggle
                0x000000000800ef40       0x60 ./USB_HOST/Target/usbh_conf.o
                0x000000000800ef40                USBH_LL_GetToggle
 .text.USBH_Delay
                0x000000000800efa0       0x16 ./USB_HOST/Target/usbh_conf.o
                0x000000000800efa0                USBH_Delay
 *fill*         0x000000000800efb6        0x2 
 .text.USBH_Get_USB_Status
                0x000000000800efb8       0x58 ./USB_HOST/Target/usbh_conf.o
                0x000000000800efb8                USBH_Get_USB_Status
 .text.MX_DriverVbusFS
                0x000000000800f010       0x38 ./USB_HOST/Target/usbh_platform.o
                0x000000000800f010                MX_DriverVbusFS
 .text.__errno  0x000000000800f048        0xc d:/st/stm32cubeide_1.7.0/stm32cubeide/plugins/com.st.stm32cube.ide.mcu.externaltools.gnu-tools-for-stm32.9-2020-q2-update.win32_2.0.0.202105311346/tools/bin/../lib/gcc/arm-none-eabi/9.3.1/../../../../arm-none-eabi/lib/thumb/v7e-m+fp/hard\libc_nano.a(lib_a-errno.o)
                0x000000000800f048                __errno
 .text.__libc_init_array
                0x000000000800f054       0x48 d:/st/stm32cubeide_1.7.0/stm32cubeide/plugins/com.st.stm32cube.ide.mcu.externaltools.gnu-tools-for-stm32.9-2020-q2-update.win32_2.0.0.202105311346/tools/bin/../lib/gcc/arm-none-eabi/9.3.1/../../../../arm-none-eabi/lib/thumb/v7e-m+fp/hard\libc_nano.a(lib_a-init.o)
                0x000000000800f054                __libc_init_array
 .text.malloc   0x000000000800f09c       0x10 d:/st/stm32cubeide_1.7.0/stm32cubeide/plugins/com.st.stm32cube.ide.mcu.externaltools.gnu-tools-for-stm32.9-2020-q2-update.win32_2.0.0.202105311346/tools/bin/../lib/gcc/arm-none-eabi/9.3.1/../../../../arm-none-eabi/lib/thumb/v7e-m+fp/hard\libc_nano.a(lib_a-malloc.o)
                0x000000000800f09c                malloc
 .text.free     0x000000000800f0ac       0x10 d:/st/stm32cubeide_1.7.0/stm32cubeide/plugins/com.st.stm32cube.ide.mcu.externaltools.gnu-tools-for-stm32.9-2020-q2-update.win32_2.0.0.202105311346/tools/bin/../lib/gcc/arm-none-eabi/9.3.1/../../../../arm-none-eabi/lib/thumb/v7e-m+fp/hard\libc_nano.a(lib_a-malloc.o)
                0x000000000800f0ac                free
 .text.memcpy   0x000000000800f0bc       0x1c d:/st/stm32cubeide_1.7.0/stm32cubeide/plugins/com.st.stm32cube.ide.mcu.externaltools.gnu-tools-for-stm32.9-2020-q2-update.win32_2.0.0.202105311346/tools/bin/../lib/gcc/arm-none-eabi/9.3.1/../../../../arm-none-eabi/lib/thumb/v7e-m+fp/hard\libc_nano.a(lib_a-memcpy-stub.o)
                0x000000000800f0bc                memcpy
 .text.memset   0x000000000800f0d8       0x10 d:/st/stm32cubeide_1.7.0/stm32cubeide/plugins/com.st.stm32cube.ide.mcu.externaltools.gnu-tools-for-stm32.9-2020-q2-update.win32_2.0.0.202105311346/tools/bin/../lib/gcc/arm-none-eabi/9.3.1/../../../../arm-none-eabi/lib/thumb/v7e-m+fp/hard\libc_nano.a(lib_a-memset.o)
                0x000000000800f0d8                memset
 .text._free_r  0x000000000800f0e8       0xa0 d:/st/stm32cubeide_1.7.0/stm32cubeide/plugins/com.st.stm32cube.ide.mcu.externaltools.gnu-tools-for-stm32.9-2020-q2-update.win32_2.0.0.202105311346/tools/bin/../lib/gcc/arm-none-eabi/9.3.1/../../../../arm-none-eabi/lib/thumb/v7e-m+fp/hard\libc_nano.a(lib_a-nano-freer.o)
                0x000000000800f0e8                _free_r
 .text._malloc_r
                0x000000000800f188       0xb4 d:/st/stm32cubeide_1.7.0/stm32cubeide/plugins/com.st.stm32cube.ide.mcu.externaltools.gnu-tools-for-stm32.9-2020-q2-update.win32_2.0.0.202105311346/tools/bin/../lib/gcc/arm-none-eabi/9.3.1/../../../../arm-none-eabi/lib/thumb/v7e-m+fp/hard\libc_nano.a(lib_a-nano-mallocr.o)
                0x000000000800f188                _malloc_r
 .text.printf   0x000000000800f23c       0x30 d:/st/stm32cubeide_1.7.0/stm32cubeide/plugins/com.st.stm32cube.ide.mcu.externaltools.gnu-tools-for-stm32.9-2020-q2-update.win32_2.0.0.202105311346/tools/bin/../lib/gcc/arm-none-eabi/9.3.1/../../../../arm-none-eabi/lib/thumb/v7e-m+fp/hard\libc_nano.a(lib_a-printf.o)
                0x000000000800f23c                iprintf
                0x000000000800f23c                printf
 .text.putchar  0x000000000800f26c       0x2c d:/st/stm32cubeide_1.7.0/stm32cubeide/plugins/com.st.stm32cube.ide.mcu.externaltools.gnu-tools-for-stm32.9-2020-q2-update.win32_2.0.0.202105311346/tools/bin/../lib/gcc/arm-none-eabi/9.3.1/../../../../arm-none-eabi/lib/thumb/v7e-m+fp/hard\libc_nano.a(lib_a-putchar.o)
                0x000000000800f26c                putchar
 .text._puts_r  0x000000000800f298       0xdc d:/st/stm32cubeide_1.7.0/stm32cubeide/plugins/com.st.stm32cube.ide.mcu.externaltools.gnu-tools-for-stm32.9-2020-q2-update.win32_2.0.0.202105311346/tools/bin/../lib/gcc/arm-none-eabi/9.3.1/../../../../arm-none-eabi/lib/thumb/v7e-m+fp/hard\libc_nano.a(lib_a-puts.o)
                0x000000000800f298                _puts_r
 .text.puts     0x000000000800f374       0x10 d:/st/stm32cubeide_1.7.0/stm32cubeide/plugins/com.st.stm32cube.ide.mcu.externaltools.gnu-tools-for-stm32.9-2020-q2-update.win32_2.0.0.202105311346/tools/bin/../lib/gcc/arm-none-eabi/9.3.1/../../../../arm-none-eabi/lib/thumb/v7e-m+fp/hard\libc_nano.a(lib_a-puts.o)
                0x000000000800f374                puts
 .text._sbrk_r  0x000000000800f384       0x20 d:/st/stm32cubeide_1.7.0/stm32cubeide/plugins/com.st.stm32cube.ide.mcu.externaltools.gnu-tools-for-stm32.9-2020-q2-update.win32_2.0.0.202105311346/tools/bin/../lib/gcc/arm-none-eabi/9.3.1/../../../../arm-none-eabi/lib/thumb/v7e-m+fp/hard\libc_nano.a(lib_a-sbrkr.o)
                0x000000000800f384                _sbrk_r
 .text.sprintf  0x000000000800f3a4       0x40 d:/st/stm32cubeide_1.7.0/stm32cubeide/plugins/com.st.stm32cube.ide.mcu.externaltools.gnu-tools-for-stm32.9-2020-q2-update.win32_2.0.0.202105311346/tools/bin/../lib/gcc/arm-none-eabi/9.3.1/../../../../arm-none-eabi/lib/thumb/v7e-m+fp/hard\libc_nano.a(lib_a-sprintf.o)
                0x000000000800f3a4                siprintf
                0x000000000800f3a4                sprintf
 .text.__swbuf_r
                0x000000000800f3e4       0xa4 d:/st/stm32cubeide_1.7.0/stm32cubeide/plugins/com.st.stm32cube.ide.mcu.externaltools.gnu-tools-for-stm32.9-2020-q2-update.win32_2.0.0.202105311346/tools/bin/../lib/gcc/arm-none-eabi/9.3.1/../../../../arm-none-eabi/lib/thumb/v7e-m+fp/hard\libc_nano.a(lib_a-wbuf.o)
                0x000000000800f3e4                __swbuf_r
 .text.__swsetup_r
                0x000000000800f488       0xdc d:/st/stm32cubeide_1.7.0/stm32cubeide/plugins/com.st.stm32cube.ide.mcu.externaltools.gnu-tools-for-stm32.9-2020-q2-update.win32_2.0.0.202105311346/tools/bin/../lib/gcc/arm-none-eabi/9.3.1/../../../../arm-none-eabi/lib/thumb/v7e-m+fp/hard\libc_nano.a(lib_a-wsetup.o)
                0x000000000800f488                __swsetup_r
 .text.__sflush_r
                0x000000000800f564      0x10c d:/st/stm32cubeide_1.7.0/stm32cubeide/plugins/com.st.stm32cube.ide.mcu.externaltools.gnu-tools-for-stm32.9-2020-q2-update.win32_2.0.0.202105311346/tools/bin/../lib/gcc/arm-none-eabi/9.3.1/../../../../arm-none-eabi/lib/thumb/v7e-m+fp/hard\libc_nano.a(lib_a-fflush.o)
                0x000000000800f564                __sflush_r
 .text._fflush_r
                0x000000000800f670       0x78 d:/st/stm32cubeide_1.7.0/stm32cubeide/plugins/com.st.stm32cube.ide.mcu.externaltools.gnu-tools-for-stm32.9-2020-q2-update.win32_2.0.0.202105311346/tools/bin/../lib/gcc/arm-none-eabi/9.3.1/../../../../arm-none-eabi/lib/thumb/v7e-m+fp/hard\libc_nano.a(lib_a-fflush.o)
                0x000000000800f670                _fflush_r
 .text.std      0x000000000800f6e8       0x48 d:/st/stm32cubeide_1.7.0/stm32cubeide/plugins/com.st.stm32cube.ide.mcu.externaltools.gnu-tools-for-stm32.9-2020-q2-update.win32_2.0.0.202105311346/tools/bin/../lib/gcc/arm-none-eabi/9.3.1/../../../../arm-none-eabi/lib/thumb/v7e-m+fp/hard\libc_nano.a(lib_a-findfp.o)
 .text._cleanup_r
                0x000000000800f730        0xc d:/st/stm32cubeide_1.7.0/stm32cubeide/plugins/com.st.stm32cube.ide.mcu.externaltools.gnu-tools-for-stm32.9-2020-q2-update.win32_2.0.0.202105311346/tools/bin/../lib/gcc/arm-none-eabi/9.3.1/../../../../arm-none-eabi/lib/thumb/v7e-m+fp/hard\libc_nano.a(lib_a-findfp.o)
                0x000000000800f730                _cleanup_r
 .text.__sfmoreglue
                0x000000000800f73c       0x2c d:/st/stm32cubeide_1.7.0/stm32cubeide/plugins/com.st.stm32cube.ide.mcu.externaltools.gnu-tools-for-stm32.9-2020-q2-update.win32_2.0.0.202105311346/tools/bin/../lib/gcc/arm-none-eabi/9.3.1/../../../../arm-none-eabi/lib/thumb/v7e-m+fp/hard\libc_nano.a(lib_a-findfp.o)
                0x000000000800f73c                __sfmoreglue
 .text.__sfp_lock_acquire
                0x000000000800f768        0xc d:/st/stm32cubeide_1.7.0/stm32cubeide/plugins/com.st.stm32cube.ide.mcu.externaltools.gnu-tools-for-stm32.9-2020-q2-update.win32_2.0.0.202105311346/tools/bin/../lib/gcc/arm-none-eabi/9.3.1/../../../../arm-none-eabi/lib/thumb/v7e-m+fp/hard\libc_nano.a(lib_a-findfp.o)
                0x000000000800f768                __sfp_lock_acquire
 .text.__sfp_lock_release
                0x000000000800f774        0xc d:/st/stm32cubeide_1.7.0/stm32cubeide/plugins/com.st.stm32cube.ide.mcu.externaltools.gnu-tools-for-stm32.9-2020-q2-update.win32_2.0.0.202105311346/tools/bin/../lib/gcc/arm-none-eabi/9.3.1/../../../../arm-none-eabi/lib/thumb/v7e-m+fp/hard\libc_nano.a(lib_a-findfp.o)
                0x000000000800f774                __sfp_lock_release
 .text.__sinit_lock_acquire
                0x000000000800f780        0xc d:/st/stm32cubeide_1.7.0/stm32cubeide/plugins/com.st.stm32cube.ide.mcu.externaltools.gnu-tools-for-stm32.9-2020-q2-update.win32_2.0.0.202105311346/tools/bin/../lib/gcc/arm-none-eabi/9.3.1/../../../../arm-none-eabi/lib/thumb/v7e-m+fp/hard\libc_nano.a(lib_a-findfp.o)
                0x000000000800f780                __sinit_lock_acquire
 .text.__sinit_lock_release
                0x000000000800f78c        0xc d:/st/stm32cubeide_1.7.0/stm32cubeide/plugins/com.st.stm32cube.ide.mcu.externaltools.gnu-tools-for-stm32.9-2020-q2-update.win32_2.0.0.202105311346/tools/bin/../lib/gcc/arm-none-eabi/9.3.1/../../../../arm-none-eabi/lib/thumb/v7e-m+fp/hard\libc_nano.a(lib_a-findfp.o)
                0x000000000800f78c                __sinit_lock_release
 .text.__sinit  0x000000000800f798       0x70 d:/st/stm32cubeide_1.7.0/stm32cubeide/plugins/com.st.stm32cube.ide.mcu.externaltools.gnu-tools-for-stm32.9-2020-q2-update.win32_2.0.0.202105311346/tools/bin/../lib/gcc/arm-none-eabi/9.3.1/../../../../arm-none-eabi/lib/thumb/v7e-m+fp/hard\libc_nano.a(lib_a-findfp.o)
                0x000000000800f798                __sinit
 .text.__sfp    0x000000000800f808       0x8c d:/st/stm32cubeide_1.7.0/stm32cubeide/plugins/com.st.stm32cube.ide.mcu.externaltools.gnu-tools-for-stm32.9-2020-q2-update.win32_2.0.0.202105311346/tools/bin/../lib/gcc/arm-none-eabi/9.3.1/../../../../arm-none-eabi/lib/thumb/v7e-m+fp/hard\libc_nano.a(lib_a-findfp.o)
                0x000000000800f808                __sfp
 .text._fwalk_reent
                0x000000000800f894       0x3e d:/st/stm32cubeide_1.7.0/stm32cubeide/plugins/com.st.stm32cube.ide.mcu.externaltools.gnu-tools-for-stm32.9-2020-q2-update.win32_2.0.0.202105311346/tools/bin/../lib/gcc/arm-none-eabi/9.3.1/../../../../arm-none-eabi/lib/thumb/v7e-m+fp/hard\libc_nano.a(lib_a-fwalk.o)
                0x000000000800f894                _fwalk_reent
 .text.__retarget_lock_init_recursive
                0x000000000800f8d2        0x2 d:/st/stm32cubeide_1.7.0/stm32cubeide/plugins/com.st.stm32cube.ide.mcu.externaltools.gnu-tools-for-stm32.9-2020-q2-update.win32_2.0.0.202105311346/tools/bin/../lib/gcc/arm-none-eabi/9.3.1/../../../../arm-none-eabi/lib/thumb/v7e-m+fp/hard\libc_nano.a(lib_a-lock.o)
                0x000000000800f8d2                __retarget_lock_init_recursive
 .text.__retarget_lock_acquire_recursive
                0x000000000800f8d4        0x2 d:/st/stm32cubeide_1.7.0/stm32cubeide/plugins/com.st.stm32cube.ide.mcu.externaltools.gnu-tools-for-stm32.9-2020-q2-update.win32_2.0.0.202105311346/tools/bin/../lib/gcc/arm-none-eabi/9.3.1/../../../../arm-none-eabi/lib/thumb/v7e-m+fp/hard\libc_nano.a(lib_a-lock.o)
                0x000000000800f8d4                __retarget_lock_acquire_recursive
 .text.__retarget_lock_release_recursive
                0x000000000800f8d6        0x2 d:/st/stm32cubeide_1.7.0/stm32cubeide/plugins/com.st.stm32cube.ide.mcu.externaltools.gnu-tools-for-stm32.9-2020-q2-update.win32_2.0.0.202105311346/tools/bin/../lib/gcc/arm-none-eabi/9.3.1/../../../../arm-none-eabi/lib/thumb/v7e-m+fp/hard\libc_nano.a(lib_a-lock.o)
                0x000000000800f8d6                __retarget_lock_release_recursive
 .text.__swhatbuf_r
                0x000000000800f8d8       0x48 d:/st/stm32cubeide_1.7.0/stm32cubeide/plugins/com.st.stm32cube.ide.mcu.externaltools.gnu-tools-for-stm32.9-2020-q2-update.win32_2.0.0.202105311346/tools/bin/../lib/gcc/arm-none-eabi/9.3.1/../../../../arm-none-eabi/lib/thumb/v7e-m+fp/hard\libc_nano.a(lib_a-makebuf.o)
                0x000000000800f8d8                __swhatbuf_r
 .text.__smakebuf_r
                0x000000000800f920       0x80 d:/st/stm32cubeide_1.7.0/stm32cubeide/plugins/com.st.stm32cube.ide.mcu.externaltools.gnu-tools-for-stm32.9-2020-q2-update.win32_2.0.0.202105311346/tools/bin/../lib/gcc/arm-none-eabi/9.3.1/../../../../arm-none-eabi/lib/thumb/v7e-m+fp/hard\libc_nano.a(lib_a-makebuf.o)
                0x000000000800f920                __smakebuf_r
 .text.__malloc_lock
                0x000000000800f9a0        0xc d:/st/stm32cubeide_1.7.0/stm32cubeide/plugins/com.st.stm32cube.ide.mcu.externaltools.gnu-tools-for-stm32.9-2020-q2-update.win32_2.0.0.202105311346/tools/bin/../lib/gcc/arm-none-eabi/9.3.1/../../../../arm-none-eabi/lib/thumb/v7e-m+fp/hard\libc_nano.a(lib_a-mlock.o)
                0x000000000800f9a0                __malloc_lock
 .text.__malloc_unlock
                0x000000000800f9ac        0xc d:/st/stm32cubeide_1.7.0/stm32cubeide/plugins/com.st.stm32cube.ide.mcu.externaltools.gnu-tools-for-stm32.9-2020-q2-update.win32_2.0.0.202105311346/tools/bin/../lib/gcc/arm-none-eabi/9.3.1/../../../../arm-none-eabi/lib/thumb/v7e-m+fp/hard\libc_nano.a(lib_a-mlock.o)
                0x000000000800f9ac                __malloc_unlock
 .text.__ssputs_r
                0x000000000800f9b8       0xb6 d:/st/stm32cubeide_1.7.0/stm32cubeide/plugins/com.st.stm32cube.ide.mcu.externaltools.gnu-tools-for-stm32.9-2020-q2-update.win32_2.0.0.202105311346/tools/bin/../lib/gcc/arm-none-eabi/9.3.1/../../../../arm-none-eabi/lib/thumb/v7e-m+fp/hard\libc_nano.a(lib_a-nano-svfprintf.o)
                0x000000000800f9b8                __ssputs_r
 *fill*         0x000000000800fa6e        0x2 
 .text._svfprintf_r
                0x000000000800fa70      0x200 d:/st/stm32cubeide_1.7.0/stm32cubeide/plugins/com.st.stm32cube.ide.mcu.externaltools.gnu-tools-for-stm32.9-2020-q2-update.win32_2.0.0.202105311346/tools/bin/../lib/gcc/arm-none-eabi/9.3.1/../../../../arm-none-eabi/lib/thumb/v7e-m+fp/hard\libc_nano.a(lib_a-nano-svfprintf.o)
                0x000000000800fa70                _svfiprintf_r
                0x000000000800fa70                _svfprintf_r
 .text.__sfputc_r
                0x000000000800fc70       0x2e d:/st/stm32cubeide_1.7.0/stm32cubeide/plugins/com.st.stm32cube.ide.mcu.externaltools.gnu-tools-for-stm32.9-2020-q2-update.win32_2.0.0.202105311346/tools/bin/../lib/gcc/arm-none-eabi/9.3.1/../../../../arm-none-eabi/lib/thumb/v7e-m+fp/hard\libc_nano.a(lib_a-nano-vfprintf.o)
 .text.__sfputs_r
                0x000000000800fc9e       0x24 d:/st/stm32cubeide_1.7.0/stm32cubeide/plugins/com.st.stm32cube.ide.mcu.externaltools.gnu-tools-for-stm32.9-2020-q2-update.win32_2.0.0.202105311346/tools/bin/../lib/gcc/arm-none-eabi/9.3.1/../../../../arm-none-eabi/lib/thumb/v7e-m+fp/hard\libc_nano.a(lib_a-nano-vfprintf.o)
                0x000000000800fc9e                __sfputs_r
 *fill*         0x000000000800fcc2        0x2 
 .text._vfprintf_r
                0x000000000800fcc4      0x260 d:/st/stm32cubeide_1.7.0/stm32cubeide/plugins/com.st.stm32cube.ide.mcu.externaltools.gnu-tools-for-stm32.9-2020-q2-update.win32_2.0.0.202105311346/tools/bin/../lib/gcc/arm-none-eabi/9.3.1/../../../../arm-none-eabi/lib/thumb/v7e-m+fp/hard\libc_nano.a(lib_a-nano-vfprintf.o)
                0x000000000800fcc4                _vfprintf_r
                0x000000000800fcc4                _vfiprintf_r
 .text._printf_common
                0x000000000800ff24       0xda d:/st/stm32cubeide_1.7.0/stm32cubeide/plugins/com.st.stm32cube.ide.mcu.externaltools.gnu-tools-for-stm32.9-2020-q2-update.win32_2.0.0.202105311346/tools/bin/../lib/gcc/arm-none-eabi/9.3.1/../../../../arm-none-eabi/lib/thumb/v7e-m+fp/hard\libc_nano.a(lib_a-nano-vfprintf_i.o)
                0x000000000800ff24                _printf_common
 *fill*         0x000000000800fffe        0x2 
 .text._printf_i
                0x0000000008010000      0x24c d:/st/stm32cubeide_1.7.0/stm32cubeide/plugins/com.st.stm32cube.ide.mcu.externaltools.gnu-tools-for-stm32.9-2020-q2-update.win32_2.0.0.202105311346/tools/bin/../lib/gcc/arm-none-eabi/9.3.1/../../../../arm-none-eabi/lib/thumb/v7e-m+fp/hard\libc_nano.a(lib_a-nano-vfprintf_i.o)
                0x0000000008010000                _printf_i
 .text._putc_r  0x000000000801024c       0x90 d:/st/stm32cubeide_1.7.0/stm32cubeide/plugins/com.st.stm32cube.ide.mcu.externaltools.gnu-tools-for-stm32.9-2020-q2-update.win32_2.0.0.202105311346/tools/bin/../lib/gcc/arm-none-eabi/9.3.1/../../../../arm-none-eabi/lib/thumb/v7e-m+fp/hard\libc_nano.a(lib_a-putc.o)
                0x000000000801024c                _putc_r
 .text.__sread  0x00000000080102dc       0x22 d:/st/stm32cubeide_1.7.0/stm32cubeide/plugins/com.st.stm32cube.ide.mcu.externaltools.gnu-tools-for-stm32.9-2020-q2-update.win32_2.0.0.202105311346/tools/bin/../lib/gcc/arm-none-eabi/9.3.1/../../../../arm-none-eabi/lib/thumb/v7e-m+fp/hard\libc_nano.a(lib_a-stdio.o)
                0x00000000080102dc                __sread
 .text.__swrite
                0x00000000080102fe       0x38 d:/st/stm32cubeide_1.7.0/stm32cubeide/plugins/com.st.stm32cube.ide.mcu.externaltools.gnu-tools-for-stm32.9-2020-q2-update.win32_2.0.0.202105311346/tools/bin/../lib/gcc/arm-none-eabi/9.3.1/../../../../arm-none-eabi/lib/thumb/v7e-m+fp/hard\libc_nano.a(lib_a-stdio.o)
                0x00000000080102fe                __swrite
 .text.__sseek  0x0000000008010336       0x24 d:/st/stm32cubeide_1.7.0/stm32cubeide/plugins/com.st.stm32cube.ide.mcu.externaltools.gnu-tools-for-stm32.9-2020-q2-update.win32_2.0.0.202105311346/tools/bin/../lib/gcc/arm-none-eabi/9.3.1/../../../../arm-none-eabi/lib/thumb/v7e-m+fp/hard\libc_nano.a(lib_a-stdio.o)
                0x0000000008010336                __sseek
 .text.__sclose
                0x000000000801035a        0x8 d:/st/stm32cubeide_1.7.0/stm32cubeide/plugins/com.st.stm32cube.ide.mcu.externaltools.gnu-tools-for-stm32.9-2020-q2-update.win32_2.0.0.202105311346/tools/bin/../lib/gcc/arm-none-eabi/9.3.1/../../../../arm-none-eabi/lib/thumb/v7e-m+fp/hard\libc_nano.a(lib_a-stdio.o)
                0x000000000801035a                __sclose
 *fill*         0x0000000008010362        0x2 
 .text._write_r
                0x0000000008010364       0x24 d:/st/stm32cubeide_1.7.0/stm32cubeide/plugins/com.st.stm32cube.ide.mcu.externaltools.gnu-tools-for-stm32.9-2020-q2-update.win32_2.0.0.202105311346/tools/bin/../lib/gcc/arm-none-eabi/9.3.1/../../../../arm-none-eabi/lib/thumb/v7e-m+fp/hard\libc_nano.a(lib_a-writer.o)
                0x0000000008010364                _write_r
 .text._close_r
                0x0000000008010388       0x20 d:/st/stm32cubeide_1.7.0/stm32cubeide/plugins/com.st.stm32cube.ide.mcu.externaltools.gnu-tools-for-stm32.9-2020-q2-update.win32_2.0.0.202105311346/tools/bin/../lib/gcc/arm-none-eabi/9.3.1/../../../../arm-none-eabi/lib/thumb/v7e-m+fp/hard\libc_nano.a(lib_a-closer.o)
                0x0000000008010388                _close_r
 .text._fstat_r
                0x00000000080103a8       0x24 d:/st/stm32cubeide_1.7.0/stm32cubeide/plugins/com.st.stm32cube.ide.mcu.externaltools.gnu-tools-for-stm32.9-2020-q2-update.win32_2.0.0.202105311346/tools/bin/../lib/gcc/arm-none-eabi/9.3.1/../../../../arm-none-eabi/lib/thumb/v7e-m+fp/hard\libc_nano.a(lib_a-fstatr.o)
                0x00000000080103a8                _fstat_r
 .text._isatty_r
                0x00000000080103cc       0x20 d:/st/stm32cubeide_1.7.0/stm32cubeide/plugins/com.st.stm32cube.ide.mcu.externaltools.gnu-tools-for-stm32.9-2020-q2-update.win32_2.0.0.202105311346/tools/bin/../lib/gcc/arm-none-eabi/9.3.1/../../../../arm-none-eabi/lib/thumb/v7e-m+fp/hard\libc_nano.a(lib_a-isattyr.o)
                0x00000000080103cc                _isatty_r
 .text._lseek_r
                0x00000000080103ec       0x24 d:/st/stm32cubeide_1.7.0/stm32cubeide/plugins/com.st.stm32cube.ide.mcu.externaltools.gnu-tools-for-stm32.9-2020-q2-update.win32_2.0.0.202105311346/tools/bin/../lib/gcc/arm-none-eabi/9.3.1/../../../../arm-none-eabi/lib/thumb/v7e-m+fp/hard\libc_nano.a(lib_a-lseekr.o)
                0x00000000080103ec                _lseek_r
 .text.memmove  0x0000000008010410       0x34 d:/st/stm32cubeide_1.7.0/stm32cubeide/plugins/com.st.stm32cube.ide.mcu.externaltools.gnu-tools-for-stm32.9-2020-q2-update.win32_2.0.0.202105311346/tools/bin/../lib/gcc/arm-none-eabi/9.3.1/../../../../arm-none-eabi/lib/thumb/v7e-m+fp/hard\libc_nano.a(lib_a-memmove.o)
                0x0000000008010410                memmove
 .text._realloc_r
                0x0000000008010444       0x4c d:/st/stm32cubeide_1.7.0/stm32cubeide/plugins/com.st.stm32cube.ide.mcu.externaltools.gnu-tools-for-stm32.9-2020-q2-update.win32_2.0.0.202105311346/tools/bin/../lib/gcc/arm-none-eabi/9.3.1/../../../../arm-none-eabi/lib/thumb/v7e-m+fp/hard\libc_nano.a(lib_a-nano-reallocr.o)
                0x0000000008010444                _realloc_r
 .text._read_r  0x0000000008010490       0x24 d:/st/stm32cubeide_1.7.0/stm32cubeide/plugins/com.st.stm32cube.ide.mcu.externaltools.gnu-tools-for-stm32.9-2020-q2-update.win32_2.0.0.202105311346/tools/bin/../lib/gcc/arm-none-eabi/9.3.1/../../../../arm-none-eabi/lib/thumb/v7e-m+fp/hard\libc_nano.a(lib_a-readr.o)
                0x0000000008010490                _read_r
 .text._malloc_usable_size_r
                0x00000000080104b4       0x10 d:/st/stm32cubeide_1.7.0/stm32cubeide/plugins/com.st.stm32cube.ide.mcu.externaltools.gnu-tools-for-stm32.9-2020-q2-update.win32_2.0.0.202105311346/tools/bin/../lib/gcc/arm-none-eabi/9.3.1/../../../../arm-none-eabi/lib/thumb/v7e-m+fp/hard\libc_nano.a(lib_a-nano-msizer.o)
                0x00000000080104b4                _malloc_usable_size_r
 *(.glue_7)
 .glue_7        0x00000000080104c4        0x0 linker stubs
 *(.glue_7t)
 .glue_7t       0x00000000080104c4        0x0 linker stubs
 *(.eh_frame)
 .eh_frame      0x00000000080104c4        0x0 d:/st/stm32cubeide_1.7.0/stm32cubeide/plugins/com.st.stm32cube.ide.mcu.externaltools.gnu-tools-for-stm32.9-2020-q2-update.win32_2.0.0.202105311346/tools/bin/../lib/gcc/arm-none-eabi/9.3.1/thumb/v7e-m+fp/hard/crtbegin.o
 *(.init)
 .init          0x00000000080104c4        0x4 d:/st/stm32cubeide_1.7.0/stm32cubeide/plugins/com.st.stm32cube.ide.mcu.externaltools.gnu-tools-for-stm32.9-2020-q2-update.win32_2.0.0.202105311346/tools/bin/../lib/gcc/arm-none-eabi/9.3.1/thumb/v7e-m+fp/hard/crti.o
                0x00000000080104c4                _init
 .init          0x00000000080104c8        0x8 d:/st/stm32cubeide_1.7.0/stm32cubeide/plugins/com.st.stm32cube.ide.mcu.externaltools.gnu-tools-for-stm32.9-2020-q2-update.win32_2.0.0.202105311346/tools/bin/../lib/gcc/arm-none-eabi/9.3.1/thumb/v7e-m+fp/hard/crtn.o
 *(.fini)
 .fini          0x00000000080104d0        0x4 d:/st/stm32cubeide_1.7.0/stm32cubeide/plugins/com.st.stm32cube.ide.mcu.externaltools.gnu-tools-for-stm32.9-2020-q2-update.win32_2.0.0.202105311346/tools/bin/../lib/gcc/arm-none-eabi/9.3.1/thumb/v7e-m+fp/hard/crti.o
                0x00000000080104d0                _fini
 .fini          0x00000000080104d4        0x8 d:/st/stm32cubeide_1.7.0/stm32cubeide/plugins/com.st.stm32cube.ide.mcu.externaltools.gnu-tools-for-stm32.9-2020-q2-update.win32_2.0.0.202105311346/tools/bin/../lib/gcc/arm-none-eabi/9.3.1/thumb/v7e-m+fp/hard/crtn.o
                0x00000000080104dc                . = ALIGN (0x4)
                0x00000000080104dc                _etext = .

.vfp11_veneer   0x00000000080104dc        0x0
 .vfp11_veneer  0x00000000080104dc        0x0 linker stubs

.v4_bx          0x00000000080104dc        0x0
 .v4_bx         0x00000000080104dc        0x0 linker stubs

.iplt           0x00000000080104dc        0x0
 .iplt          0x00000000080104dc        0x0 d:/st/stm32cubeide_1.7.0/stm32cubeide/plugins/com.st.stm32cube.ide.mcu.externaltools.gnu-tools-for-stm32.9-2020-q2-update.win32_2.0.0.202105311346/tools/bin/../lib/gcc/arm-none-eabi/9.3.1/thumb/v7e-m+fp/hard/crtbegin.o

.rodata         0x00000000080104dc      0xa58
                0x00000000080104dc                . = ALIGN (0x4)
 *(.rodata)
 .rodata        0x00000000080104dc       0x5b ./Core/Src/main.o
 *fill*         0x0000000008010537        0x1 
 .rodata        0x0000000008010538       0x3d ./FATFS/Target/usbh_diskio.o
 *fill*         0x0000000008010575        0x3 
 .rodata        0x0000000008010578      0x194 ./Middlewares/ST/STM32_USB_Host_Library/Class/MSC/Src/usbh_msc.o
 .rodata        0x000000000801070c      0x434 ./Middlewares/ST/STM32_USB_Host_Library/Core/Src/usbh_core.o
 .rodata        0x0000000008010b40       0x2d ./Middlewares/ST/STM32_USB_Host_Library/Core/Src/usbh_ctlreq.o
 *fill*         0x0000000008010b6d        0x3 
 .rodata        0x0000000008010b70       0x44 ./Middlewares/Third_Party/FatFs/src/ff.o
 .rodata        0x0000000008010bb4       0xbd ./USB_HOST/App/usb_host.o
 *(.rodata*)
 *fill*         0x0000000008010c71        0x3 
 .rodata.ov2640_uxga_init_reg_tbl
                0x0000000008010c74      0x164 ./Core/Src/ov2640.o
                0x0000000008010c74                ov2640_uxga_init_reg_tbl
 .rodata.ov2640_rgb565_reg_tbl
                0x0000000008010dd8        0xe ./Core/Src/ov2640.o
                0x0000000008010dd8                ov2640_rgb565_reg_tbl
 *fill*         0x0000000008010de6        0x2 
 .rodata.AHBPrescTable
                0x0000000008010de8       0x10 ./Core/Src/system_stm32f4xx.o
                0x0000000008010de8                AHBPrescTable
 .rodata.APBPrescTable
                0x0000000008010df8        0x8 ./Core/Src/system_stm32f4xx.o
                0x0000000008010df8                APBPrescTable
 .rodata.flagBitshiftOffset.8357
                0x0000000008010e00        0x8 ./Drivers/STM32F4xx_HAL_Driver/Src/stm32f4xx_hal_dma.o
 .rodata.USBH_Driver
                0x0000000008010e08       0x14 ./FATFS/Target/usbh_diskio.o
                0x0000000008010e08                USBH_Driver
 .rodata.ExCvt  0x0000000008010e1c       0x80 ./Middlewares/Third_Party/FatFs/src/ff.o
 .rodata._global_impure_ptr
                0x0000000008010e9c        0x4 d:/st/stm32cubeide_1.7.0/stm32cubeide/plugins/com.st.stm32cube.ide.mcu.externaltools.gnu-tools-for-stm32.9-2020-q2-update.win32_2.0.0.202105311346/tools/bin/../lib/gcc/arm-none-eabi/9.3.1/../../../../arm-none-eabi/lib/thumb/v7e-m+fp/hard\libc_nano.a(lib_a-impure.o)
                0x0000000008010e9c                _global_impure_ptr
 .rodata.__sf_fake_stderr
                0x0000000008010ea0       0x20 d:/st/stm32cubeide_1.7.0/stm32cubeide/plugins/com.st.stm32cube.ide.mcu.externaltools.gnu-tools-for-stm32.9-2020-q2-update.win32_2.0.0.202105311346/tools/bin/../lib/gcc/arm-none-eabi/9.3.1/../../../../arm-none-eabi/lib/thumb/v7e-m+fp/hard\libc_nano.a(lib_a-findfp.o)
                0x0000000008010ea0                __sf_fake_stderr
 .rodata.__sf_fake_stdin
                0x0000000008010ec0       0x20 d:/st/stm32cubeide_1.7.0/stm32cubeide/plugins/com.st.stm32cube.ide.mcu.externaltools.gnu-tools-for-stm32.9-2020-q2-update.win32_2.0.0.202105311346/tools/bin/../lib/gcc/arm-none-eabi/9.3.1/../../../../arm-none-eabi/lib/thumb/v7e-m+fp/hard\libc_nano.a(lib_a-findfp.o)