Archive member included to satisfy reference by file (symbol)

d:/st/stm32cubeide_1.7.0/stm32cubeide/plugins/com.st.stm32cube.ide.mcu.externaltools.gnu-tools-for-stm32.9-2020-q2-update.win32_2.0.0.202105311346/tools/bin/../lib/gcc/arm-none-eabi/9.3.1/../../../../arm-none-eabi/lib/thumb/v7e-m+fp/hard\libc_nano.a(lib_a-errno.o)
                              ./Core/Src/syscalls.o (__errno)
d:/st/stm32cubeide_1.7.0/stm32cubeide/plugins/com.st.stm32cube.ide.mcu.externaltools.gnu-tools-for-stm32.9-2020-q2-update.win32_2.0.0.202105311346/tools/bin/../lib/gcc/arm-none-eabi/9.3.1/../../../../arm-none-eabi/lib/thumb/v7e-m+fp/hard\libc_nano.a(lib_a-exit.o)
                              d:/st/stm32cubeide_1.7.0/stm32cubeide/plugins/com.st.stm32cube.ide.mcu.externaltools.gnu-tools-for-stm32.9-2020-q2-update.win32_2.0.0.202105311346/tools/bin/../lib/gcc/arm-none-eabi/9.3.1/../../../../arm-none-eabi/lib/thumb/v7e-m+fp/hard/crt0.o (exit)
d:/st/stm32cubeide_1.7.0/stm32cubeide/plugins/com.st.stm32cube.ide.mcu.externaltools.gnu-tools-for-stm32.9-2020-q2-update.win32_2.0.0.202105311346/tools/bin/../lib/gcc/arm-none-eabi/9.3.1/../../../../arm-none-eabi/lib/thumb/v7e-m+fp/hard\libc_nano.a(lib_a-impure.o)
                              d:/st/stm32cubeide_1.7.0/stm32cubeide/plugins/com.st.stm32cube.ide.mcu.externaltools.gnu-tools-for-stm32.9-2020-q2-update.win32_2.0.0.202105311346/tools/bin/../lib/gcc/arm-none-eabi/9.3.1/../../../../arm-none-eabi/lib/thumb/v7e-m+fp/hard\libc_nano.a(lib_a-exit.o) (_global_impure_ptr)
d:/st/stm32cubeide_1.7.0/stm32cubeide/plugins/com.st.stm32cube.ide.mcu.externaltools.gnu-tools-for-stm32.9-2020-q2-update.win32_2.0.0.202105311346/tools/bin/../lib/gcc/arm-none-eabi/9.3.1/../../../../arm-none-eabi/lib/thumb/v7e-m+fp/hard\libc_nano.a(lib_a-init.o)
                              d:/st/stm32cubeide_1.7.0/stm32cubeide/plugins/com.st.stm32cube.ide.mcu.externaltools.gnu-tools-for-stm32.9-2020-q2-update.win32_2.0.0.202105311346/tools/bin/../lib/gcc/arm-none-eabi/9.3.1/../../../../arm-none-eabi/lib/thumb/v7e-m+fp/hard/crt0.o (__libc_init_array)
d:/st/stm32cubeide_1.7.0/stm32cubeide/plugins/com.st.stm32cube.ide.mcu.externaltools.gnu-tools-for-stm32.9-2020-q2-update.win32_2.0.0.202105311346/tools/bin/../lib/gcc/arm-none-eabi/9.3.1/../../../../arm-none-eabi/lib/thumb/v7e-m+fp/hard\libc_nano.a(lib_a-malloc.o)
                              ./Middlewares/ST/STM32_USB_Host_Library/Class/MSC/Src/usbh_msc.o (malloc)
d:/st/stm32cubeide_1.7.0/stm32cubeide/plugins/com.st.stm32cube.ide.mcu.externaltools.gnu-tools-for-stm32.9-2020-q2-update.win32_2.0.0.202105311346/tools/bin/../lib/gcc/arm-none-eabi/9.3.1/../../../../arm-none-eabi/lib/thumb/v7e-m+fp/hard\libc_nano.a(lib_a-memcpy-stub.o)
                              ./Middlewares/ST/STM32_USB_Host_Library/Class/MSC/Src/usbh_msc.o (memcpy)
d:/st/stm32cubeide_1.7.0/stm32cubeide/plugins/com.st.stm32cube.ide.mcu.externaltools.gnu-tools-for-stm32.9-2020-q2-update.win32_2.0.0.202105311346/tools/bin/../lib/gcc/arm-none-eabi/9.3.1/../../../../arm-none-eabi/lib/thumb/v7e-m+fp/hard\libc_nano.a(lib_a-memset.o)
                              d:/st/stm32cubeide_1.7.0/stm32cubeide/plugins/com.st.stm32cube.ide.mcu.externaltools.gnu-tools-for-stm32.9-2020-q2-update.win32_2.0.0.202105311346/tools/bin/../lib/gcc/arm-none-eabi/9.3.1/../../../../arm-none-eabi/lib/thumb/v7e-m+fp/hard/crt0.o (memset)
d:/st/stm32cubeide_1.7.0/stm32cubeide/plugins/com.st.stm32cube.ide.mcu.externaltools.gnu-tools-for-stm32.9-2020-q2-update.win32_2.0.0.202105311346/tools/bin/../lib/gcc/arm-none-eabi/9.3.1/../../../../arm-none-eabi/lib/thumb/v7e-m+fp/hard\libc_nano.a(lib_a-nano-freer.o)
                              d:/st/stm32cubeide_1.7.0/stm32cubeide/plugins/com.st.stm32cube.ide.mcu.externaltools.gnu-tools-for-stm32.9-2020-q2-update.win32_2.0.0.202105311346/tools/bin/../lib/gcc/arm-none-eabi/9.3.1/../../../../arm-none-eabi/lib/thumb/v7e-m+fp/hard\libc_nano.a(lib_a-malloc.o) (_free_r)
d:/st/stm32cubeide_1.7.0/stm32cubeide/plugins/com.st.stm32cube.ide.mcu.externaltools.gnu-tools-for-stm32.9-2020-q2-update.win32_2.0.0.202105311346/tools/bin/../lib/gcc/arm-none-eabi/9.3.1/../../../../arm-none-eabi/lib/thumb/v7e-m+fp/hard\libc_nano.a(lib_a-nano-mallocr.o)
                              d:/st/stm32cubeide_1.7.0/stm32cubeide/plugins/com.st.stm32cube.ide.mcu.externaltools.gnu-tools-for-stm32.9-2020-q2-update.win32_2.0.0.202105311346/tools/bin/../lib/gcc/arm-none-eabi/9.3.1/../../../../arm-none-eabi/lib/thumb/v7e-m+fp/hard\libc_nano.a(lib_a-malloc.o) (_malloc_r)
d:/st/stm32cubeide_1.7.0/stm32cubeide/plugins/com.st.stm32cube.ide.mcu.externaltools.gnu-tools-for-stm32.9-2020-q2-update.win32_2.0.0.202105311346/tools/bin/../lib/gcc/arm-none-eabi/9.3.1/../../../../arm-none-eabi/lib/thumb/v7e-m+fp/hard\libc_nano.a(lib_a-printf.o)
                              ./Core/Src/main.o (printf)
[...]
Memory Configuration

Name             Origin             Length             Attributes
CCMRAM           0x0000000010000000 0x0000000000010000 xrw
RAM              0x0000000020000000 0x0000000000020000 xrw
FLASH            0x0000000008000000 0x0000000000100000 xr
SRAM             0x0000000068000000 0x0000000000100000 xr
*default*        0x0000000000000000 0xffffffffffffffff

Linker script and memory map

LOAD d:/st/stm32cubeide_1.7.0/stm32cubeide/plugins/com.st.stm32cube.ide.mcu.externaltools.gnu-tools-for-stm32.9-2020-q2-update.win32_2.0.0.202105311346/tools/bin/../lib/gcc/arm-none-eabi/9.3.1/thumb/v7e-m+fp/hard/crti.o
LOAD d:/st/stm32cubeide_1.7.0/stm32cubeide/plugins/com.st.stm32cube.ide.mcu.externaltools.gnu-tools-for-stm32.9-2020-q2-update.win32_2.0.0.202105311346/tools/bin/../lib/gcc/arm-none-eabi/9.3.1/thumb/v7e-m+fp/hard/crtbegin.o
LOAD d:/st/stm32cubeide_1.7.0/stm32cubeide/plugins/com.st.stm32cube.ide.mcu.externaltools.gnu-tools-for-stm32.9-2020-q2-update.win32_2.0.0.202105311346/tools/bin/../lib/gcc/arm-none-eabi/9.3.1/../../../../arm-none-eabi/lib/thumb/v7e-m+fp/hard/crt0.o
LOAD ./Core/Src/main.o
LOAD ./Core/Src/ov2640.o
LOAD ./Core/Src/stm32f4xx_hal_msp.o
LOAD ./Core/Src/stm32f4xx_it.o
LOAD ./Core/Src/syscalls.o
LOAD ./Core/Src/sysmem.o
LOAD ./Core/Src/system_stm32f4xx.o
LOAD ./Core/Startup/startup_stm32f407zgtx.o
LOAD ./Drivers/STM32F4xx_HAL_Driver/Src/stm32f4xx_hal.o
LOAD ./Drivers/STM32F4xx_HAL_Driver/Src/stm32f4xx_hal_cortex.o
LOAD ./Drivers/STM32F4xx_HAL_Driver/Src/stm32f4xx_hal_dcmi.o
LOAD ./Drivers/STM32F4xx_HAL_Driver/Src/stm32f4xx_hal_dcmi_ex.o
LOAD ./Drivers/STM32F4xx_HAL_Driver/Src/stm32f4xx_hal_dma.o
LOAD ./Drivers/STM32F4xx_HAL_Driver/Src/stm32f4xx_hal_dma_ex.o
LOAD ./Drivers/STM32F4xx_HAL_Driver/Src/stm32f4xx_hal_exti.o
LOAD ./Drivers/STM32F4xx_HAL_Driver/Src/stm32f4xx_hal_flash.o
LOAD ./Drivers/STM32F4xx_HAL_Driver/Src/stm32f4xx_hal_flash_ex.o
LOAD ./Drivers/STM32F4xx_HAL_Driver/Src/stm32f4xx_hal_flash_ramfunc.o
LOAD ./Drivers/STM32F4xx_HAL_Driver/Src/stm32f4xx_hal_gpio.o
LOAD ./Drivers/STM32F4xx_HAL_Driver/Src/stm32f4xx_hal_hcd.o
LOAD ./Drivers/STM32F4xx_HAL_Driver/Src/stm32f4xx_hal_pwr.o
LOAD ./Drivers/STM32F4xx_HAL_Driver/Src/stm32f4xx_hal_pwr_ex.o
LOAD ./Drivers/STM32F4xx_HAL_Driver/Src/stm32f4xx_hal_rcc.o
LOAD ./Drivers/STM32F4xx_HAL_Driver/Src/stm32f4xx_hal_rcc_ex.o
LOAD ./Drivers/STM32F4xx_HAL_Driver/Src/stm32f4xx_hal_sram.o
LOAD ./Drivers/STM32F4xx_HAL_Driver/Src/stm32f4xx_hal_tim.o
LOAD ./Drivers/STM32F4xx_HAL_Driver/Src/stm32f4xx_hal_tim_ex.o
LOAD ./Drivers/STM32F4xx_HAL_Driver/Src/stm32f4xx_hal_uart.o
LOAD ./Drivers/STM32F4xx_HAL_Driver/Src/stm32f4xx_ll_fsmc.o
LOAD ./Drivers/STM32F4xx_HAL_Driver/Src/stm32f4xx_ll_usb.o
LOAD ./FATFS/App/fatfs.o
LOAD ./FATFS/Target/usbh_diskio.o
LOAD ./Middlewares/ST/STM32_USB_Host_Library/Class/MSC/Src/usbh_msc.o
LOAD ./Middlewares/ST/STM32_USB_Host_Library/Class/MSC/Src/usbh_msc_bot.o
LOAD ./Middlewares/ST/STM32_USB_Host_Library/Class/MSC/Src/usbh_msc_scsi.o
LOAD ./Middlewares/ST/STM32_USB_Host_Library/Core/Src/usbh_core.o
LOAD ./Middlewares/ST/STM32_USB_Host_Library/Core/Src/usbh_ctlreq.o
LOAD ./Middlewares/ST/STM32_USB_Host_Library/Core/Src/usbh_ioreq.o
LOAD ./Middlewares/ST/STM32_USB_Host_Library/Core/Src/usbh_pipes.o
LOAD ./Middlewares/Third_Party/FatFs/src/diskio.o
LOAD ./Middlewares/Third_Party/FatFs/src/ff.o
LOAD ./Middlewares/Third_Party/FatFs/src/ff_gen_drv.o
LOAD ./Middlewares/Third_Party/FatFs/src/option/syscall.o
LOAD ./USB_HOST/App/usb_host.o
LOAD ./USB_HOST/Target/usbh_conf.o
LOAD ./USB_HOST/Target/usbh_platform.o
START GROUP
LOAD d:/st/stm32cubeide_1.7.0/stm32cubeide/plugins/com.st.stm32cube.ide.mcu.externaltools.gnu-tools-for-stm32.9-2020-q2-update.win32_2.0.0.202105311346/tools/bin/../lib/gcc/arm-none-eabi/9.3.1/../../../../arm-none-eabi/lib/thumb/v7e-m+fp/hard\libc_nano.a
LOAD d:/st/stm32cubeide_1.7.0/stm32cubeide/plugins/com.st.stm32cube.ide.mcu.externaltools.gnu-tools-for-stm32.9-2020-q2-update.win32_2.0.0.202105311346/tools/bin/../lib/gcc/arm-none-eabi/9.3.1/../../../../arm-none-eabi/lib/thumb/v7e-m+fp/hard\libm.a
END GROUP
START GROUP
LOAD d:/st/stm32cubeide_1.7.0/stm32cubeide/plugins/com.st.stm32cube.ide.mcu.externaltools.gnu-tools-for-stm32.9-2020-q2-update.win32_2.0.0.202105311346/tools/bin/../lib/gcc/arm-none-eabi/9.3.1/thumb/v7e-m+fp/hard\libgcc.a
LOAD d:/st/stm32cubeide_1.7.0/stm32cubeide/plugins/com.st.stm32cube.ide.mcu.externaltools.gnu-tools-for-stm32.9-2020-q2-update.win32_2.0.0.202105311346/tools/bin/../lib/gcc/arm-none-eabi/9.3.1/../../../../arm-none-eabi/lib/thumb/v7e-m+fp/hard\libc_nano.a
END GROUP
START GROUP
LOAD d:/st/stm32cubeide_1.7.0/stm32cubeide/plugins/com.st.stm32cube.ide.mcu.externaltools.gnu-tools-for-stm32.9-2020-q2-update.win32_2.0.0.202105311346/tools/bin/../lib/gcc/arm-none-eabi/9.3.1/thumb/v7e-m+fp/hard\libgcc.a
LOAD d:/st/stm32cubeide_1.7.0/stm32cubeide/plugins/com.st.stm32cube.ide.mcu.externaltools.gnu-tools-for-stm32.9-2020-q2-update.win32_2.0.0.202105311346/tools/bin/../lib/gcc/arm-none-eabi/9.3.1/../../../../arm-none-eabi/lib/thumb/v7e-m+fp/hard\libc_nano.a
LOAD d:/st/stm32cubeide_1.7.0/stm32cubeide/plugins/com.st.stm32cube.ide.mcu.externaltools.gnu-tools-for-stm32.9-2020-q2-update.win32_2.0.0.202105311346/tools/bin/../lib/gcc/arm-none-eabi/9.3.1/../../../../arm-none-eabi/lib/thumb/v7e-m+fp/hard\libnosys.a
END GROUP
START GROUP
LOAD d:/st/stm32cubeide_1.7.0/stm32cubeide/plugins/com.st.stm32cube.ide.mcu.externaltools.gnu-tools-for-stm32.9-2020-q2-update.win32_2.0.0.202105311346/tools/bin/../lib/gcc/arm-none-eabi/9.3.1/thumb/v7e-m+fp/hard\libgcc.a
LOAD d:/st/stm32cubeide_1.7.0/stm32cubeide/plugins/com.st.stm32cube.ide.mcu.externaltools.gnu-tools-for-stm32.9-2020-q2-update.win32_2.0.0.202105311346/tools/bin/../lib/gcc/arm-none-eabi/9.3.1/../../../../arm-none-eabi/lib/thumb/v7e-m+fp/hard\libc_nano.a
LOAD d:/st/stm32cubeide_1.7.0/stm32cubeide/plugins/com.st.stm32cube.ide.mcu.externaltools.gnu-tools-for-stm32.9-2020-q2-update.win32_2.0.0.202105311346/tools/bin/../lib/gcc/arm-none-eabi/9.3.1/../../../../arm-none-eabi/lib/thumb/v7e-m+fp/hard\libnosys.a
END GROUP
LOAD d:/st/stm32cubeide_1.7.0/stm32cubeide/plugins/com.st.stm32cube.ide.mcu.externaltools.gnu-tools-for-stm32.9-2020-q2-update.win32_2.0.0.202105311346/tools/bin/../lib/gcc/arm-none-eabi/9.3.1/thumb/v7e-m+fp/hard/crtend.o
LOAD d:/st/stm32cubeide_1.7.0/stm32cubeide/plugins/com.st.stm32cube.ide.mcu.externaltools.gnu-tools-for-stm32.9-2020-q2-update.win32_2.0.0.202105311346/tools/bin/../lib/gcc/arm-none-eabi/9.3.1/thumb/v7e-m+fp/hard/crtn.o
                0x0000000020020000                _estack = (ORIGIN (RAM) + LENGTH (RAM))
                0x0000000000000200                _Min_Heap_Size = 0x200
                0x0000000000000400                _Min_Stack_Size = 0x400

.isr_vector     0x0000000008000000      0x188
                0x0000000008000000                . = ALIGN (0x4)
 *(.isr_vector)
 .isr_vector    0x0000000008000000      0x188 ./Core/Startup/startup_stm32f407zgtx.o
                0x0000000008000000                g_pfnVectors
                0x0000000008000188                . = ALIGN (0x4)

.text           0x0000000008000190    0x10098
                0x0000000008000190                . = ALIGN (0x4)
 *(.text)
 .text          0x0000000008000190       0x40 d:/st/stm32cubeide_1.7.0/stm32cubeide/plugins/com.st.stm32cube.ide.mcu.externaltools.gnu-tools-for-stm32.9-2020-q2-update.win32_2.0.0.202105311346/tools/bin/../lib/gcc/arm-none-eabi/9.3.1/thumb/v7e-m+fp/hard/crtbegin.o
 .text          0x00000000080001d0       0xa0 d:/st/stm32cubeide_1.7.0/stm32cubeide/plugins/com.st.stm32cube.ide.mcu.externaltools.gnu-tools-for-stm32.9-2020-q2-update.win32_2.0.0.202105311346/tools/bin/../lib/gcc/arm-none-eabi/9.3.1/../../../../arm-none-eabi/lib/thumb/v7e-m+fp/hard\libc_nano.a(lib_a-memchr.o)
                0x00000000080001d0                memchr
 .text          0x0000000008000270       0x30 d:/st/stm32cubeide_1.7.0/stm32cubeide/plugins/com.st.stm32cube.ide.mcu.externaltools.gnu-tools-for-stm32.9-2020-q2-update.win32_2.0.0.202105311346/tools/bin/../lib/gcc/arm-none-eabi/9.3.1/thumb/v7e-m+fp/hard\libgcc.a(_aeabi_uldivmod.o)
                0x0000000008000270                __aeabi_uldivmod
 .text          0x00000000080002a0      0x2c4 d:/st/stm32cubeide_1.7.0/stm32cubeide/plugins/com.st.stm32cube.ide.mcu.externaltools.gnu-tools-for-stm32.9-2020-q2-update.win32_2.0.0.202105311346/tools/bin/../lib/gcc/arm-none-eabi/9.3.1/thumb/v7e-m+fp/hard\libgcc.a(_udivmoddi4.o)
                0x00000000080002a0                __udivmoddi4
 .text          0x0000000008000564        0x4 d:/st/stm32cubeide_1.7.0/stm32cubeide/plugins/com.st.stm32cube.ide.mcu.externaltools.gnu-tools-for-stm32.9-2020-q2-update.win32_2.0.0.202105311346/tools/bin/../lib/gcc/arm-none-eabi/9.3.1/thumb/v7e-m+fp/hard\libgcc.a(_dvmd_tls.o)
                0x0000000008000564                __aeabi_idiv0
                0x0000000008000564                __aeabi_ldiv0
 *(.text*)
 .text.Rgb565ConvertBmp
                0x0000000008000568      0x120 ./Core/Src/main.o
                0x0000000008000568                Rgb565ConvertBmp
 .text.ETX_MSC_ProcessUsbDevice
                0x0000000008000688      0x110 ./Core/Src/main.o
 .text.HAL_DCMI_FrameEventCallback
                0x0000000008000798       0x14 ./Core/Src/main.o
                0x0000000008000798                HAL_DCMI_FrameEventCallback
 .text.main     0x00000000080007ac      0x180 ./Core/Src/main.o
                0x00000000080007ac                main
 .text.SystemClock_Config
                0x000000000800092c       0xe0 ./Core/Src/main.o
                0x000000000800092c                SystemClock_Config
 .text.MX_DCMI_Init
                0x0000000008000a0c       0x70 ./Core/Src/main.o
 .text.MX_UART4_Init
                0x0000000008000a7c       0x54 ./Core/Src/main.o
 .text.MX_DMA_Init
                0x0000000008000ad0       0x6c ./Core/Src/main.o
 .text.MX_GPIO_Init
                0x0000000008000b3c      0x1d4 ./Core/Src/main.o
 .text.MX_FSMC_Init
                0x0000000008000d10       0xc0 ./Core/Src/main.o
 .text.DCMI_DMA_MemInc_En
                0x0000000008000dd0       0x2c ./Core/Src/main.o
                0x0000000008000dd0                DCMI_DMA_MemInc_En
 .text.PY_OV2640_RGB565_CONFIG
                0x0000000008000dfc       0xa0 ./Core/Src/main.o
                0x0000000008000dfc                PY_OV2640_RGB565_CONFIG
 .text.Error_Handler
                0x0000000008000e9c        0xa ./Core/Src/main.o
                0x0000000008000e9c                Error_Handler
 *fill*         0x0000000008000ea6        0x2 
 .text.SCCB_Start
                0x0000000008000ea8       0x64 ./Core/Src/ov2640.o
                0x0000000008000ea8                SCCB_Start
 .text.SCCB_Stop
                0x0000000008000f0c       0x74 ./Core/Src/ov2640.o
                0x0000000008000f0c                SCCB_Stop
 .text.SCCB_No_Ack
                0x0000000008000f80       0x84 ./Core/Src/ov2640.o
                0x0000000008000f80                SCCB_No_Ack
 .text.SCCB_WR_Byte
                0x0000000008001004       0xf4 ./Core/Src/ov2640.o
                0x0000000008001004                SCCB_WR_Byte
 .text.SCCB_RD_Byte
                0x00000000080010f8       0x90 ./Core/Src/ov2640.o
                0x00000000080010f8                SCCB_RD_Byte
 .text.SCCB_WR_Reg
                0x0000000008001188       0x8c ./Core/Src/ov2640.o
                0x0000000008001188                SCCB_WR_Reg
 .text.SCCB_RD_Reg
                0x0000000008001214       0xa4 ./Core/Src/ov2640.o
                0x0000000008001214                SCCB_RD_Reg
 .text.SCCB_SDA_IN
                0x00000000080012b8       0x5c ./Core/Src/ov2640.o
                0x00000000080012b8                SCCB_SDA_IN
 .text.SCCB_SDA_OUT
                0x0000000008001314       0x58 ./Core/Src/ov2640.o
                0x0000000008001314                SCCB_SDA_OUT
 .text.SCCB_Rst
                0x000000000800136c       0x40 ./Core/Src/ov2640.o
                0x000000000800136c                SCCB_Rst
 .text.OV2640_UXGA_Init
                0x00000000080013ac       0x4c ./Core/Src/ov2640.o
                0x00000000080013ac                OV2640_UXGA_Init
 .text.OV2640_RGB565_Mode
                0x00000000080013f8       0x44 ./Core/Src/ov2640.o
                0x00000000080013f8                OV2640_RGB565_Mode
 .text.OV2640_OutSize_Set
                0x000000000800143c       0xa6 ./Core/Src/ov2640.o
                0x000000000800143c                OV2640_OutSize_Set
 *fill*         0x00000000080014e2        0x2 
 .text.HAL_MspInit
                0x00000000080014e4       0x50 ./Core/Src/stm32f4xx_hal_msp.o
                0x00000000080014e4                HAL_MspInit
 .text.HAL_DCMI_MspInit
                0x0000000008001534      0x1e0 ./Core/Src/stm32f4xx_hal_msp.o
                0x0000000008001534                HAL_DCMI_MspInit
 .text.HAL_UART_MspInit
                0x0000000008001714      0x104 ./Core/Src/stm32f4xx_hal_msp.o
                0x0000000008001714                HAL_UART_MspInit
 .text.HAL_FSMC_MspInit
                0x0000000008001818       0xe0 ./Core/Src/stm32f4xx_hal_msp.o
 .text.HAL_SRAM_MspInit
                0x00000000080018f8       0x14 ./Core/Src/stm32f4xx_hal_msp.o
                0x00000000080018f8                HAL_SRAM_MspInit
 .text.NMI_Handler
                0x000000000800190c        0x6 ./Core/Src/stm32f4xx_it.o
                0x000000000800190c                NMI_Handler
 .text.HardFault_Handler
                0x0000000008001912        0x6 ./Core/Src/stm32f4xx_it.o
                0x0000000008001912                HardFault_Handler
 .text.MemManage_Handler
                0x0000000008001918        0x6 ./Core/Src/stm32f4xx_it.o
                0x0000000008001918                MemManage_Handler
 .text.BusFault_Handler
                0x000000000800191e        0x6 ./Core/Src/stm32f4xx_it.o
                0x000000000800191e                BusFault_Handler
 .text.UsageFault_Handler
                0x0000000008001924        0x6 ./Core/Src/stm32f4xx_it.o
                0x0000000008001924                UsageFault_Handler
 .text.SVC_Handler
                0x000000000800192a        0xe ./Core/Src/stm32f4xx_it.o
                0x000000000800192a                SVC_Handler
 .text.DebugMon_Handler
                0x0000000008001938        0xe ./Core/Src/stm32f4xx_it.o
                0x0000000008001938                DebugMon_Handler
 .text.PendSV_Handler
                0x0000000008001946        0xe ./Core/Src/stm32f4xx_it.o
                0x0000000008001946                PendSV_Handler
 .text.SysTick_Handler
                0x0000000008001954        0xc ./Core/Src/stm32f4xx_it.o
                0x0000000008001954                SysTick_Handler
 .text.DMA1_Stream4_IRQHandler
                0x0000000008001960       0x14 ./Core/Src/stm32f4xx_it.o
                0x0000000008001960                DMA1_Stream4_IRQHandler
 .text.UART4_IRQHandler
                0x0000000008001974       0x14 ./Core/Src/stm32f4xx_it.o
                0x0000000008001974                UART4_IRQHandler
 .text.DMA2_Stream1_IRQHandler
                0x0000000008001988       0x14 ./Core/Src/stm32f4xx_it.o
                0x0000000008001988                DMA2_Stream1_IRQHandler
 .text.OTG_FS_IRQHandler
                0x000000000800199c       0x14 ./Core/Src/stm32f4xx_it.o
                0x000000000800199c                OTG_FS_IRQHandler
 .text.DCMI_IRQHandler
                0x00000000080019b0       0x14 ./Core/Src/stm32f4xx_it.o
                0x00000000080019b0                DCMI_IRQHandler
 .text._read    0x00000000080019c4       0x3a ./Core/Src/syscalls.o
                0x00000000080019c4                _read
 .text._write   0x00000000080019fe       0x38 ./Core/Src/syscalls.o
                0x00000000080019fe                _write
 .text._close   0x0000000008001a36       0x18 ./Core/Src/syscalls.o
                0x0000000008001a36                _close
 .text._fstat   0x0000000008001a4e       0x20 ./Core/Src/syscalls.o
                0x0000000008001a4e                _fstat
 .text._isatty  0x0000000008001a6e       0x16 ./Core/Src/syscalls.o
                0x0000000008001a6e                _isatty
 .text._lseek   0x0000000008001a84       0x1a ./Core/Src/syscalls.o
                0x0000000008001a84                _lseek
 *fill*         0x0000000008001a9e        0x2 
 .text._sbrk    0x0000000008001aa0       0x6c ./Core/Src/sysmem.o
                0x0000000008001aa0                _sbrk
 .text.SystemInit
                0x0000000008001b0c       0x24 ./Core/Src/system_stm32f4xx.o
                0x0000000008001b0c                SystemInit
 .text.Reset_Handler
                0x0000000008001b30       0x50 ./Core/Startup/startup_stm32f407zgtx.o
                0x0000000008001b30                Reset_Handler
 .text.Default_Handler
                0x0000000008001b80        0x2 ./Core/Startup/startup_stm32f407zgtx.o
                0x0000000008001b80                RTC_Alarm_IRQHandler
                0x0000000008001b80                HASH_RNG_IRQHandler
                0x0000000008001b80                EXTI2_IRQHandler
                0x0000000008001b80                TIM8_CC_IRQHandler
                0x0000000008001b80                TIM1_CC_IRQHandler
                0x0000000008001b80                DMA2_Stream5_IRQHandler
                0x0000000008001b80                DMA1_Stream5_IRQHandler
                0x0000000008001b80                PVD_IRQHandler
                0x0000000008001b80                SDIO_IRQHandler
                0x0000000008001b80                TAMP_STAMP_IRQHandler
                0x0000000008001b80                CAN2_RX1_IRQHandler
                0x0000000008001b80                EXTI3_IRQHandler
                0x0000000008001b80                TIM8_TRG_COM_TIM14_IRQHandler
                0x0000000008001b80                TIM1_UP_TIM10_IRQHandler
                0x0000000008001b80                TIM8_UP_TIM13_IRQHandler
                0x0000000008001b80                I2C3_ER_IRQHandler
                0x0000000008001b80                EXTI0_IRQHandler
                0x0000000008001b80                I2C2_EV_IRQHandler
                0x0000000008001b80                DMA1_Stream2_IRQHandler
                0x0000000008001b80                CAN1_RX0_IRQHandler
                0x0000000008001b80                FPU_IRQHandler
                0x0000000008001b80                OTG_HS_WKUP_IRQHandler
                0x0000000008001b80                CAN2_SCE_IRQHandler
                0x0000000008001b80                DMA2_Stream2_IRQHandler
                0x0000000008001b80                SPI1_IRQHandler
                0x0000000008001b80                TIM6_DAC_IRQHandler
                0x0000000008001b80                TIM1_BRK_TIM9_IRQHandler
                0x0000000008001b80                CAN2_RX0_IRQHandler
                0x0000000008001b80                DMA2_Stream3_IRQHandler
                0x0000000008001b80                USART6_IRQHandler
                0x0000000008001b80                USART3_IRQHandler
                0x0000000008001b80                CAN1_RX1_IRQHandler
                0x0000000008001b80                UART5_IRQHandler
                0x0000000008001b80                DMA2_Stream0_IRQHandler
                0x0000000008001b80                TIM4_IRQHandler
                0x0000000008001b80                I2C1_EV_IRQHandler
                0x0000000008001b80                DMA1_Stream6_IRQHandler
                0x0000000008001b80                DMA1_Stream1_IRQHandler
                0x0000000008001b80                TIM3_IRQHandler
                0x0000000008001b80                RCC_IRQHandler
                0x0000000008001b80                TIM8_BRK_TIM12_IRQHandler
                0x0000000008001b80                Default_Handler
                0x0000000008001b80                EXTI15_10_IRQHandler
                0x0000000008001b80                ADC_IRQHandler
                0x0000000008001b80                DMA1_Stream7_IRQHandler
                0x0000000008001b80                TIM7_IRQHandler
                0x0000000008001b80                CAN2_TX_IRQHandler
                0x0000000008001b80                TIM5_IRQHandler
                0x0000000008001b80                DMA2_Stream7_IRQHandler
                0x0000000008001b80                I2C3_EV_IRQHandler
                0x0000000008001b80                EXTI9_5_IRQHandler
                0x0000000008001b80                RTC_WKUP_IRQHandler
                0x0000000008001b80                ETH_WKUP_IRQHandler
                0x0000000008001b80                SPI2_IRQHandler
                0x0000000008001b80                OTG_HS_EP1_IN_IRQHandler
                0x0000000008001b80                DMA1_Stream0_IRQHandler
                0x0000000008001b80                CAN1_TX_IRQHandler
                0x0000000008001b80                EXTI4_IRQHandler
                0x0000000008001b80                FSMC_IRQHandler
                0x0000000008001b80                ETH_IRQHandler
                0x0000000008001b80                OTG_HS_EP1_OUT_IRQHandler
                0x0000000008001b80                WWDG_IRQHandler
                0x0000000008001b80                TIM2_IRQHandler
                0x0000000008001b80                OTG_FS_WKUP_IRQHandler
                0x0000000008001b80                TIM1_TRG_COM_TIM11_IRQHandler
                0x0000000008001b80                OTG_HS_IRQHandler
                0x0000000008001b80                EXTI1_IRQHandler
                0x0000000008001b80                USART2_IRQHandler
                0x0000000008001b80                I2C2_ER_IRQHandler
                0x0000000008001b80                CAN1_SCE_IRQHandler
                0x0000000008001b80                FLASH_IRQHandler
                0x0000000008001b80                DMA2_Stream4_IRQHandler
                0x0000000008001b80                USART1_IRQHandler
                0x0000000008001b80                SPI3_IRQHandler
                0x0000000008001b80                I2C1_ER_IRQHandler
                0x0000000008001b80                DMA2_Stream6_IRQHandler
                0x0000000008001b80                DMA1_Stream3_IRQHandler
 *fill*         0x0000000008001b82        0x2 
 .text.HAL_Init
                0x0000000008001b84       0x44 ./Drivers/STM32F4xx_HAL_Driver/Src/stm32f4xx_hal.o
                0x0000000008001b84                HAL_Init
 .text.HAL_InitTick
                0x0000000008001bc8       0x60 ./Drivers/STM32F4xx_HAL_Driver/Src/stm32f4xx_hal.o
                0x0000000008001bc8                HAL_InitTick
 .text.HAL_IncTick
                0x0000000008001c28       0x28 ./Drivers/STM32F4xx_HAL_Driver/Src/stm32f4xx_hal.o
                0x0000000008001c28                HAL_IncTick
 .text.HAL_GetTick
                0x0000000008001c50       0x18 ./Drivers/STM32F4xx_HAL_Driver/Src/stm32f4xx_hal.o
                0x0000000008001c50                HAL_GetTick
 .text.HAL_Delay
                0x0000000008001c68       0x48 ./Drivers/STM32F4xx_HAL_Driver/Src/stm32f4xx_hal.o
                0x0000000008001c68                HAL_Delay
 .text.__NVIC_SetPriorityGrouping
                0x0000000008001cb0       0x48 ./Drivers/STM32F4xx_HAL_Driver/Src/stm32f4xx_hal_cortex.o
 .text.__NVIC_GetPriorityGrouping
                0x0000000008001cf8       0x1c ./Drivers/STM32F4xx_HAL_Driver/Src/stm32f4xx_hal_cortex.o
 .text.__NVIC_EnableIRQ
                0x0000000008001d14       0x3c ./Drivers/STM32F4xx_HAL_Driver/Src/stm32f4xx_hal_cortex.o
 .text.__NVIC_SetPriority
                0x0000000008001d50       0x54 ./Drivers/STM32F4xx_HAL_Driver/Src/stm32f4xx_hal_cortex.o
 .text.NVIC_EncodePriority
                0x0000000008001da4       0x66 ./Drivers/STM32F4xx_HAL_Driver/Src/stm32f4xx_hal_cortex.o
 *fill*         0x0000000008001e0a        0x2 
 .text.SysTick_Config
                0x0000000008001e0c       0x44 ./Drivers/STM32F4xx_HAL_Driver/Src/stm32f4xx_hal_cortex.o
 .text.HAL_NVIC_SetPriorityGrouping
                0x0000000008001e50       0x16 ./Drivers/STM32F4xx_HAL_Driver/Src/stm32f4xx_hal_cortex.o
                0x0000000008001e50                HAL_NVIC_SetPriorityGrouping
 .text.HAL_NVIC_SetPriority
                0x0000000008001e66       0x38 ./Drivers/STM32F4xx_HAL_Driver/Src/stm32f4xx_hal_cortex.o
                0x0000000008001e66                HAL_NVIC_SetPriority
 .text.HAL_NVIC_EnableIRQ
                0x0000000008001e9e       0x1c ./Drivers/STM32F4xx_HAL_Driver/Src/stm32f4xx_hal_cortex.o
                0x0000000008001e9e                HAL_NVIC_EnableIRQ
 .text.HAL_SYSTICK_Config
                0x0000000008001eba       0x18 ./Drivers/STM32F4xx_HAL_Driver/Src/stm32f4xx_hal_cortex.o
                0x0000000008001eba                HAL_SYSTICK_Config
 *fill*         0x0000000008001ed2        0x2 
 .text.HAL_DCMI_Start_DMA
                0x0000000008001ed4      0x140 ./Drivers/STM32F4xx_HAL_Driver/Src/stm32f4xx_hal_dcmi.o
                0x0000000008001ed4                HAL_DCMI_Start_DMA
 .text.HAL_DCMI_IRQHandler
                0x0000000008002014       0xfc ./Drivers/STM32F4xx_HAL_Driver/Src/stm32f4xx_hal_dcmi.o
                0x0000000008002014                HAL_DCMI_IRQHandler
 .text.HAL_DCMI_ErrorCallback
                0x0000000008002110       0x14 ./Drivers/STM32F4xx_HAL_Driver/Src/stm32f4xx_hal_dcmi.o
                0x0000000008002110                HAL_DCMI_ErrorCallback
 .text.HAL_DCMI_LineEventCallback
                0x0000000008002124       0x14 ./Drivers/STM32F4xx_HAL_Driver/Src/stm32f4xx_hal_dcmi.o
                0x0000000008002124                HAL_DCMI_LineEventCallback
 .text.HAL_DCMI_VsyncEventCallback
                0x0000000008002138       0x14 ./Drivers/STM32F4xx_HAL_Driver/Src/stm32f4xx_hal_dcmi.o
                0x0000000008002138                HAL_DCMI_VsyncEventCallback
 .text.HAL_DCMI_ConfigCrop
                0x000000000800214c       0x66 ./Drivers/STM32F4xx_HAL_Driver/Src/stm32f4xx_hal_dcmi.o
                0x000000000800214c                HAL_DCMI_ConfigCrop
 .text.HAL_DCMI_DisableCrop
                0x00000000080021b2       0x54 ./Drivers/STM32F4xx_HAL_Driver/Src/stm32f4xx_hal_dcmi.o
                0x00000000080021b2                HAL_DCMI_DisableCrop
 .text.HAL_DCMI_EnableCrop
                0x0000000008002206       0x54 ./Drivers/STM32F4xx_HAL_Driver/Src/stm32f4xx_hal_dcmi.o
                0x0000000008002206                HAL_DCMI_EnableCrop
 .text.DCMI_DMAXferCplt
                0x000000000800225a      0x12a ./Drivers/STM32F4xx_HAL_Driver/Src/stm32f4xx_hal_dcmi.o
 .text.DCMI_DMAError
                0x0000000008002384       0x2e ./Drivers/STM32F4xx_HAL_Driver/Src/stm32f4xx_hal_dcmi.o
 .text.HAL_DCMI_Init
                0x00000000080023b2       0xda ./Drivers/STM32F4xx_HAL_Driver/Src/stm32f4xx_hal_dcmi_ex.o
                0x00000000080023b2                HAL_DCMI_Init
 .text.HAL_DMA_Init
                0x000000000800248c      0x15c ./Drivers/STM32F4xx_HAL_Driver/Src/stm32f4xx_hal_dma.o
                0x000000000800248c                HAL_DMA_Init
 .text.HAL_DMA_DeInit
                0x00000000080025e8       0xbc ./Drivers/STM32F4xx_HAL_Driver/Src/stm32f4xx_hal_dma.o
                0x00000000080025e8                HAL_DMA_DeInit
 .text.HAL_DMA_Start_IT
                0x00000000080026a4       0xb0 ./Drivers/STM32F4xx_HAL_Driver/Src/stm32f4xx_hal_dma.o
                0x00000000080026a4                HAL_DMA_Start_IT
 .text.HAL_DMA_Abort
                0x0000000008002754       0xe0 ./Drivers/STM32F4xx_HAL_Driver/Src/stm32f4xx_hal_dma.o
                0x0000000008002754                HAL_DMA_Abort
 .text.HAL_DMA_Abort_IT
                0x0000000008002834       0x44 ./Drivers/STM32F4xx_HAL_Driver/Src/stm32f4xx_hal_dma.o
                0x0000000008002834                HAL_DMA_Abort_IT
 .text.HAL_DMA_IRQHandler
                0x0000000008002878      0x314 ./Drivers/STM32F4xx_HAL_Driver/Src/stm32f4xx_hal_dma.o
                0x0000000008002878                HAL_DMA_IRQHandler
 .text.HAL_DMA_GetState
                0x0000000008002b8c       0x1c ./Drivers/STM32F4xx_HAL_Driver/Src/stm32f4xx_hal_dma.o
                0x0000000008002b8c                HAL_DMA_GetState
 .text.DMA_SetConfig
                0x0000000008002ba8       0x5c ./Drivers/STM32F4xx_HAL_Driver/Src/stm32f4xx_hal_dma.o
 .text.DMA_CalcBaseAndBitshift
                0x0000000008002c04       0x6c ./Drivers/STM32F4xx_HAL_Driver/Src/stm32f4xx_hal_dma.o
 .text.DMA_CheckFifoParam
                0x0000000008002c70       0xf8 ./Drivers/STM32F4xx_HAL_Driver/Src/stm32f4xx_hal_dma.o
 .text.HAL_DMAEx_MultiBufferStart_IT
                0x0000000008002d68     0x1290 ./Drivers/STM32F4xx_HAL_Driver/Src/stm32f4xx_hal_dma_ex.o
                0x0000000008002d68                HAL_DMAEx_MultiBufferStart_IT
 .text.HAL_DMAEx_ChangeMemory
                0x0000000008003ff8       0x34 ./Drivers/STM32F4xx_HAL_Driver/Src/stm32f4xx_hal_dma_ex.o
                0x0000000008003ff8                HAL_DMAEx_ChangeMemory
 .text.DMA_MultiBufferSetConfig
                0x000000000800402c       0x4c ./Drivers/STM32F4xx_HAL_Driver/Src/stm32f4xx_hal_dma_ex.o
 .text.HAL_GPIO_Init
                0x0000000008004078      0x338 ./Drivers/STM32F4xx_HAL_Driver/Src/stm32f4xx_hal_gpio.o
                0x0000000008004078                HAL_GPIO_Init
 .text.HAL_GPIO_ReadPin
                0x00000000080043b0       0x30 ./Drivers/STM32F4xx_HAL_Driver/Src/stm32f4xx_hal_gpio.o
                0x00000000080043b0                HAL_GPIO_ReadPin
 .text.HAL_GPIO_WritePin
                0x00000000080043e0       0x32 ./Drivers/STM32F4xx_HAL_Driver/Src/stm32f4xx_hal_gpio.o
                0x00000000080043e0                HAL_GPIO_WritePin
 .text.HAL_HCD_Init
                0x0000000008004412       0xc4 ./Drivers/STM32F4xx_HAL_Driver/Src/stm32f4xx_hal_hcd.o
                0x0000000008004412                HAL_HCD_Init
 .text.HAL_HCD_HC_Init
                0x00000000080044d6      0x11e ./Drivers/STM32F4xx_HAL_Driver/Src/stm32f4xx_hal_hcd.o
                0x00000000080044d6                HAL_HCD_HC_Init
 .text.HAL_HCD_HC_Halt
                0x00000000080045f4       0x46 ./Drivers/STM32F4xx_HAL_Driver/Src/stm32f4xx_hal_hcd.o
                0x00000000080045f4                HAL_HCD_HC_Halt
 *fill*         0x000000000800463a        0x2 
 .text.HAL_HCD_HC_SubmitRequest
                0x000000000800463c      0x2ac ./Drivers/STM32F4xx_HAL_Driver/Src/stm32f4xx_hal_hcd.o
                0x000000000800463c                HAL_HCD_HC_SubmitRequest
 .text.HAL_HCD_IRQHandler
                0x00000000080048e8      0x216 ./Drivers/STM32F4xx_HAL_Driver/Src/stm32f4xx_hal_hcd.o
                0x00000000080048e8                HAL_HCD_IRQHandler
 .text.HAL_HCD_Start
                0x0000000008004afe       0x46 ./Drivers/STM32F4xx_HAL_Driver/Src/stm32f4xx_hal_hcd.o
                0x0000000008004afe                HAL_HCD_Start
 .text.HAL_HCD_Stop
                0x0000000008004b44       0x3a ./Drivers/STM32F4xx_HAL_Driver/Src/stm32f4xx_hal_hcd.o
                0x0000000008004b44                HAL_HCD_Stop
 .text.HAL_HCD_ResetPort
                0x0000000008004b7e       0x1c ./Drivers/STM32F4xx_HAL_Driver/Src/stm32f4xx_hal_hcd.o
                0x0000000008004b7e                HAL_HCD_ResetPort
 .text.HAL_HCD_HC_GetURBState
                0x0000000008004b9a       0x28 ./Drivers/STM32F4xx_HAL_Driver/Src/stm32f4xx_hal_hcd.o
                0x0000000008004b9a                HAL_HCD_HC_GetURBState
 .text.HAL_HCD_HC_GetXferCount
                0x0000000008004bc2       0x28 ./Drivers/STM32F4xx_HAL_Driver/Src/stm32f4xx_hal_hcd.o
                0x0000000008004bc2                HAL_HCD_HC_GetXferCount
 .text.HAL_HCD_GetCurrentFrame
                0x0000000008004bea       0x1c ./Drivers/STM32F4xx_HAL_Driver/Src/stm32f4xx_hal_hcd.o
                0x0000000008004bea                HAL_HCD_GetCurrentFrame
 .text.HAL_HCD_GetCurrentSpeed
                0x0000000008004c06       0x1c ./Drivers/STM32F4xx_HAL_Driver/Src/stm32f4xx_hal_hcd.o
                0x0000000008004c06                HAL_HCD_GetCurrentSpeed
 .text.HCD_HC_IN_IRQHandler
                0x0000000008004c22      0x844 ./Drivers/STM32F4xx_HAL_Driver/Src/stm32f4xx_hal_hcd.o
 .text.HCD_HC_OUT_IRQHandler
                0x0000000008005466      0x802 ./Drivers/STM32F4xx_HAL_Driver/Src/stm32f4xx_hal_hcd.o
 .text.HCD_RXQLVL_IRQHandler
                0x0000000008005c68      0x1a4 ./Drivers/STM32F4xx_HAL_Driver/Src/stm32f4xx_hal_hcd.o
 .text.HCD_Port_IRQHandler
                0x0000000008005e0c       0xe6 ./Drivers/STM32F4xx_HAL_Driver/Src/stm32f4xx_hal_hcd.o
 *fill*         0x0000000008005ef2        0x2 
 .text.HAL_RCC_OscConfig
                0x0000000008005ef4      0x4f0 ./Drivers/STM32F4xx_HAL_Driver/Src/stm32f4xx_hal_rcc.o
                0x0000000008005ef4                HAL_RCC_OscConfig
 .text.HAL_RCC_ClockConfig
                0x00000000080063e4      0x1cc ./Drivers/STM32F4xx_HAL_Driver/Src/stm32f4xx_hal_rcc.o
                0x00000000080063e4                HAL_RCC_ClockConfig
 .text.HAL_RCC_MCOConfig
                0x00000000080065b0       0xd0 ./Drivers/STM32F4xx_HAL_Driver/Src/stm32f4xx_hal_rcc.o
                0x00000000080065b0                HAL_RCC_MCOConfig
 .text.HAL_RCC_GetSysClockFreq
                0x0000000008006680      0x1c4 ./Drivers/STM32F4xx_HAL_Driver/Src/stm32f4xx_hal_rcc.o
                0x0000000008006680                HAL_RCC_GetSysClockFreq
 .text.HAL_RCC_GetHCLKFreq
                0x0000000008006844       0x18 ./Drivers/STM32F4xx_HAL_Driver/Src/stm32f4xx_hal_rcc.o
                0x0000000008006844                HAL_RCC_GetHCLKFreq
 .text.HAL_RCC_GetPCLK1Freq
                0x000000000800685c       0x28 ./Drivers/STM32F4xx_HAL_Driver/Src/stm32f4xx_hal_rcc.o
                0x000000000800685c                HAL_RCC_GetPCLK1Freq
 .text.HAL_RCC_GetPCLK2Freq
                0x0000000008006884       0x28 ./Drivers/STM32F4xx_HAL_Driver/Src/stm32f4xx_hal_rcc.o
                0x0000000008006884                HAL_RCC_GetPCLK2Freq
 .text.HAL_SRAM_Init
                0x00000000080068ac       0x88 ./Drivers/STM32F4xx_HAL_Driver/Src/stm32f4xx_hal_sram.o
                0x00000000080068ac                HAL_SRAM_Init
 .text.HAL_UART_Init
                0x0000000008006934       0x9a ./Drivers/STM32F4xx_HAL_Driver/Src/stm32f4xx_hal_uart.o
                0x0000000008006934                HAL_UART_Init
 .text.HAL_UART_Transmit
                0x00000000080069ce      0x124 ./Drivers/STM32F4xx_HAL_Driver/Src/stm32f4xx_hal_uart.o
                0x00000000080069ce                HAL_UART_Transmit
 *fill*         0x0000000008006af2        0x2 
 .text.HAL_UART_IRQHandler
                0x0000000008006af4      0x51c ./Drivers/STM32F4xx_HAL_Driver/Src/stm32f4xx_hal_uart.o
                0x0000000008006af4                HAL_UART_IRQHandler
 .text.HAL_UART_TxCpltCallback
                0x0000000008007010       0x14 ./Drivers/STM32F4xx_HAL_Driver/Src/stm32f4xx_hal_uart.o
                0x0000000008007010                HAL_UART_TxCpltCallback
 .text.HAL_UART_RxCpltCallback
                0x0000000008007024       0x14 ./Drivers/STM32F4xx_HAL_Driver/Src/stm32f4xx_hal_uart.o
                0x0000000008007024                HAL_UART_RxCpltCallback
 .text.HAL_UART_ErrorCallback
                0x0000000008007038       0x14 ./Drivers/STM32F4xx_HAL_Driver/Src/stm32f4xx_hal_uart.o
                0x0000000008007038                HAL_UART_ErrorCallback
 .text.HAL_UARTEx_RxEventCallback
                0x000000000800704c       0x18 ./Drivers/STM32F4xx_HAL_Driver/Src/stm32f4xx_hal_uart.o
                0x000000000800704c                HAL_UARTEx_RxEventCallback
 .text.UART_WaitOnFlagUntilTimeout
                0x0000000008007064       0xdc ./Drivers/STM32F4xx_HAL_Driver/Src/stm32f4xx_hal_uart.o
 .text.UART_EndRxTransfer
                0x0000000008007140       0xc6 ./Drivers/STM32F4xx_HAL_Driver/Src/stm32f4xx_hal_uart.o
 .text.UART_DMAAbortOnError
                0x0000000008007206       0x28 ./Drivers/STM32F4xx_HAL_Driver/Src/stm32f4xx_hal_uart.o
 .text.UART_Transmit_IT
                0x000000000800722e       0xa0 ./Drivers/STM32F4xx_HAL_Driver/Src/stm32f4xx_hal_uart.o
 .text.UART_EndTransmit_IT
                0x00000000080072ce       0x30 ./Drivers/STM32F4xx_HAL_Driver/Src/stm32f4xx_hal_uart.o
 .text.UART_Receive_IT
                0x00000000080072fe      0x176 ./Drivers/STM32F4xx_HAL_Driver/Src/stm32f4xx_hal_uart.o
 .text.UART_SetConfig
                0x0000000008007474      0x390 ./Drivers/STM32F4xx_HAL_Driver/Src/stm32f4xx_hal_uart.o
 .text.FSMC_NORSRAM_Init
                0x0000000008007804       0xa4 ./Drivers/STM32F4xx_HAL_Driver/Src/stm32f4xx_ll_fsmc.o
                0x0000000008007804                FSMC_NORSRAM_Init
 .text.FSMC_NORSRAM_Timing_Init
                0x00000000080078a8       0x7a ./Drivers/STM32F4xx_HAL_Driver/Src/stm32f4xx_ll_fsmc.o
                0x00000000080078a8                FSMC_NORSRAM_Timing_Init
 *fill*         0x0000000008007922        0x2 
 .text.FSMC_NORSRAM_Extended_Timing_Init
                0x0000000008007924       0x80 ./Drivers/STM32F4xx_HAL_Driver/Src/stm32f4xx_ll_fsmc.o
                0x0000000008007924                FSMC_NORSRAM_Extended_Timing_Init
 .text.USB_CoreInit
                0x00000000080079a4       0xc2 ./Drivers/STM32F4xx_HAL_Driver/Src/stm32f4xx_ll_usb.o
                0x00000000080079a4                USB_CoreInit
 .text.USB_EnableGlobalInt
                0x0000000008007a66       0x22 ./Drivers/STM32F4xx_HAL_Driver/Src/stm32f4xx_ll_usb.o
                0x0000000008007a66                USB_EnableGlobalInt
 .text.USB_DisableGlobalInt
                0x0000000008007a88       0x22 ./Drivers/STM32F4xx_HAL_Driver/Src/stm32f4xx_ll_usb.o
                0x0000000008007a88                USB_DisableGlobalInt
 .text.USB_SetCurrentMode
                0x0000000008007aaa       0x98 ./Drivers/STM32F4xx_HAL_Driver/Src/stm32f4xx_ll_usb.o
                0x0000000008007aaa                USB_SetCurrentMode
 *fill*         0x0000000008007b42        0x2 
 .text.USB_FlushTxFifo
                0x0000000008007b44       0x48 ./Drivers/STM32F4xx_HAL_Driver/Src/stm32f4xx_ll_usb.o
                0x0000000008007b44                USB_FlushTxFifo
 .text.USB_FlushRxFifo
                0x0000000008007b8c       0x40 ./Drivers/STM32F4xx_HAL_Driver/Src/stm32f4xx_ll_usb.o
                0x0000000008007b8c                USB_FlushRxFifo
 .text.USB_WritePacket
                0x0000000008007bcc       0x7c ./Drivers/STM32F4xx_HAL_Driver/Src/stm32f4xx_ll_usb.o
                0x0000000008007bcc                USB_WritePacket
 .text.USB_ReadPacket
                0x0000000008007c48       0xb0 ./Drivers/STM32F4xx_HAL_Driver/Src/stm32f4xx_ll_usb.o
                0x0000000008007c48                USB_ReadPacket
 .text.USB_ReadInterrupts
                0x0000000008007cf8       0x26 ./Drivers/STM32F4xx_HAL_Driver/Src/stm32f4xx_ll_usb.o
                0x0000000008007cf8                USB_ReadInterrupts
 .text.USB_GetMode
                0x0000000008007d1e       0x1c ./Drivers/STM32F4xx_HAL_Driver/Src/stm32f4xx_ll_usb.o
                0x0000000008007d1e                USB_GetMode
 *fill*         0x0000000008007d3a        0x2 
 .text.USB_CoreReset
                0x0000000008007d3c       0x64 ./Drivers/STM32F4xx_HAL_Driver/Src/stm32f4xx_ll_usb.o
 .text.USB_HostInit
                0x0000000008007da0      0x168 ./Drivers/STM32F4xx_HAL_Driver/Src/stm32f4xx_ll_usb.o
                0x0000000008007da0                USB_HostInit
 .text.USB_InitFSLSPClkSel
                0x0000000008007f08       0x74 ./Drivers/STM32F4xx_HAL_Driver/Src/stm32f4xx_ll_usb.o
                0x0000000008007f08                USB_InitFSLSPClkSel
 .text.USB_ResetPort
                0x0000000008007f7c       0x54 ./Drivers/STM32F4xx_HAL_Driver/Src/stm32f4xx_ll_usb.o
                0x0000000008007f7c                USB_ResetPort
 .text.USB_DriveVbus
                0x0000000008007fd0       0x72 ./Drivers/STM32F4xx_HAL_Driver/Src/stm32f4xx_ll_usb.o
                0x0000000008007fd0                USB_DriveVbus
 .text.USB_GetHostSpeed
                0x0000000008008042       0x2e ./Drivers/STM32F4xx_HAL_Driver/Src/stm32f4xx_ll_usb.o
                0x0000000008008042                USB_GetHostSpeed
 .text.USB_GetCurrentFrame
                0x0000000008008070       0x22 ./Drivers/STM32F4xx_HAL_Driver/Src/stm32f4xx_ll_usb.o
                0x0000000008008070                USB_GetCurrentFrame
 *fill*         0x0000000008008092        0x2 
 .text.USB_HC_Init
                0x0000000008008094      0x21c ./Drivers/STM32F4xx_HAL_Driver/Src/stm32f4xx_ll_usb.o
                0x0000000008008094                USB_HC_Init
 .text.USB_HC_StartXfer
                0x00000000080082b0      0x284 ./Drivers/STM32F4xx_HAL_Driver/Src/stm32f4xx_ll_usb.o
                0x00000000080082b0                USB_HC_StartXfer
 .text.USB_HC_ReadInterrupt
                0x0000000008008534       0x22 ./Drivers/STM32F4xx_HAL_Driver/Src/stm32f4xx_ll_usb.o
                0x0000000008008534                USB_HC_ReadInterrupt
 .text.USB_HC_Halt
                0x0000000008008556      0x238 ./Drivers/STM32F4xx_HAL_Driver/Src/stm32f4xx_ll_usb.o
                0x0000000008008556                USB_HC_Halt
 *fill*         0x000000000800878e        0x2 
 .text.USB_DoPing
                0x0000000008008790       0x78 ./Drivers/STM32F4xx_HAL_Driver/Src/stm32f4xx_ll_usb.o
                0x0000000008008790                USB_DoPing
 .text.USB_StopHost
                0x0000000008008808      0x10c ./Drivers/STM32F4xx_HAL_Driver/Src/stm32f4xx_ll_usb.o
                0x0000000008008808                USB_StopHost
 .text.MX_FATFS_Init
                0x0000000008008914       0x24 ./FATFS/App/fatfs.o
                0x0000000008008914                MX_FATFS_Init
 .text.get_fattime
                0x0000000008008938       0x10 ./FATFS/App/fatfs.o
                0x0000000008008938                get_fattime
 .text.USBH_initialize
                0x0000000008008948       0x18 ./FATFS/Target/usbh_diskio.o
                0x0000000008008948                USBH_initialize
 .text.USBH_status
                0x0000000008008960       0x38 ./FATFS/Target/usbh_diskio.o
                0x0000000008008960                USBH_status
 .text.USBH_read
                0x0000000008008998       0x90 ./FATFS/Target/usbh_diskio.o
                0x0000000008008998                USBH_read
 .text.USBH_write
                0x0000000008008a28       0xb4 ./FATFS/Target/usbh_diskio.o
                0x0000000008008a28                USBH_write
 .text.USBH_ioctl
                0x0000000008008adc       0xd8 ./FATFS/Target/usbh_diskio.o
                0x0000000008008adc                USBH_ioctl
 .text.USBH_MSC_InterfaceInit
                0x0000000008008bb4      0x250 ./Middlewares/ST/STM32_USB_Host_Library/Class/MSC/Src/usbh_msc.o
 .text.USBH_MSC_InterfaceDeInit
                0x0000000008008e04       0x8c ./Middlewares/ST/STM32_USB_Host_Library/Class/MSC/Src/usbh_msc.o
 .text.USBH_MSC_ClassRequest
                0x0000000008008e90       0xe4 ./Middlewares/ST/STM32_USB_Host_Library/Class/MSC/Src/usbh_msc.o
 .text.USBH_MSC_Process
                0x0000000008008f74      0x704 ./Middlewares/ST/STM32_USB_Host_Library/Class/MSC/Src/usbh_msc.o
 .text.USBH_MSC_SOFProcess
                0x0000000008009678       0x16 ./Middlewares/ST/STM32_USB_Host_Library/Class/MSC/Src/usbh_msc.o
 *fill*         0x000000000800968e        0x2 
 .text.USBH_MSC_RdWrProcess
                0x0000000008009690      0x218 ./Middlewares/ST/STM32_USB_Host_Library/Class/MSC/Src/usbh_msc.o
 .text.USBH_MSC_UnitIsReady
                0x00000000080098a8       0x4c ./Middlewares/ST/STM32_USB_Host_Library/Class/MSC/Src/usbh_msc.o
                0x00000000080098a8                USBH_MSC_UnitIsReady
 .text.USBH_MSC_GetLUNInfo
                0x00000000080098f4       0x48 ./Middlewares/ST/STM32_USB_Host_Library/Class/MSC/Src/usbh_msc.o
                0x00000000080098f4                USBH_MSC_GetLUNInfo
 .text.USBH_MSC_Read
                0x000000000800993c       0xd2 ./Middlewares/ST/STM32_USB_Host_Library/Class/MSC/Src/usbh_msc.o
                0x000000000800993c                USBH_MSC_Read
 .text.USBH_MSC_Write
                0x0000000008009a0e       0xd2 ./Middlewares/ST/STM32_USB_Host_Library/Class/MSC/Src/usbh_msc.o
                0x0000000008009a0e                USBH_MSC_Write
 .text.USBH_MSC_BOT_REQ_Reset
                0x0000000008009ae0       0x3a ./Middlewares/ST/STM32_USB_Host_Library/Class/MSC/Src/usbh_msc_bot.o
                0x0000000008009ae0                USBH_MSC_BOT_REQ_Reset
 .text.USBH_MSC_BOT_REQ_GetMaxLUN
                0x0000000008009b1a       0x3c ./Middlewares/ST/STM32_USB_Host_Library/Class/MSC/Src/usbh_msc_bot.o
                0x0000000008009b1a                USBH_MSC_BOT_REQ_GetMaxLUN
 *fill*         0x0000000008009b56        0x2 
 .text.USBH_MSC_BOT_Init
                0x0000000008009b58       0x44 ./Middlewares/ST/STM32_USB_Host_Library/Class/MSC/Src/usbh_msc_bot.o
                0x0000000008009b58                USBH_MSC_BOT_Init
 .text.USBH_MSC_BOT_Process
                0x0000000008009b9c      0x39c ./Middlewares/ST/STM32_USB_Host_Library/Class/MSC/Src/usbh_msc_bot.o
                0x0000000008009b9c                USBH_MSC_BOT_Process
 .text.USBH_MSC_BOT_Abort
                0x0000000008009f38       0x58 ./Middlewares/ST/STM32_USB_Host_Library/Class/MSC/Src/usbh_msc_bot.o
 .text.USBH_MSC_DecodeCSW
                0x0000000008009f90       0x88 ./Middlewares/ST/STM32_USB_Host_Library/Class/MSC/Src/usbh_msc_bot.o
 .text.USBH_MSC_SCSI_TestUnitReady
                0x000000000800a018       0x86 ./Middlewares/ST/STM32_USB_Host_Library/Class/MSC/Src/usbh_msc_scsi.o
                0x000000000800a018                USBH_MSC_SCSI_TestUnitReady
 .text.USBH_MSC_SCSI_ReadCapacity
                0x000000000800a09e       0xf6 ./Middlewares/ST/STM32_USB_Host_Library/Class/MSC/Src/usbh_msc_scsi.o
                0x000000000800a09e                USBH_MSC_SCSI_ReadCapacity
 .text.USBH_MSC_SCSI_Inquiry
                0x000000000800a194      0x14a ./Middlewares/ST/STM32_USB_Host_Library/Class/MSC/Src/usbh_msc_scsi.o
                0x000000000800a194                USBH_MSC_SCSI_Inquiry
 .text.USBH_MSC_SCSI_RequestSense
                0x000000000800a2de       0xf2 ./Middlewares/ST/STM32_USB_Host_Library/Class/MSC/Src/usbh_msc_scsi.o
                0x000000000800a2de                USBH_MSC_SCSI_RequestSense
 .text.USBH_MSC_SCSI_Write
                0x000000000800a3d0       0xd6 ./Middlewares/ST/STM32_USB_Host_Library/Class/MSC/Src/usbh_msc_scsi.o
                0x000000000800a3d0                USBH_MSC_SCSI_Write
 .text.USBH_MSC_SCSI_Read
                0x000000000800a4a6       0xd6 ./Middlewares/ST/STM32_USB_Host_Library/Class/MSC/Src/usbh_msc_scsi.o
                0x000000000800a4a6                USBH_MSC_SCSI_Read
 .text.USBH_Init
                0x000000000800a57c       0x90 ./Middlewares/ST/STM32_USB_Host_Library/Core/Src/usbh_core.o
                0x000000000800a57c                USBH_Init
 .text.DeInitStateMachine
                0x000000000800a60c       0xa8 ./Middlewares/ST/STM32_USB_Host_Library/Core/Src/usbh_core.o
 .text.USBH_RegisterClass
                0x000000000800a6b4       0x80 ./Middlewares/ST/STM32_USB_Host_Library/Core/Src/usbh_core.o
                0x000000000800a6b4                USBH_RegisterClass
 .text.USBH_SelectInterface
                0x000000000800a734       0xd0 ./Middlewares/ST/STM32_USB_Host_Library/Core/Src/usbh_core.o
                0x000000000800a734                USBH_SelectInterface
 .text.USBH_FindInterface
                0x000000000800a804       0x8c ./Middlewares/ST/STM32_USB_Host_Library/Core/Src/usbh_core.o
                0x000000000800a804                USBH_FindInterface
 .text.USBH_Start
                0x000000000800a890       0x20 ./Middlewares/ST/STM32_USB_Host_Library/Core/Src/usbh_core.o
                0x000000000800a890                USBH_Start
 .text.USBH_Process
                0x000000000800a8b0      0x4c0 ./Middlewares/ST/STM32_USB_Host_Library/Core/Src/usbh_core.o
                0x000000000800a8b0                USBH_Process
 .text.USBH_HandleEnum
                0x000000000800ad70      0x560 ./Middlewares/ST/STM32_USB_Host_Library/Core/Src/usbh_core.o
 .text.USBH_LL_SetTimer
                0x000000000800b2d0       0x1e ./Middlewares/ST/STM32_USB_Host_Library/Core/Src/usbh_core.o
                0x000000000800b2d0                USBH_LL_SetTimer
 .text.USBH_LL_IncTimer
                0x000000000800b2ee       0x24 ./Middlewares/ST/STM32_USB_Host_Library/Core/Src/usbh_core.o
                0x000000000800b2ee                USBH_LL_IncTimer
 .text.USBH_HandleSof
                0x000000000800b312       0x30 ./Middlewares/ST/STM32_USB_Host_Library/Core/Src/usbh_core.o
 .text.USBH_LL_PortEnabled
                0x000000000800b342       0x1c ./Middlewares/ST/STM32_USB_Host_Library/Core/Src/usbh_core.o
                0x000000000800b342                USBH_LL_PortEnabled
 .text.USBH_LL_PortDisabled
                0x000000000800b35e       0x1c ./Middlewares/ST/STM32_USB_Host_Library/Core/Src/usbh_core.o
                0x000000000800b35e                USBH_LL_PortDisabled
 .text.USBH_LL_Connect
                0x000000000800b37a       0x2e ./Middlewares/ST/STM32_USB_Host_Library/Core/Src/usbh_core.o
                0x000000000800b37a                USBH_LL_Connect
 .text.USBH_LL_Disconnect
                0x000000000800b3a8       0x48 ./Middlewares/ST/STM32_USB_Host_Library/Core/Src/usbh_core.o
                0x000000000800b3a8                USBH_LL_Disconnect
 .text.USBH_Get_DevDesc
                0x000000000800b3f0       0x50 ./Middlewares/ST/STM32_USB_Host_Library/Core/Src/usbh_ctlreq.o
                0x000000000800b3f0                USBH_Get_DevDesc
 .text.USBH_Get_CfgDesc
                0x000000000800b440       0x48 ./Middlewares/ST/STM32_USB_Host_Library/Core/Src/usbh_ctlreq.o
                0x000000000800b440                USBH_Get_CfgDesc
 .text.USBH_Get_StringDesc
                0x000000000800b488       0x56 ./Middlewares/ST/STM32_USB_Host_Library/Core/Src/usbh_ctlreq.o
                0x000000000800b488                USBH_Get_StringDesc
 .text.USBH_GetDescriptor
                0x000000000800b4de       0x6a ./Middlewares/ST/STM32_USB_Host_Library/Core/Src/usbh_ctlreq.o
                0x000000000800b4de                USBH_GetDescriptor
 .text.USBH_SetAddress
                0x000000000800b548       0x48 ./Middlewares/ST/STM32_USB_Host_Library/Core/Src/usbh_ctlreq.o
                0x000000000800b548                USBH_SetAddress
 .text.USBH_SetCfg
                0x000000000800b590       0x46 ./Middlewares/ST/STM32_USB_Host_Library/Core/Src/usbh_ctlreq.o
                0x000000000800b590                USBH_SetCfg
 .text.USBH_SetFeature
                0x000000000800b5d6       0x48 ./Middlewares/ST/STM32_USB_Host_Library/Core/Src/usbh_ctlreq.o
                0x000000000800b5d6                USBH_SetFeature
 .text.USBH_ClrFeature
                0x000000000800b61e       0x48 ./Middlewares/ST/STM32_USB_Host_Library/Core/Src/usbh_ctlreq.o
                0x000000000800b61e                USBH_ClrFeature
 .text.USBH_ParseDevDesc
                0x000000000800b666       0xe0 ./Middlewares/ST/STM32_USB_Host_Library/Core/Src/usbh_ctlreq.o
 .text.USBH_ParseCfgDesc
                0x000000000800b746      0x144 ./Middlewares/ST/STM32_USB_Host_Library/Core/Src/usbh_ctlreq.o
 .text.USBH_ParseInterfaceDesc
                0x000000000800b88a       0x5e ./Middlewares/ST/STM32_USB_Host_Library/Core/Src/usbh_ctlreq.o
 .text.USBH_ParseEPDesc
                0x000000000800b8e8       0x5a ./Middlewares/ST/STM32_USB_Host_Library/Core/Src/usbh_ctlreq.o
 .text.USBH_ParseStringDesc
                0x000000000800b942       0x66 ./Middlewares/ST/STM32_USB_Host_Library/Core/Src/usbh_ctlreq.o
 .text.USBH_GetNextDesc
                0x000000000800b9a8       0x36 ./Middlewares/ST/STM32_USB_Host_Library/Core/Src/usbh_ctlreq.o
                0x000000000800b9a8                USBH_GetNextDesc
 .text.USBH_CtlReq
                0x000000000800b9de       0x7a ./Middlewares/ST/STM32_USB_Host_Library/Core/Src/usbh_ctlreq.o
                0x000000000800b9de                USBH_CtlReq
 .text.USBH_HandleControl
                0x000000000800ba58      0x304 ./Middlewares/ST/STM32_USB_Host_Library/Core/Src/usbh_ctlreq.o
 .text.USBH_CtlSendSetup
                0x000000000800bd5c       0x34 ./Middlewares/ST/STM32_USB_Host_Library/Core/Src/usbh_ioreq.o
                0x000000000800bd5c                USBH_CtlSendSetup
 .text.USBH_CtlSendData
                0x000000000800bd90       0x4a ./Middlewares/ST/STM32_USB_Host_Library/Core/Src/usbh_ioreq.o
                0x000000000800bd90                USBH_CtlSendData
 .text.USBH_CtlReceiveData
                0x000000000800bdda       0x3c ./Middlewares/ST/STM32_USB_Host_Library/Core/Src/usbh_ioreq.o
                0x000000000800bdda                USBH_CtlReceiveData
 .text.USBH_BulkSendData
                0x000000000800be16       0x4a ./Middlewares/ST/STM32_USB_Host_Library/Core/Src/usbh_ioreq.o
                0x000000000800be16                USBH_BulkSendData
 .text.USBH_BulkReceiveData
                0x000000000800be60       0x3c ./Middlewares/ST/STM32_USB_Host_Library/Core/Src/usbh_ioreq.o
                0x000000000800be60                USBH_BulkReceiveData
 .text.USBH_OpenPipe
                0x000000000800be9c       0x3e ./Middlewares/ST/STM32_USB_Host_Library/Core/Src/usbh_pipes.o
                0x000000000800be9c                USBH_OpenPipe
 .text.USBH_ClosePipe
                0x000000000800beda       0x20 ./Middlewares/ST/STM32_USB_Host_Library/Core/Src/usbh_pipes.o
                0x000000000800beda                USBH_ClosePipe
 .text.USBH_AllocPipe
                0x000000000800befa       0x42 ./Middlewares/ST/STM32_USB_Host_Library/Core/Src/usbh_pipes.o
                0x000000000800befa                USBH_AllocPipe
 .text.USBH_FreePipe
                0x000000000800bf3c       0x3c ./Middlewares/ST/STM32_USB_Host_Library/Core/Src/usbh_pipes.o
                0x000000000800bf3c                USBH_FreePipe
 .text.USBH_GetFreePipe
                0x000000000800bf78       0x48 ./Middlewares/ST/STM32_USB_Host_Library/Core/Src/usbh_pipes.o
 .text.disk_status
                0x000000000800bfc0       0x34 ./Middlewares/Third_Party/FatFs/src/diskio.o
                0x000000000800bfc0                disk_status
 .text.disk_initialize
                0x000000000800bff4       0x4c ./Middlewares/Third_Party/FatFs/src/diskio.o
                0x000000000800bff4                disk_initialize
 .text.disk_read
                0x000000000800c040       0x40 ./Middlewares/Third_Party/FatFs/src/diskio.o
                0x000000000800c040                disk_read
 .text.disk_write
                0x000000000800c080       0x40 ./Middlewares/Third_Party/FatFs/src/diskio.o
                0x000000000800c080                disk_write
 .text.disk_ioctl
                0x000000000800c0c0       0x3c ./Middlewares/Third_Party/FatFs/src/diskio.o
                0x000000000800c0c0                disk_ioctl
 .text.ld_word  0x000000000800c0fc       0x30 ./Middlewares/Third_Party/FatFs/src/ff.o
 .text.ld_dword
                0x000000000800c12c       0x46 ./Middlewares/Third_Party/FatFs/src/ff.o
 .text.st_word  0x000000000800c172       0x36 ./Middlewares/Third_Party/FatFs/src/ff.o
 .text.st_dword
                0x000000000800c1a8       0x58 ./Middlewares/Third_Party/FatFs/src/ff.o
 .text.mem_cpy  0x000000000800c200       0x42 ./Middlewares/Third_Party/FatFs/src/ff.o
 .text.mem_set  0x000000000800c242       0x36 ./Middlewares/Third_Party/FatFs/src/ff.o
 .text.mem_cmp  0x000000000800c278       0x4e ./Middlewares/Third_Party/FatFs/src/ff.o
 .text.chk_chr  0x000000000800c2c6       0x36 ./Middlewares/Third_Party/FatFs/src/ff.o
 .text.chk_lock
                0x000000000800c2fc       0xb8 ./Middlewares/Third_Party/FatFs/src/ff.o
 .text.enq_lock
                0x000000000800c3b4       0x44 ./Middlewares/Third_Party/FatFs/src/ff.o
 .text.inc_lock
                0x000000000800c3f8      0x11c ./Middlewares/Third_Party/FatFs/src/ff.o
 .text.dec_lock
                0x000000000800c514       0x78 ./Middlewares/Third_Party/FatFs/src/ff.o
 .text.clear_lock
                0x000000000800c58c       0x48 ./Middlewares/Third_Party/FatFs/src/ff.o
 .text.sync_window
                0x000000000800c5d4       0x88 ./Middlewares/Third_Party/FatFs/src/ff.o
 .text.move_window
                0x000000000800c65c       0x5a ./Middlewares/Third_Party/FatFs/src/ff.o
 *fill*         0x000000000800c6b6        0x2 
 .text.sync_fs  0x000000000800c6b8       0xe0 ./Middlewares/Third_Party/FatFs/src/ff.o
 .text.clust2sect
                0x000000000800c798       0x3e ./Middlewares/Third_Party/FatFs/src/ff.o
 .text.get_fat  0x000000000800c7d6      0x1a8 ./Middlewares/Third_Party/FatFs/src/ff.o
 .text.put_fat  0x000000000800c97e      0x238 ./Middlewares/Third_Party/FatFs/src/ff.o
 .text.remove_chain
                0x000000000800cbb6       0xca ./Middlewares/Third_Party/FatFs/src/ff.o
 .text.create_chain
                0x000000000800cc80      0x130 ./Middlewares/Third_Party/FatFs/src/ff.o
 .text.clmt_clust
                0x000000000800cdb0       0x70 ./Middlewares/Third_Party/FatFs/src/ff.o
 .text.dir_sdi  0x000000000800ce20      0x112 ./Middlewares/Third_Party/FatFs/src/ff.o
 .text.dir_next
                0x000000000800cf32      0x1ac ./Middlewares/Third_Party/FatFs/src/ff.o
 .text.dir_alloc
                0x000000000800d0de       0x8e ./Middlewares/Third_Party/FatFs/src/ff.o
 .text.ld_clust
                0x000000000800d16c       0x3e ./Middlewares/Third_Party/FatFs/src/ff.o
 .text.st_clust
                0x000000000800d1aa       0x40 ./Middlewares/Third_Party/FatFs/src/ff.o
 .text.dir_find
                0x000000000800d1ea       0xaa ./Middlewares/Third_Party/FatFs/src/ff.o
 .text.dir_register
                0x000000000800d294       0x64 ./Middlewares/Third_Party/FatFs/src/ff.o
 .text.create_name
                0x000000000800d2f8      0x128 ./Middlewares/Third_Party/FatFs/src/ff.o
 .text.follow_path
                0x000000000800d420       0xec ./Middlewares/Third_Party/FatFs/src/ff.o
 .text.get_ldnumber
                0x000000000800d50c       0x88 ./Middlewares/Third_Party/FatFs/src/ff.o
 .text.check_fs
                0x000000000800d594       0xac ./Middlewares/Third_Party/FatFs/src/ff.o
 .text.find_volume
                0x000000000800d640      0x508 ./Middlewares/Third_Party/FatFs/src/ff.o
 .text.validate
                0x000000000800db48       0x6a ./Middlewares/Third_Party/FatFs/src/ff.o
 *fill*         0x000000000800dbb2        0x2 
 .text.f_mount  0x000000000800dbb4       0x8c ./Middlewares/Third_Party/FatFs/src/ff.o
                0x000000000800dbb4                f_mount
 .text.f_open   0x000000000800dc40      0x398 ./Middlewares/Third_Party/FatFs/src/ff.o
                0x000000000800dc40                f_open
 .text.f_write  0x000000000800dfd8      0x328 ./Middlewares/Third_Party/FatFs/src/ff.o
                0x000000000800dfd8                f_write
 .text.f_sync   0x000000000800e300       0xfc ./Middlewares/Third_Party/FatFs/src/ff.o
                0x000000000800e300                f_sync
 .text.f_close  0x000000000800e3fc       0x54 ./Middlewares/Third_Party/FatFs/src/ff.o
                0x000000000800e3fc                f_close
 .text.f_getfree
                0x000000000800e450      0x16a ./Middlewares/Third_Party/FatFs/src/ff.o
                0x000000000800e450                f_getfree
 *fill*         0x000000000800e5ba        0x2 
 .text.FATFS_LinkDriverEx
                0x000000000800e5bc       0x98 ./Middlewares/Third_Party/FatFs/src/ff_gen_drv.o
                0x000000000800e5bc                FATFS_LinkDriverEx
 .text.FATFS_LinkDriver
                0x000000000800e654       0x1e ./Middlewares/Third_Party/FatFs/src/ff_gen_drv.o
                0x000000000800e654                FATFS_LinkDriver
 *fill*         0x000000000800e672        0x2 
 .text.FATFS_UnLinkDriverEx
                0x000000000800e674       0x70 ./Middlewares/Third_Party/FatFs/src/ff_gen_drv.o
                0x000000000800e674                FATFS_UnLinkDriverEx
 .text.FATFS_UnLinkDriver
                0x000000000800e6e4       0x1a ./Middlewares/Third_Party/FatFs/src/ff_gen_drv.o
                0x000000000800e6e4                FATFS_UnLinkDriver
 *fill*         0x000000000800e6fe        0x2 
 .text.__io_putchar
                0x000000000800e700       0x24 ./USB_HOST/App/usb_host.o
                0x000000000800e700                __io_putchar
 .text.MX_USB_HOST_Init
                0x000000000800e724       0x4c ./USB_HOST/App/usb_host.o
                0x000000000800e724                MX_USB_HOST_Init
 .text.MX_USB_HOST_Process
                0x000000000800e770       0x14 ./USB_HOST/App/usb_host.o
                0x000000000800e770                MX_USB_HOST_Process
 .text.USBH_UserProcess
                0x000000000800e784       0x5c ./USB_HOST/App/usb_host.o
 .text.HAL_HCD_MspInit
                0x000000000800e7e0       0xc4 ./USB_HOST/Target/usbh_conf.o
                0x000000000800e7e0                HAL_HCD_MspInit
 .text.HAL_HCD_SOF_Callback
                0x000000000800e8a4       0x1c ./USB_HOST/Target/usbh_conf.o
                0x000000000800e8a4                HAL_HCD_SOF_Callback
 .text.HAL_HCD_Connect_Callback
                0x000000000800e8c0       0x1c ./USB_HOST/Target/usbh_conf.o
                0x000000000800e8c0                HAL_HCD_Connect_Callback
 .text.HAL_HCD_Disconnect_Callback
                0x000000000800e8dc       0x1c ./USB_HOST/Target/usbh_conf.o
                0x000000000800e8dc                HAL_HCD_Disconnect_Callback
 .text.HAL_HCD_HC_NotifyURBChange_Callback
                0x000000000800e8f8       0x1c ./USB_HOST/Target/usbh_conf.o
                0x000000000800e8f8                HAL_HCD_HC_NotifyURBChange_Callback
 .text.HAL_HCD_PortEnabled_Callback
                0x000000000800e914       0x1c ./USB_HOST/Target/usbh_conf.o
                0x000000000800e914                HAL_HCD_PortEnabled_Callback
 .text.HAL_HCD_PortDisabled_Callback
                0x000000000800e930       0x1c ./USB_HOST/Target/usbh_conf.o
                0x000000000800e930                HAL_HCD_PortDisabled_Callback
 .text.USBH_LL_Init
                0x000000000800e94c       0x78 ./USB_HOST/Target/usbh_conf.o
                0x000000000800e94c                USBH_LL_Init
 .text.USBH_LL_Start
                0x000000000800e9c4       0x36 ./USB_HOST/Target/usbh_conf.o
                0x000000000800e9c4                USBH_LL_Start
 .text.USBH_LL_Stop
                0x000000000800e9fa       0x36 ./USB_HOST/Target/usbh_conf.o
                0x000000000800e9fa                USBH_LL_Stop
 .text.USBH_LL_GetSpeed
                0x000000000800ea30       0x4e ./USB_HOST/Target/usbh_conf.o
                0x000000000800ea30                USBH_LL_GetSpeed
 .text.USBH_LL_ResetPort
                0x000000000800ea7e       0x36 ./USB_HOST/Target/usbh_conf.o
                0x000000000800ea7e                USBH_LL_ResetPort
 .text.USBH_LL_GetLastXferSize
                0x000000000800eab4       0x26 ./USB_HOST/Target/usbh_conf.o
                0x000000000800eab4                USBH_LL_GetLastXferSize
 .text.USBH_LL_OpenPipe
                0x000000000800eada       0x5e ./USB_HOST/Target/usbh_conf.o
                0x000000000800eada                USBH_LL_OpenPipe
 .text.USBH_LL_ClosePipe
                0x000000000800eb38       0x3e ./USB_HOST/Target/usbh_conf.o
                0x000000000800eb38                USBH_LL_ClosePipe
 .text.USBH_LL_SubmitURB
                0x000000000800eb76       0x62 ./USB_HOST/Target/usbh_conf.o
                0x000000000800eb76                USBH_LL_SubmitURB
 .text.USBH_LL_GetURBState
                0x000000000800ebd8       0x26 ./USB_HOST/Target/usbh_conf.o
                0x000000000800ebd8                USBH_LL_GetURBState
 .text.USBH_LL_DriverVBUS
                0x000000000800ebfe       0x2e ./USB_HOST/Target/usbh_conf.o
                0x000000000800ebfe                USBH_LL_DriverVBUS
 .text.USBH_LL_SetToggle
                0x000000000800ec2c       0x60 ./USB_HOST/Target/usbh_conf.o
                0x000000000800ec2c                USBH_LL_SetToggle
 .text.USBH_LL_GetToggle
                0x000000000800ec8c       0x60 ./USB_HOST/Target/usbh_conf.o
                0x000000000800ec8c                USBH_LL_GetToggle
 .text.USBH_Delay
                0x000000000800ecec       0x16 ./USB_HOST/Target/usbh_conf.o
                0x000000000800ecec                USBH_Delay
 *fill*         0x000000000800ed02        0x2 
 .text.USBH_Get_USB_Status
                0x000000000800ed04       0x58 ./USB_HOST/Target/usbh_conf.o
                0x000000000800ed04                USBH_Get_USB_Status
 .text.MX_DriverVbusFS
                0x000000000800ed5c       0x38 ./USB_HOST/Target/usbh_platform.o
                0x000000000800ed5c                MX_DriverVbusFS
 .text.__errno  0x000000000800ed94        0xc d:/st/stm32cubeide_1.7.0/stm32cubeide/plugins/com.st.stm32cube.ide.mcu.externaltools.gnu-tools-for-stm32.9-2020-q2-update.win32_2.0.0.202105311346/tools/bin/../lib/gcc/arm-none-eabi/9.3.1/../../../../arm-none-eabi/lib/thumb/v7e-m+fp/hard\libc_nano.a(lib_a-errno.o)
                0x000000000800ed94                __errno
 .text.__libc_init_array
                0x000000000800eda0       0x48 d:/st/stm32cubeide_1.7.0/stm32cubeide/plugins/com.st.stm32cube.ide.mcu.externaltools.gnu-tools-for-stm32.9-2020-q2-update.win32_2.0.0.202105311346/tools/bin/../lib/gcc/arm-none-eabi/9.3.1/../../../../arm-none-eabi/lib/thumb/v7e-m+fp/hard\libc_nano.a(lib_a-init.o)
                0x000000000800eda0                __libc_init_array
 .text.malloc   0x000000000800ede8       0x10 d:/st/stm32cubeide_1.7.0/stm32cubeide/plugins/com.st.stm32cube.ide.mcu.externaltools.gnu-tools-for-stm32.9-2020-q2-update.win32_2.0.0.202105311346/tools/bin/../lib/gcc/arm-none-eabi/9.3.1/../../../../arm-none-eabi/lib/thumb/v7e-m+fp/hard\libc_nano.a(lib_a-malloc.o)
                0x000000000800ede8                malloc
 .text.free     0x000000000800edf8       0x10 d:/st/stm32cubeide_1.7.0/stm32cubeide/plugins/com.st.stm32cube.ide.mcu.externaltools.gnu-tools-for-stm32.9-2020-q2-update.win32_2.0.0.202105311346/tools/bin/../lib/gcc/arm-none-eabi/9.3.1/../../../../arm-none-eabi/lib/thumb/v7e-m+fp/hard\libc_nano.a(lib_a-malloc.o)
                0x000000000800edf8                free
 .text.memcpy   0x000000000800ee08       0x1c d:/st/stm32cubeide_1.7.0/stm32cubeide/plugins/com.st.stm32cube.ide.mcu.externaltools.gnu-tools-for-stm32.9-2020-q2-update.win32_2.0.0.202105311346/tools/bin/../lib/gcc/arm-none-eabi/9.3.1/../../../../arm-none-eabi/lib/thumb/v7e-m+fp/hard\libc_nano.a(lib_a-memcpy-stub.o)
                0x000000000800ee08                memcpy
 .text.memset   0x000000000800ee24       0x10 d:/st/stm32cubeide_1.7.0/stm32cubeide/plugins/com.st.stm32cube.ide.mcu.externaltools.gnu-tools-for-stm32.9-2020-q2-update.win32_2.0.0.202105311346/tools/bin/../lib/gcc/arm-none-eabi/9.3.1/../../../../arm-none-eabi/lib/thumb/v7e-m+fp/hard\libc_nano.a(lib_a-memset.o)
                0x000000000800ee24                memset
 .text._free_r  0x000000000800ee34       0xa0 d:/st/stm32cubeide_1.7.0/stm32cubeide/plugins/com.st.stm32cube.ide.mcu.externaltools.gnu-tools-for-stm32.9-2020-q2-update.win32_2.0.0.202105311346/tools/bin/../lib/gcc/arm-none-eabi/9.3.1/../../../../arm-none-eabi/lib/thumb/v7e-m+fp/hard\libc_nano.a(lib_a-nano-freer.o)
                0x000000000800ee34                _free_r
 .text._malloc_r
                0x000000000800eed4       0xb4 d:/st/stm32cubeide_1.7.0/stm32cubeide/plugins/com.st.stm32cube.ide.mcu.externaltools.gnu-tools-for-stm32.9-2020-q2-update.win32_2.0.0.202105311346/tools/bin/../lib/gcc/arm-none-eabi/9.3.1/../../../../arm-none-eabi/lib/thumb/v7e-m+fp/hard\libc_nano.a(lib_a-nano-mallocr.o)
                0x000000000800eed4                _malloc_r
 .text.printf   0x000000000800ef88       0x30 d:/st/stm32cubeide_1.7.0/stm32cubeide/plugins/com.st.stm32cube.ide.mcu.externaltools.gnu-tools-for-stm32.9-2020-q2-update.win32_2.0.0.202105311346/tools/bin/../lib/gcc/arm-none-eabi/9.3.1/../../../../arm-none-eabi/lib/thumb/v7e-m+fp/hard\libc_nano.a(lib_a-printf.o)
                0x000000000800ef88                iprintf
                0x000000000800ef88                printf
 .text.putchar  0x000000000800efb8       0x2c d:/st/stm32cubeide_1.7.0/stm32cubeide/plugins/com.st.stm32cube.ide.mcu.externaltools.gnu-tools-for-stm32.9-2020-q2-update.win32_2.0.0.202105311346/tools/bin/../lib/gcc/arm-none-eabi/9.3.1/../../../../arm-none-eabi/lib/thumb/v7e-m+fp/hard\libc_nano.a(lib_a-putchar.o)
                0x000000000800efb8                putchar
 .text._puts_r  0x000000000800efe4       0xdc d:/st/stm32cubeide_1.7.0/stm32cubeide/plugins/com.st.stm32cube.ide.mcu.externaltools.gnu-tools-for-stm32.9-2020-q2-update.win32_2.0.0.202105311346/tools/bin/../lib/gcc/arm-none-eabi/9.3.1/../../../../arm-none-eabi/lib/thumb/v7e-m+fp/hard\libc_nano.a(lib_a-puts.o)
                0x000000000800efe4                _puts_r
 .text.puts     0x000000000800f0c0       0x10 d:/st/stm32cubeide_1.7.0/stm32cubeide/plugins/com.st.stm32cube.ide.mcu.externaltools.gnu-tools-for-stm32.9-2020-q2-update.win32_2.0.0.202105311346/tools/bin/../lib/gcc/arm-none-eabi/9.3.1/../../../../arm-none-eabi/lib/thumb/v7e-m+fp/hard\libc_nano.a(lib_a-puts.o)
                0x000000000800f0c0                puts
 .text._sbrk_r  0x000000000800f0d0       0x20 d:/st/stm32cubeide_1.7.0/stm32cubeide/plugins/com.st.stm32cube.ide.mcu.externaltools.gnu-tools-for-stm32.9-2020-q2-update.win32_2.0.0.202105311346/tools/bin/../lib/gcc/arm-none-eabi/9.3.1/../../../../arm-none-eabi/lib/thumb/v7e-m+fp/hard\libc_nano.a(lib_a-sbrkr.o)
                0x000000000800f0d0                _sbrk_r
 .text.sprintf  0x000000000800f0f0       0x40 d:/st/stm32cubeide_1.7.0/stm32cubeide/plugins/com.st.stm32cube.ide.mcu.externaltools.gnu-tools-for-stm32.9-2020-q2-update.win32_2.0.0.202105311346/tools/bin/../lib/gcc/arm-none-eabi/9.3.1/../../../../arm-none-eabi/lib/thumb/v7e-m+fp/hard\libc_nano.a(lib_a-sprintf.o)
                0x000000000800f0f0                siprintf
                0x000000000800f0f0                sprintf
 .text.__swbuf_r
                0x000000000800f130       0xa4 d:/st/stm32cubeide_1.7.0/stm32cubeide/plugins/com.st.stm32cube.ide.mcu.externaltools.gnu-tools-for-stm32.9-2020-q2-update.win32_2.0.0.202105311346/tools/bin/../lib/gcc/arm-none-eabi/9.3.1/../../../../arm-none-eabi/lib/thumb/v7e-m+fp/hard\libc_nano.a(lib_a-wbuf.o)
                0x000000000800f130                __swbuf_r
 .text.__swsetup_r
                0x000000000800f1d4       0xdc d:/st/stm32cubeide_1.7.0/stm32cubeide/plugins/com.st.stm32cube.ide.mcu.externaltools.gnu-tools-for-stm32.9-2020-q2-update.win32_2.0.0.202105311346/tools/bin/../lib/gcc/arm-none-eabi/9.3.1/../../../../arm-none-eabi/lib/thumb/v7e-m+fp/hard\libc_nano.a(lib_a-wsetup.o)
                0x000000000800f1d4                __swsetup_r
 .text.__sflush_r
                0x000000000800f2b0      0x10c d:/st/stm32cubeide_1.7.0/stm32cubeide/plugins/com.st.stm32cube.ide.mcu.externaltools.gnu-tools-for-stm32.9-2020-q2-update.win32_2.0.0.202105311346/tools/bin/../lib/gcc/arm-none-eabi/9.3.1/../../../../arm-none-eabi/lib/thumb/v7e-m+fp/hard\libc_nano.a(lib_a-fflush.o)
                0x000000000800f2b0                __sflush_r
 .text._fflush_r
                0x000000000800f3bc       0x78 d:/st/stm32cubeide_1.7.0/stm32cubeide/plugins/com.st.stm32cube.ide.mcu.externaltools.gnu-tools-for-stm32.9-2020-q2-update.win32_2.0.0.202105311346/tools/bin/../lib/gcc/arm-none-eabi/9.3.1/../../../../arm-none-eabi/lib/thumb/v7e-m+fp/hard\libc_nano.a(lib_a-fflush.o)
                0x000000000800f3bc                _fflush_r
 .text.std      0x000000000800f434       0x48 d:/st/stm32cubeide_1.7.0/stm32cubeide/plugins/com.st.stm32cube.ide.mcu.externaltools.gnu-tools-for-stm32.9-2020-q2-update.win32_2.0.0.202105311346/tools/bin/../lib/gcc/arm-none-eabi/9.3.1/../../../../arm-none-eabi/lib/thumb/v7e-m+fp/hard\libc_nano.a(lib_a-findfp.o)
 .text._cleanup_r
                0x000000000800f47c        0xc d:/st/stm32cubeide_1.7.0/stm32cubeide/plugins/com.st.stm32cube.ide.mcu.externaltools.gnu-tools-for-stm32.9-2020-q2-update.win32_2.0.0.202105311346/tools/bin/../lib/gcc/arm-none-eabi/9.3.1/../../../../arm-none-eabi/lib/thumb/v7e-m+fp/hard\libc_nano.a(lib_a-findfp.o)
                0x000000000800f47c                _cleanup_r
 .text.__sfmoreglue
                0x000000000800f488       0x2c d:/st/stm32cubeide_1.7.0/stm32cubeide/plugins/com.st.stm32cube.ide.mcu.externaltools.gnu-tools-for-stm32.9-2020-q2-update.win32_2.0.0.202105311346/tools/bin/../lib/gcc/arm-none-eabi/9.3.1/../../../../arm-none-eabi/lib/thumb/v7e-m+fp/hard\libc_nano.a(lib_a-findfp.o)
                0x000000000800f488                __sfmoreglue
 .text.__sfp_lock_acquire
                0x000000000800f4b4        0xc d:/st/stm32cubeide_1.7.0/stm32cubeide/plugins/com.st.stm32cube.ide.mcu.externaltools.gnu-tools-for-stm32.9-2020-q2-update.win32_2.0.0.202105311346/tools/bin/../lib/gcc/arm-none-eabi/9.3.1/../../../../arm-none-eabi/lib/thumb/v7e-m+fp/hard\libc_nano.a(lib_a-findfp.o)
                0x000000000800f4b4                __sfp_lock_acquire
 .text.__sfp_lock_release
                0x000000000800f4c0        0xc d:/st/stm32cubeide_1.7.0/stm32cubeide/plugins/com.st.stm32cube.ide.mcu.externaltools.gnu-tools-for-stm32.9-2020-q2-update.win32_2.0.0.202105311346/tools/bin/../lib/gcc/arm-none-eabi/9.3.1/../../../../arm-none-eabi/lib/thumb/v7e-m+fp/hard\libc_nano.a(lib_a-findfp.o)
                0x000000000800f4c0                __sfp_lock_release
 .text.__sinit_lock_acquire
                0x000000000800f4cc        0xc d:/st/stm32cubeide_1.7.0/stm32cubeide/plugins/com.st.stm32cube.ide.mcu.externaltools.gnu-tools-for-stm32.9-2020-q2-update.win32_2.0.0.202105311346/tools/bin/../lib/gcc/arm-none-eabi/9.3.1/../../../../arm-none-eabi/lib/thumb/v7e-m+fp/hard\libc_nano.a(lib_a-findfp.o)
                0x000000000800f4cc                __sinit_lock_acquire
 .text.__sinit_lock_release
                0x000000000800f4d8        0xc d:/st/stm32cubeide_1.7.0/stm32cubeide/plugins/com.st.stm32cube.ide.mcu.externaltools.gnu-tools-for-stm32.9-2020-q2-update.win32_2.0.0.202105311346/tools/bin/../lib/gcc/arm-none-eabi/9.3.1/../../../../arm-none-eabi/lib/thumb/v7e-m+fp/hard\libc_nano.a(lib_a-findfp.o)
                0x000000000800f4d8                __sinit_lock_release
 .text.__sinit  0x000000000800f4e4       0x70 d:/st/stm32cubeide_1.7.0/stm32cubeide/plugins/com.st.stm32cube.ide.mcu.externaltools.gnu-tools-for-stm32.9-2020-q2-update.win32_2.0.0.202105311346/tools/bin/../lib/gcc/arm-none-eabi/9.3.1/../../../../arm-none-eabi/lib/thumb/v7e-m+fp/hard\libc_nano.a(lib_a-findfp.o)
                0x000000000800f4e4                __sinit
 .text.__sfp    0x000000000800f554       0x8c d:/st/stm32cubeide_1.7.0/stm32cubeide/plugins/com.st.stm32cube.ide.mcu.externaltools.gnu-tools-for-stm32.9-2020-q2-update.win32_2.0.0.202105311346/tools/bin/../lib/gcc/arm-none-eabi/9.3.1/../../../../arm-none-eabi/lib/thumb/v7e-m+fp/hard\libc_nano.a(lib_a-findfp.o)
                0x000000000800f554                __sfp
 .text._fwalk_reent
                0x000000000800f5e0       0x3e d:/st/stm32cubeide_1.7.0/stm32cubeide/plugins/com.st.stm32cube.ide.mcu.externaltools.gnu-tools-for-stm32.9-2020-q2-update.win32_2.0.0.202105311346/tools/bin/../lib/gcc/arm-none-eabi/9.3.1/../../../../arm-none-eabi/lib/thumb/v7e-m+fp/hard\libc_nano.a(lib_a-fwalk.o)
                0x000000000800f5e0                _fwalk_reent
 .text.__retarget_lock_init_recursive
                0x000000000800f61e        0x2 d:/st/stm32cubeide_1.7.0/stm32cubeide/plugins/com.st.stm32cube.ide.mcu.externaltools.gnu-tools-for-stm32.9-2020-q2-update.win32_2.0.0.202105311346/tools/bin/../lib/gcc/arm-none-eabi/9.3.1/../../../../arm-none-eabi/lib/thumb/v7e-m+fp/hard\libc_nano.a(lib_a-lock.o)
                0x000000000800f61e                __retarget_lock_init_recursive
 .text.__retarget_lock_acquire_recursive
                0x000000000800f620        0x2 d:/st/stm32cubeide_1.7.0/stm32cubeide/plugins/com.st.stm32cube.ide.mcu.externaltools.gnu-tools-for-stm32.9-2020-q2-update.win32_2.0.0.202105311346/tools/bin/../lib/gcc/arm-none-eabi/9.3.1/../../../../arm-none-eabi/lib/thumb/v7e-m+fp/hard\libc_nano.a(lib_a-lock.o)
                0x000000000800f620                __retarget_lock_acquire_recursive
 .text.__retarget_lock_release_recursive
                0x000000000800f622        0x2 d:/st/stm32cubeide_1.7.0/stm32cubeide/plugins/com.st.stm32cube.ide.mcu.externaltools.gnu-tools-for-stm32.9-2020-q2-update.win32_2.0.0.202105311346/tools/bin/../lib/gcc/arm-none-eabi/9.3.1/../../../../arm-none-eabi/lib/thumb/v7e-m+fp/hard\libc_nano.a(lib_a-lock.o)
                0x000000000800f622                __retarget_lock_release_recursive
 .text.__swhatbuf_r
                0x000000000800f624       0x48 d:/st/stm32cubeide_1.7.0/stm32cubeide/plugins/com.st.stm32cube.ide.mcu.externaltools.gnu-tools-for-stm32.9-2020-q2-update.win32_2.0.0.202105311346/tools/bin/../lib/gcc/arm-none-eabi/9.3.1/../../../../arm-none-eabi/lib/thumb/v7e-m+fp/hard\libc_nano.a(lib_a-makebuf.o)
                0x000000000800f624                __swhatbuf_r
 .text.__smakebuf_r
                0x000000000800f66c       0x80 d:/st/stm32cubeide_1.7.0/stm32cubeide/plugins/com.st.stm32cube.ide.mcu.externaltools.gnu-tools-for-stm32.9-2020-q2-update.win32_2.0.0.202105311346/tools/bin/../lib/gcc/arm-none-eabi/9.3.1/../../../../arm-none-eabi/lib/thumb/v7e-m+fp/hard\libc_nano.a(lib_a-makebuf.o)
                0x000000000800f66c                __smakebuf_r
 .text.__malloc_lock
                0x000000000800f6ec        0xc d:/st/stm32cubeide_1.7.0/stm32cubeide/plugins/com.st.stm32cube.ide.mcu.externaltools.gnu-tools-for-stm32.9-2020-q2-update.win32_2.0.0.202105311346/tools/bin/../lib/gcc/arm-none-eabi/9.3.1/../../../../arm-none-eabi/lib/thumb/v7e-m+fp/hard\libc_nano.a(lib_a-mlock.o)
                0x000000000800f6ec                __malloc_lock
 .text.__malloc_unlock
                0x000000000800f6f8        0xc d:/st/stm32cubeide_1.7.0/stm32cubeide/plugins/com.st.stm32cube.ide.mcu.externaltools.gnu-tools-for-stm32.9-2020-q2-update.win32_2.0.0.202105311346/tools/bin/../lib/gcc/arm-none-eabi/9.3.1/../../../../arm-none-eabi/lib/thumb/v7e-m+fp/hard\libc_nano.a(lib_a-mlock.o)
                0x000000000800f6f8                __malloc_unlock
 .text.__ssputs_r
                0x000000000800f704       0xb6 d:/st/stm32cubeide_1.7.0/stm32cubeide/plugins/com.st.stm32cube.ide.mcu.externaltools.gnu-tools-for-stm32.9-2020-q2-update.win32_2.0.0.202105311346/tools/bin/../lib/gcc/arm-none-eabi/9.3.1/../../../../arm-none-eabi/lib/thumb/v7e-m+fp/hard\libc_nano.a(lib_a-nano-svfprintf.o)
                0x000000000800f704                __ssputs_r
 *fill*         0x000000000800f7ba        0x2 
 .text._svfprintf_r
                0x000000000800f7bc      0x200 d:/st/stm32cubeide_1.7.0/stm32cubeide/plugins/com.st.stm32cube.ide.mcu.externaltools.gnu-tools-for-stm32.9-2020-q2-update.win32_2.0.0.202105311346/tools/bin/../lib/gcc/arm-none-eabi/9.3.1/../../../../arm-none-eabi/lib/thumb/v7e-m+fp/hard\libc_nano.a(lib_a-nano-svfprintf.o)
                0x000000000800f7bc                _svfiprintf_r
                0x000000000800f7bc                _svfprintf_r
 .text.__sfputc_r
                0x000000000800f9bc       0x2e d:/st/stm32cubeide_1.7.0/stm32cubeide/plugins/com.st.stm32cube.ide.mcu.externaltools.gnu-tools-for-stm32.9-2020-q2-update.win32_2.0.0.202105311346/tools/bin/../lib/gcc/arm-none-eabi/9.3.1/../../../../arm-none-eabi/lib/thumb/v7e-m+fp/hard\libc_nano.a(lib_a-nano-vfprintf.o)
 .text.__sfputs_r
                0x000000000800f9ea       0x24 d:/st/stm32cubeide_1.7.0/stm32cubeide/plugins/com.st.stm32cube.ide.mcu.externaltools.gnu-tools-for-stm32.9-2020-q2-update.win32_2.0.0.202105311346/tools/bin/../lib/gcc/arm-none-eabi/9.3.1/../../../../arm-none-eabi/lib/thumb/v7e-m+fp/hard\libc_nano.a(lib_a-nano-vfprintf.o)
                0x000000000800f9ea                __sfputs_r
 *fill*         0x000000000800fa0e        0x2 
 .text._vfprintf_r
                0x000000000800fa10      0x260 d:/st/stm32cubeide_1.7.0/stm32cubeide/plugins/com.st.stm32cube.ide.mcu.externaltools.gnu-tools-for-stm32.9-2020-q2-update.win32_2.0.0.202105311346/tools/bin/../lib/gcc/arm-none-eabi/9.3.1/../../../../arm-none-eabi/lib/thumb/v7e-m+fp/hard\libc_nano.a(lib_a-nano-vfprintf.o)
                0x000000000800fa10                _vfprintf_r
                0x000000000800fa10                _vfiprintf_r
 .text._printf_common
                0x000000000800fc70       0xda d:/st/stm32cubeide_1.7.0/stm32cubeide/plugins/com.st.stm32cube.ide.mcu.externaltools.gnu-tools-for-stm32.9-2020-q2-update.win32_2.0.0.202105311346/tools/bin/../lib/gcc/arm-none-eabi/9.3.1/../../../../arm-none-eabi/lib/thumb/v7e-m+fp/hard\libc_nano.a(lib_a-nano-vfprintf_i.o)
                0x000000000800fc70                _printf_common
 *fill*         0x000000000800fd4a        0x2 
 .text._printf_i
                0x000000000800fd4c      0x24c d:/st/stm32cubeide_1.7.0/stm32cubeide/plugins/com.st.stm32cube.ide.mcu.externaltools.gnu-tools-for-stm32.9-2020-q2-update.win32_2.0.0.202105311346/tools/bin/../lib/gcc/arm-none-eabi/9.3.1/../../../../arm-none-eabi/lib/thumb/v7e-m+fp/hard\libc_nano.a(lib_a-nano-vfprintf_i.o)
                0x000000000800fd4c                _printf_i
 .text._putc_r  0x000000000800ff98       0x90 d:/st/stm32cubeide_1.7.0/stm32cubeide/plugins/com.st.stm32cube.ide.mcu.externaltools.gnu-tools-for-stm32.9-2020-q2-update.win32_2.0.0.202105311346/tools/bin/../lib/gcc/arm-none-eabi/9.3.1/../../../../arm-none-eabi/lib/thumb/v7e-m+fp/hard\libc_nano.a(lib_a-putc.o)
                0x000000000800ff98                _putc_r
 .text.__sread  0x0000000008010028       0x22 d:/st/stm32cubeide_1.7.0/stm32cubeide/plugins/com.st.stm32cube.ide.mcu.externaltools.gnu-tools-for-stm32.9-2020-q2-update.win32_2.0.0.202105311346/tools/bin/../lib/gcc/arm-none-eabi/9.3.1/../../../../arm-none-eabi/lib/thumb/v7e-m+fp/hard\libc_nano.a(lib_a-stdio.o)
                0x0000000008010028                __sread
 .text.__swrite
                0x000000000801004a       0x38 d:/st/stm32cubeide_1.7.0/stm32cubeide/plugins/com.st.stm32cube.ide.mcu.externaltools.gnu-tools-for-stm32.9-2020-q2-update.win32_2.0.0.202105311346/tools/bin/../lib/gcc/arm-none-eabi/9.3.1/../../../../arm-none-eabi/lib/thumb/v7e-m+fp/hard\libc_nano.a(lib_a-stdio.o)
                0x000000000801004a                __swrite
 .text.__sseek  0x0000000008010082       0x24 d:/st/stm32cubeide_1.7.0/stm32cubeide/plugins/com.st.stm32cube.ide.mcu.externaltools.gnu-tools-for-stm32.9-2020-q2-update.win32_2.0.0.202105311346/tools/bin/../lib/gcc/arm-none-eabi/9.3.1/../../../../arm-none-eabi/lib/thumb/v7e-m+fp/hard\libc_nano.a(lib_a-stdio.o)
                0x0000000008010082                __sseek
 .text.__sclose
                0x00000000080100a6        0x8 d:/st/stm32cubeide_1.7.0/stm32cubeide/plugins/com.st.stm32cube.ide.mcu.externaltools.gnu-tools-for-stm32.9-2020-q2-update.win32_2.0.0.202105311346/tools/bin/../lib/gcc/arm-none-eabi/9.3.1/../../../../arm-none-eabi/lib/thumb/v7e-m+fp/hard\libc_nano.a(lib_a-stdio.o)
                0x00000000080100a6                __sclose
 *fill*         0x00000000080100ae        0x2 
 .text._write_r
                0x00000000080100b0       0x24 d:/st/stm32cubeide_1.7.0/stm32cubeide/plugins/com.st.stm32cube.ide.mcu.externaltools.gnu-tools-for-stm32.9-2020-q2-update.win32_2.0.0.202105311346/tools/bin/../lib/gcc/arm-none-eabi/9.3.1/../../../../arm-none-eabi/lib/thumb/v7e-m+fp/hard\libc_nano.a(lib_a-writer.o)
                0x00000000080100b0                _write_r
 .text._close_r
                0x00000000080100d4       0x20 d:/st/stm32cubeide_1.7.0/stm32cubeide/plugins/com.st.stm32cube.ide.mcu.externaltools.gnu-tools-for-stm32.9-2020-q2-update.win32_2.0.0.202105311346/tools/bin/../lib/gcc/arm-none-eabi/9.3.1/../../../../arm-none-eabi/lib/thumb/v7e-m+fp/hard\libc_nano.a(lib_a-closer.o)
                0x00000000080100d4                _close_r
 .text._fstat_r
                0x00000000080100f4       0x24 d:/st/stm32cubeide_1.7.0/stm32cubeide/plugins/com.st.stm32cube.ide.mcu.externaltools.gnu-tools-for-stm32.9-2020-q2-update.win32_2.0.0.202105311346/tools/bin/../lib/gcc/arm-none-eabi/9.3.1/../../../../arm-none-eabi/lib/thumb/v7e-m+fp/hard\libc_nano.a(lib_a-fstatr.o)
                0x00000000080100f4                _fstat_r
 .text._isatty_r
                0x0000000008010118       0x20 d:/st/stm32cubeide_1.7.0/stm32cubeide/plugins/com.st.stm32cube.ide.mcu.externaltools.gnu-tools-for-stm32.9-2020-q2-update.win32_2.0.0.202105311346/tools/bin/../lib/gcc/arm-none-eabi/9.3.1/../../../../arm-none-eabi/lib/thumb/v7e-m+fp/hard\libc_nano.a(lib_a-isattyr.o)
                0x0000000008010118                _isatty_r
 .text._lseek_r
                0x0000000008010138       0x24 d:/st/stm32cubeide_1.7.0/stm32cubeide/plugins/com.st.stm32cube.ide.mcu.externaltools.gnu-tools-for-stm32.9-2020-q2-update.win32_2.0.0.202105311346/tools/bin/../lib/gcc/arm-none-eabi/9.3.1/../../../../arm-none-eabi/lib/thumb/v7e-m+fp/hard\libc_nano.a(lib_a-lseekr.o)
                0x0000000008010138                _lseek_r
 .text.memmove  0x000000000801015c       0x34 d:/st/stm32cubeide_1.7.0/stm32cubeide/plugins/com.st.stm32cube.ide.mcu.externaltools.gnu-tools-for-stm32.9-2020-q2-update.win32_2.0.0.202105311346/tools/bin/../lib/gcc/arm-none-eabi/9.3.1/../../../../arm-none-eabi/lib/thumb/v7e-m+fp/hard\libc_nano.a(lib_a-memmove.o)
                0x000000000801015c                memmove
 .text._realloc_r
                0x0000000008010190       0x4c d:/st/stm32cubeide_1.7.0/stm32cubeide/plugins/com.st.stm32cube.ide.mcu.externaltools.gnu-tools-for-stm32.9-2020-q2-update.win32_2.0.0.202105311346/tools/bin/../lib/gcc/arm-none-eabi/9.3.1/../../../../arm-none-eabi/lib/thumb/v7e-m+fp/hard\libc_nano.a(lib_a-nano-reallocr.o)
                0x0000000008010190                _realloc_r
 .text._read_r  0x00000000080101dc       0x24 d:/st/stm32cubeide_1.7.0/stm32cubeide/plugins/com.st.stm32cube.ide.mcu.externaltools.gnu-tools-for-stm32.9-2020-q2-update.win32_2.0.0.202105311346/tools/bin/../lib/gcc/arm-none-eabi/9.3.1/../../../../arm-none-eabi/lib/thumb/v7e-m+fp/hard\libc_nano.a(lib_a-readr.o)
                0x00000000080101dc                _read_r
 .text._malloc_usable_size_r
                0x0000000008010200       0x10 d:/st/stm32cubeide_1.7.0/stm32cubeide/plugins/com.st.stm32cube.ide.mcu.externaltools.gnu-tools-for-stm32.9-2020-q2-update.win32_2.0.0.202105311346/tools/bin/../lib/gcc/arm-none-eabi/9.3.1/../../../../arm-none-eabi/lib/thumb/v7e-m+fp/hard\libc_nano.a(lib_a-nano-msizer.o)
                0x0000000008010200                _malloc_usable_size_r
 *(.glue_7)
 .glue_7        0x0000000008010210        0x0 linker stubs
 *(.glue_7t)
 .glue_7t       0x0000000008010210        0x0 linker stubs
 *(.eh_frame)
 .eh_frame      0x0000000008010210        0x0 d:/st/stm32cubeide_1.7.0/stm32cubeide/plugins/com.st.stm32cube.ide.mcu.externaltools.gnu-tools-for-stm32.9-2020-q2-update.win32_2.0.0.202105311346/tools/bin/../lib/gcc/arm-none-eabi/9.3.1/thumb/v7e-m+fp/hard/crtbegin.o
 *(.init)
 .init          0x0000000008010210        0x4 d:/st/stm32cubeide_1.7.0/stm32cubeide/plugins/com.st.stm32cube.ide.mcu.externaltools.gnu-tools-for-stm32.9-2020-q2-update.win32_2.0.0.202105311346/tools/bin/../lib/gcc/arm-none-eabi/9.3.1/thumb/v7e-m+fp/hard/crti.o
                0x0000000008010210                _init
 .init          0x0000000008010214        0x8 d:/st/stm32cubeide_1.7.0/stm32cubeide/plugins/com.st.stm32cube.ide.mcu.externaltools.gnu-tools-for-stm32.9-2020-q2-update.win32_2.0.0.202105311346/tools/bin/../lib/gcc/arm-none-eabi/9.3.1/thumb/v7e-m+fp/hard/crtn.o
 *(.fini)
 .fini          0x000000000801021c        0x4 d:/st/stm32cubeide_1.7.0/stm32cubeide/plugins/com.st.stm32cube.ide.mcu.externaltools.gnu-tools-for-stm32.9-2020-q2-update.win32_2.0.0.202105311346/tools/bin/../lib/gcc/arm-none-eabi/9.3.1/thumb/v7e-m+fp/hard/crti.o
                0x000000000801021c                _fini
 .fini          0x0000000008010220        0x8 d:/st/stm32cubeide_1.7.0/stm32cubeide/plugins/com.st.stm32cube.ide.mcu.externaltools.gnu-tools-for-stm32.9-2020-q2-update.win32_2.0.0.202105311346/tools/bin/../lib/gcc/arm-none-eabi/9.3.1/thumb/v7e-m+fp/hard/crtn.o
                0x0000000008010228                . = ALIGN (0x4)
                0x0000000008010228                _etext = .

.vfp11_veneer   0x0000000008010228        0x0
 .vfp11_veneer  0x0000000008010228        0x0 linker stubs

.v4_bx          0x0000000008010228        0x0
 .v4_bx         0x0000000008010228        0x0 linker stubs

.iplt           0x0000000008010228        0x0
 .iplt          0x0000000008010228        0x0 d:/st/stm32cubeide_1.7.0/stm32cubeide/plugins/com.st.stm32cube.ide.mcu.externaltools.gnu-tools-for-stm32.9-2020-q2-update.win32_2.0.0.202105311346/tools/bin/../lib/gcc/arm-none-eabi/9.3.1/thumb/v7e-m+fp/hard/crtbegin.o

.rodata         0x0000000008010228      0x998
                0x0000000008010228                . = ALIGN (0x4)
 *(.rodata)
 .rodata        0x0000000008010228       0x5b ./Core/Src/main.o
 *fill*         0x0000000008010283        0x1 
 .rodata        0x0000000008010284       0x3d ./FATFS/Target/usbh_diskio.o
 *fill*         0x00000000080102c1        0x3 
 .rodata        0x00000000080102c4      0x194 ./Middlewares/ST/STM32_USB_Host_Library/Class/MSC/Src/usbh_msc.o
 .rodata        0x0000000008010458      0x434 ./Middlewares/ST/STM32_USB_Host_Library/Core/Src/usbh_core.o
 .rodata        0x000000000801088c       0x2d ./Middlewares/ST/STM32_USB_Host_Library/Core/Src/usbh_ctlreq.o
 *fill*         0x00000000080108b9        0x3 
 .rodata        0x00000000080108bc       0x44 ./Middlewares/Third_Party/FatFs/src/ff.o
 *(.rodata*)
 .rodata.ov2640_uxga_init_reg_tbl
                0x0000000008010900      0x164 ./Core/Src/ov2640.o
                0x0000000008010900                ov2640_uxga_init_reg_tbl
 .rodata.ov2640_rgb565_reg_tbl
                0x0000000008010a64        0xe ./Core/Src/ov2640.o
                0x0000000008010a64                ov2640_rgb565_reg_tbl
 *fill*         0x0000000008010a72        0x2 
 .rodata.AHBPrescTable
                0x0000000008010a74       0x10 ./Core/Src/system_stm32f4xx.o
                0x0000000008010a74                AHBPrescTable
 .rodata.APBPrescTable
                0x0000000008010a84        0x8 ./Core/Src/system_stm32f4xx.o
                0x0000000008010a84                APBPrescTable
 .rodata.flagBitshiftOffset.8357
                0x0000000008010a8c        0x8 ./Drivers/STM32F4xx_HAL_Driver/Src/stm32f4xx_hal_dma.o
 .rodata.USBH_Driver
                0x0000000008010a94       0x14 ./FATFS/Target/usbh_diskio.o
                0x0000000008010a94                USBH_Driver
 .rodata.ExCvt  0x0000000008010aa8       0x80 ./Middlewares/Third_Party/FatFs/src/ff.o
 .rodata._global_impure_ptr
                0x0000000008010b28        0x4 d:/st/stm32cubeide_1.7.0/stm32cubeide/plugins/com.st.stm32cube.ide.mcu.externaltools.gnu-tools-for-stm32.9-2020-q2-update.win32_2.0.0.202105311346/tools/bin/../lib/gcc/arm-none-eabi/9.3.1/../../../../arm-none-eabi/lib/thumb/v7e-m+fp/hard\libc_nano.a(lib_a-impure.o)
                0x0000000008010b28                _global_impure_ptr
 .rodata.__sf_fake_stderr
                0x0000000008010b2c       0x20 d:/st/stm32cubeide_1.7.0/stm32cubeide/plugins/com.st.stm32cube.ide.mcu.externaltools.gnu-tools-for-stm32.9-2020-q2-update.win32_2.0.0.202105311346/tools/bin/../lib/gcc/arm-none-eabi/9.3.1/../../../../arm-none-eabi/lib/thumb/v7e-m+fp/hard\libc_nano.a(lib_a-findfp.o)
                0x0000000008010b2c                __sf_fake_stderr
 .rodata.__sf_fake_stdin
                0x0000000008010b4c       0x20 d:/st/stm32cubeide_1.7.0/stm32cubeide/plugins/com.st.stm32cube.ide.mcu.externaltools.gnu-tools-for-stm32.9-2020-q2-update.win32_2.0.0.202105311346/tools/bin/../lib/gcc/arm-none-eabi/9.3.1/../../../../arm-none-eabi/lib/thumb/v7e-m+fp/hard\libc_nano.a(lib_a-findfp.o)
                0x0000000008010b4c                __sf_fake_stdin
 .rodata.__sf_fake_stdout
                0x0000000008010b6c       0x20 d:/st/stm32cubeide_1.7.0/stm32cubeide/plugins/com.st.stm32cube.ide.mcu.externaltools.gnu-tools-for-stm32.9-2020-q2-update.win32_2.0.0.202105311346/tools/bin/../lib/gcc/arm-none-eabi/9.3.1/../../../../arm-none-eabi/lib/thumb/v7e-m+fp/hard\libc_nano.a(lib_a-findfp.o)
                0x0000000008010b6c                __sf_fake_stdout
 .rodata._svfprintf_r.str1.1