main.c:130:5:Rgb565ConvertBmp	104	static
main.c:187:16:ETX_MSC_ProcessUsbDevice	8328	static
main.c:253:5:main	24	static
main.c:339:6:SystemClock_Config	88	static
main.c:384:13:MX_DCMI_Init	8	static
main.c:417:13:MX_UART4_Init	8	static
main.c:448:13:MX_DMA_Init	16	static
main.c:466:13:MX_GPIO_Init	64	static
main.c:541:13:MX_FSMC_Init	40	static
main.c:596:6:DCMI_DMA_MemInc_En	8	static
main.c:605:6:DCMI_DMA_MemInc_Den	8	static
main.c:613:6:PY_OV2640_RGB565_CONFIG	8	static
main.c:656:6:Error_Handler	4	static,ignoring_inline_asm
