main.c:144:5:Rgb565ConvertBmp	104	static
main.c:207:6:for_delay_us	24	static,ignoring_inline_asm
main.c:218:16:ETX_MSC_ProcessUsbDevice	8328	static
main.c:279:16:ETX_MSC_ProcessUsbDevice2	8336	static
main.c:379:5:main	16	static
main.c:455:6:SystemClock_Config	88	static
main.c:500:13:MX_DCMI_Init	8	static
main.c:536:13:MX_UART4_Init	8	static
main.c:567:13:MX_DMA_Init	16	static
main.c:585:13:MX_GPIO_Init	64	static
main.c:650:13:MX_FSMC_Init	40	static
main.c:705:6:DCMI_DMA_MemInc_En	8	static
main.c:714:6:DCMI_DMA_MemInc_Den	8	static
main.c:722:6:PY_OV2640_RGB565_CONFIG	8	static
main.c:760:6:Error_Handler	4	static,ignoring_inline_asm
