ov2640.c:5:6:SCCB_Start	8	static
ov2640.c:18:6:SCCB_Stop	8	static
ov2640.c:31:6:SCCB_No_Ack	8	static
ov2640.c:46:9:SCCB_WR_Byte	24	static
ov2640.c:74:9:SCCB_RD_Byte	16	static
ov2640.c:93:9:SCCB_WR_Reg	24	static
ov2640.c:108:9:SCCB_RD_Reg	24	static
ov2640.c:133:6:SCCB_SDA_IN	32	static
ov2640.c:144:6:SCCB_SDA_OUT	32	static
ov2640.c:154:6:SCCB_Rst	8	static
ov2640.c:372:6:OV2640_SVGA_Init	8	static
ov2640.c:793:6:OV2640_UXGA_Init	16	static
ov2640.c:815:6:OV2640_RGB565_Mode	16	static
ov2640.c:863:9:OV2640_Init	16	static
ov2640.c:1524:6:OV2640_JPEGConfig	24	static
ov2640.c:1612:6:OV2640_JPEG_Mode	16	static
ov2640.c:1639:6:OV2640_Auto_Exposure	24	static
ov2640.c:1654:6:OV2640_Light_Mode	24	static
ov2640.c:1693:6:OV2640_Color_Saturation	24	static
ov2640.c:1709:6:OV2640_Brightness	16	static
ov2640.c:1724:6:OV2640_Contrast	24	static
ov2640.c:1764:6:OV2640_Special_Effects	24	static
ov2640.c:1808:6:OV2640_Color_Bar	24	static
ov2640.c:1818:6:OV2640_Window_Set	32	static
ov2640.c:1842:9:OV2640_OutSize_Set	24	static
ov2640.c:1862:9:OV2640_ImageWin_Set	32	static
ov2640.c:1887:9:OV2640_ImageSize_Set	24	static
