ov2640.c:5:6:SCCB_Start	8	static
ov2640.c:18:6:SCCB_Stop	8	static
ov2640.c:31:6:SCCB_No_Ack	8	static
ov2640.c:46:9:SCCB_WR_Byte	24	static
ov2640.c:74:9:SCCB_RD_Byte	16	static
ov2640.c:93:9:SCCB_WR_Reg	24	static
ov2640.c:108:9:SCCB_RD_Reg	24	static
ov2640.c:133:6:SCCB_SDA_IN	32	static
ov2640.c:144:6:SCCB_SDA_OUT	32	static
ov2640.c:154:6:SCCB_Rst	8	static
ov2640.c:374:6:OV2640_UXGA_Init	16	static
ov2640.c:396:6:OV2640_RGB565_Mode	16	static
ov2640.c:467:6:OV2640_JPEG_Mode	16	static
ov2640.c:490:6:OV2640_Auto_Exposure	24	static
ov2640.c:505:6:OV2640_Light_Mode	24	static
ov2640.c:544:6:OV2640_Color_Saturation	24	static
ov2640.c:560:6:OV2640_Brightness	16	static
ov2640.c:575:6:OV2640_Contrast	24	static
ov2640.c:615:6:OV2640_Special_Effects	24	static
ov2640.c:659:6:OV2640_Color_Bar	24	static
ov2640.c:669:6:OV2640_Window_Set	32	static
ov2640.c:693:9:OV2640_OutSize_Set	24	static
ov2640.c:713:9:OV2640_ImageWin_Set	32	static
ov2640.c:738:9:OV2640_ImageSize_Set	24	static
